-- The C compiler identification is GNU 13.3.0
-- The CXX compiler identification is GNU 13.3.0
-- Detecting C compiler ABI info
-- Detecting C compiler ABI info - done
-- Check for working C compiler: /usr/bin/cc - skipped
-- Detecting C compile features
-- Detecting C compile features - done
-- Detecting CXX compiler ABI info
-- Detecting CXX compiler ABI info - done
-- Check for working CXX compiler: /usr/bin/c++ - skipped
-- Detecting CXX compile features
-- Detecting CXX compile features - done
-- Found ament_cmake: 2.5.4 (/opt/ros/jazzy/share/ament_cmake/cmake)
-- Found Python3: /usr/bin/python3 (found version "3.12.3") found components: Interpreter 
-- Override CMake install command with custom implementation using symlinks instead of copying resources
-- Found rosidl_default_generators: 1.6.0 (/opt/ros/jazzy/share/rosidl_default_generators/cmake)
-- Using all available rosidl_typesupport_c: rosidl_typesupport_fastrtps_c;rosidl_typesupport_introspection_c
-- Using all available rosidl_typesupport_cpp: rosidl_typesupport_fastrtps_cpp;rosidl_typesupport_introspection_cpp
-- Found rosidl_adapter: 4.6.6 (/opt/ros/jazzy/share/rosidl_adapter/cmake)
-- Found ament_cmake_ros: 0.12.0 (/opt/ros/jazzy/share/ament_cmake_ros/cmake)
-- Using all available rosidl_typesupport_c: rosidl_typesupport_fastrtps_c;rosidl_typesupport_introspection_c
-- Using all available rosidl_typesupport_cpp: rosidl_typesupport_fastrtps_cpp;rosidl_typesupport_introspection_cpp
-- Found python_cmake_module: 0.11.1 (/opt/ros/jazzy/share/python_cmake_module/cmake)
-- Found PythonExtra: /usr/bin/python3  
-- Found Python3: /usr/bin/python3 (found version "3.12.3") found components: Interpreter Development NumPy Development.Module Development.Embed 
-- Configuring done (2.0s)
-- Generating done (0.0s)
-- Build files have been written to: /home/nameless/Desktop/RoARM_Jazzy_ws/src/roarm_ws_em0_jazzy/build/roarm_moveit
[  1%] [34m[1mGenerating type hashes for ROS interfaces[0m
[  1%] Built target ament_cmake_python_symlink_roarm_moveit
running egg_info
creating roarm_moveit.egg-info
writing roarm_moveit.egg-info/PKG-INFO
writing dependency_links to roarm_moveit.egg-info/dependency_links.txt
writing top-level names to roarm_moveit.egg-info/top_level.txt
writing manifest file 'roarm_moveit.egg-info/SOURCES.txt'
reading manifest file 'roarm_moveit.egg-info/SOURCES.txt'
writing manifest file 'roarm_moveit.egg-info/SOURCES.txt'
[  1%] Built target ament_cmake_python_build_roarm_moveit_egg
[  1%] Built target roarm_moveit__rosidl_generator_type_description
[  3%] [34m[1mGenerating C code for ROS interfaces[0m
[  5%] [34m[1mGenerating C++ code for ROS interfaces[0m
[  5%] Built target roarm_moveit__cpp
[  7%] [32mBuilding C object CMakeFiles/roarm_moveit__rosidl_generator_c.dir/rosidl_generator_c/roarm_moveit/srv/detail/get_pose_cmd__description.c.o[0m
[  9%] [32mBuilding C object CMakeFiles/roarm_moveit__rosidl_generator_c.dir/rosidl_generator_c/roarm_moveit/srv/detail/get_pose_cmd__functions.c.o[0m
[ 11%] [32mBuilding C object CMakeFiles/roarm_moveit__rosidl_generator_c.dir/rosidl_generator_c/roarm_moveit/srv/detail/get_pose_cmd__type_support.c.o[0m
[ 12%] [32mBuilding C object CMakeFiles/roarm_moveit__rosidl_generator_c.dir/rosidl_generator_c/roarm_moveit/srv/detail/move_point_cmd__description.c.o[0m
[ 14%] [32mBuilding C object CMakeFiles/roarm_moveit__rosidl_generator_c.dir/rosidl_generator_c/roarm_moveit/srv/detail/move_point_cmd__functions.c.o[0m
[ 16%] [32mBuilding C object CMakeFiles/roarm_moveit__rosidl_generator_c.dir/rosidl_generator_c/roarm_moveit/srv/detail/move_point_cmd__type_support.c.o[0m
[ 18%] [32mBuilding C object CMakeFiles/roarm_moveit__rosidl_generator_c.dir/rosidl_generator_c/roarm_moveit/srv/detail/move_circle_cmd__description.c.o[0m
[ 20%] [32mBuilding C object CMakeFiles/roarm_moveit__rosidl_generator_c.dir/rosidl_generator_c/roarm_moveit/srv/detail/move_circle_cmd__functions.c.o[0m
[ 22%] [32mBuilding C object CMakeFiles/roarm_moveit__rosidl_generator_c.dir/rosidl_generator_c/roarm_moveit/srv/detail/move_circle_cmd__type_support.c.o[0m
[ 24%] [32m[1mLinking C shared library libroarm_moveit__rosidl_generator_c.so[0m
[ 24%] Built target roarm_moveit__rosidl_generator_c
[ 25%] [34m[1mGenerating C++ type support dispatch for ROS interfaces[0m
[ 35%] [34m[1mGenerating C++ type support for eProsima Fast-RTPS[0m
[ 35%] [34m[1mGenerating C type support for eProsima Fast-RTPS[0m
[ 35%] [34m[1mGenerating C introspection for ROS interfaces[0m
[ 35%] [34m[1mGenerating C type support dispatch for ROS interfaces[0m
[ 35%] [34m[1mGenerating C++ introspection for ROS interfaces[0m
[ 37%] [32mBuilding CXX object CMakeFiles/roarm_moveit__rosidl_typesupport_c.dir/rosidl_typesupport_c/roarm_moveit/srv/get_pose_cmd__type_support.cpp.o[0m
[ 38%] [32mBuilding CXX object CMakeFiles/roarm_moveit__rosidl_typesupport_c.dir/rosidl_typesupport_c/roarm_moveit/srv/move_point_cmd__type_support.cpp.o[0m
[ 40%] [32mBuilding CXX object CMakeFiles/roarm_moveit__rosidl_typesupport_c.dir/rosidl_typesupport_c/roarm_moveit/srv/move_circle_cmd__type_support.cpp.o[0m
[ 42%] [32mBuilding CXX object CMakeFiles/roarm_moveit__rosidl_typesupport_cpp.dir/rosidl_typesupport_cpp/roarm_moveit/srv/move_point_cmd__type_support.cpp.o[0m
[ 44%] [32mBuilding CXX object CMakeFiles/roarm_moveit__rosidl_typesupport_cpp.dir/rosidl_typesupport_cpp/roarm_moveit/srv/move_circle_cmd__type_support.cpp.o[0m
[ 46%] [32mBuilding CXX object CMakeFiles/roarm_moveit__rosidl_typesupport_cpp.dir/rosidl_typesupport_cpp/roarm_moveit/srv/get_pose_cmd__type_support.cpp.o[0m
[ 48%] [32mBuilding CXX object CMakeFiles/roarm_moveit__rosidl_typesupport_introspection_cpp.dir/rosidl_typesupport_introspection_cpp/roarm_moveit/srv/detail/get_pose_cmd__type_support.cpp.o[0m
[ 50%] [32mBuilding CXX object CMakeFiles/roarm_moveit__rosidl_typesupport_introspection_cpp.dir/rosidl_typesupport_introspection_cpp/roarm_moveit/srv/detail/move_point_cmd__type_support.cpp.o[0m
[ 51%] [32mBuilding CXX object CMakeFiles/roarm_moveit__rosidl_typesupport_introspection_cpp.dir/rosidl_typesupport_introspection_cpp/roarm_moveit/srv/detail/move_circle_cmd__type_support.cpp.o[0m
[ 53%] [32m[1mLinking CXX shared library libroarm_moveit__rosidl_typesupport_c.so[0m
[ 55%] [32mBuilding C object CMakeFiles/roarm_moveit__rosidl_typesupport_introspection_c.dir/rosidl_typesupport_introspection_c/roarm_moveit/srv/detail/get_pose_cmd__type_support.c.o[0m
[ 57%] [32mBuilding C object CMakeFiles/roarm_moveit__rosidl_typesupport_introspection_c.dir/rosidl_typesupport_introspection_c/roarm_moveit/srv/detail/move_point_cmd__type_support.c.o[0m
[ 59%] [32mBuilding C object CMakeFiles/roarm_moveit__rosidl_typesupport_introspection_c.dir/rosidl_typesupport_introspection_c/roarm_moveit/srv/detail/move_circle_cmd__type_support.c.o[0m
[ 59%] Built target roarm_moveit__rosidl_typesupport_c
[ 61%] [32mBuilding CXX object CMakeFiles/roarm_moveit__rosidl_typesupport_fastrtps_cpp.dir/rosidl_typesupport_fastrtps_cpp/roarm_moveit/srv/detail/dds_fastrtps/get_pose_cmd__type_support.cpp.o[0m
[ 64%] [32m[1mLinking C shared library libroarm_moveit__rosidl_typesupport_introspection_c.so[0m
[ 64%] [32mBuilding CXX object CMakeFiles/roarm_moveit__rosidl_typesupport_fastrtps_cpp.dir/rosidl_typesupport_fastrtps_cpp/roarm_moveit/srv/detail/dds_fastrtps/move_point_cmd__type_support.cpp.o[0m
[ 66%] [32mBuilding CXX object CMakeFiles/roarm_moveit__rosidl_typesupport_fastrtps_cpp.dir/rosidl_typesupport_fastrtps_cpp/roarm_moveit/srv/detail/dds_fastrtps/move_circle_cmd__type_support.cpp.o[0m
[ 68%] [32mBuilding CXX object CMakeFiles/roarm_moveit__rosidl_typesupport_fastrtps_c.dir/rosidl_typesupport_fastrtps_c/roarm_moveit/srv/detail/get_pose_cmd__type_support_c.cpp.o[0m
[ 70%] [32mBuilding CXX object CMakeFiles/roarm_moveit__rosidl_typesupport_fastrtps_c.dir/rosidl_typesupport_fastrtps_c/roarm_moveit/srv/detail/move_point_cmd__type_support_c.cpp.o[0m
[ 72%] [32mBuilding CXX object CMakeFiles/roarm_moveit__rosidl_typesupport_fastrtps_c.dir/rosidl_typesupport_fastrtps_c/roarm_moveit/srv/detail/move_circle_cmd__type_support_c.cpp.o[0m
[ 72%] Built target roarm_moveit__rosidl_typesupport_introspection_c
[ 74%] [32m[1mLinking CXX shared library libroarm_moveit__rosidl_typesupport_cpp.so[0m
[ 74%] Built target roarm_moveit__rosidl_typesupport_cpp
[ 75%] [32m[1mLinking CXX shared library libroarm_moveit__rosidl_typesupport_introspection_cpp.so[0m
[ 75%] Built target roarm_moveit__rosidl_typesupport_introspection_cpp
[ 77%] [32m[1mLinking CXX shared library libroarm_moveit__rosidl_typesupport_fastrtps_cpp.so[0m
[ 79%] [32m[1mLinking CXX shared library libroarm_moveit__rosidl_typesupport_fastrtps_c.so[0m
[ 79%] Built target roarm_moveit__rosidl_typesupport_fastrtps_cpp
[ 79%] Built target roarm_moveit__rosidl_typesupport_fastrtps_c
[ 79%] Built target roarm_moveit
[ 81%] [34m[1mGenerating Python code for ROS interfaces[0m
[ 81%] Built target roarm_moveit__py
[ 83%] [32mBuilding C object CMakeFiles/roarm_moveit__rosidl_generator_py.dir/rosidl_generator_py/roarm_moveit/srv/_move_circle_cmd_s.c.o[0m
[ 85%] [32mBuilding C object CMakeFiles/roarm_moveit__rosidl_generator_py.dir/rosidl_generator_py/roarm_moveit/srv/_move_point_cmd_s.c.o[0m
[ 87%] [32mBuilding C object CMakeFiles/roarm_moveit__rosidl_generator_py.dir/rosidl_generator_py/roarm_moveit/srv/_get_pose_cmd_s.c.o[0m
[ 88%] [32m[1mLinking C shared library libroarm_moveit__rosidl_generator_py.so[0m
[ 88%] Built target roarm_moveit__rosidl_generator_py
[ 90%] [32mBuilding C object CMakeFiles/roarm_moveit_s__rosidl_typesupport_fastrtps_c.dir/rosidl_generator_py/roarm_moveit/_roarm_moveit_s.ep.rosidl_typesupport_fastrtps_c.c.o[0m
[ 92%] [32mBuilding C object CMakeFiles/roarm_moveit_s__rosidl_typesupport_c.dir/rosidl_generator_py/roarm_moveit/_roarm_moveit_s.ep.rosidl_typesupport_c.c.o[0m
[ 94%] [32mBuilding C object CMakeFiles/roarm_moveit_s__rosidl_typesupport_introspection_c.dir/rosidl_generator_py/roarm_moveit/_roarm_moveit_s.ep.rosidl_typesupport_introspection_c.c.o[0m
[ 96%] [32m[1mLinking C shared module rosidl_generator_py/roarm_moveit/roarm_moveit_s__rosidl_typesupport_fastrtps_c.so[0m
[ 98%] [32m[1mLinking C shared module rosidl_generator_py/roarm_moveit/roarm_moveit_s__rosidl_typesupport_introspection_c.so[0m
[100%] [32m[1mLinking C shared module rosidl_generator_py/roarm_moveit/roarm_moveit_s__rosidl_typesupport_c.so[0m
[100%] Built target roarm_moveit_s__rosidl_typesupport_c
[100%] Built target roarm_moveit_s__rosidl_typesupport_fastrtps_c
[100%] Built target roarm_moveit_s__rosidl_typesupport_introspection_c
-- Install configuration: ""
-- Execute custom install script
-- Symlinking: /home/nameless/Desktop/RoARM_Jazzy_ws/src/roarm_ws_em0_jazzy/install/roarm_moveit/share/ament_index/resource_index/rosidl_interfaces/roarm_moveit
-- Symlinking: /home/nameless/Desktop/RoARM_Jazzy_ws/src/roarm_ws_em0_jazzy/install/roarm_moveit/share/roarm_moveit/srv/GetPoseCmd.json
-- Symlinking: /home/nameless/Desktop/RoARM_Jazzy_ws/src/roarm_ws_em0_jazzy/install/roarm_moveit/share/roarm_moveit/srv/MovePointCmd.json
-- Symlinking: /home/nameless/Desktop/RoARM_Jazzy_ws/src/roarm_ws_em0_jazzy/install/roarm_moveit/share/roarm_moveit/srv/MoveCircleCmd.json
-- Symlinking: /home/nameless/Desktop/RoARM_Jazzy_ws/src/roarm_ws_em0_jazzy/install/roarm_moveit/include/roarm_moveit/roarm_moveit/msg/rosidl_generator_c__visibility_control.h
-- Symlinking: /home/nameless/Desktop/RoARM_Jazzy_ws/src/roarm_ws_em0_jazzy/install/roarm_moveit/include/roarm_moveit/roarm_moveit/srv/detail/get_pose_cmd__functions.h
-- Symlinking: /home/nameless/Desktop/RoARM_Jazzy_ws/src/roarm_ws_em0_jazzy/install/roarm_moveit/include/roarm_moveit/roarm_moveit/srv/detail/get_pose_cmd__struct.h
-- Symlinking: /home/nameless/Desktop/RoARM_Jazzy_ws/src/roarm_ws_em0_jazzy/install/roarm_moveit/include/roarm_moveit/roarm_moveit/srv/detail/get_pose_cmd__type_support.h
-- Symlinking: /home/nameless/Desktop/RoARM_Jazzy_ws/src/roarm_ws_em0_jazzy/install/roarm_moveit/include/roarm_moveit/roarm_moveit/srv/detail/move_circle_cmd__functions.h
-- Symlinking: /home/nameless/Desktop/RoARM_Jazzy_ws/src/roarm_ws_em0_jazzy/install/roarm_moveit/include/roarm_moveit/roarm_moveit/srv/detail/move_circle_cmd__struct.h
-- Symlinking: /home/nameless/Desktop/RoARM_Jazzy_ws/src/roarm_ws_em0_jazzy/install/roarm_moveit/include/roarm_moveit/roarm_moveit/srv/detail/move_circle_cmd__type_support.h
-- Symlinking: /home/nameless/Desktop/RoARM_Jazzy_ws/src/roarm_ws_em0_jazzy/install/roarm_moveit/include/roarm_moveit/roarm_moveit/srv/detail/move_point_cmd__functions.h
-- Symlinking: /home/nameless/Desktop/RoARM_Jazzy_ws/src/roarm_ws_em0_jazzy/install/roarm_moveit/include/roarm_moveit/roarm_moveit/srv/detail/move_point_cmd__struct.h
-- Symlinking: /home/nameless/Desktop/RoARM_Jazzy_ws/src/roarm_ws_em0_jazzy/install/roarm_moveit/include/roarm_moveit/roarm_moveit/srv/detail/move_point_cmd__type_support.h
-- Symlinking: /home/nameless/Desktop/RoARM_Jazzy_ws/src/roarm_ws_em0_jazzy/install/roarm_moveit/include/roarm_moveit/roarm_moveit/srv/get_pose_cmd.h
-- Symlinking: /home/nameless/Desktop/RoARM_Jazzy_ws/src/roarm_ws_em0_jazzy/install/roarm_moveit/include/roarm_moveit/roarm_moveit/srv/move_circle_cmd.h
-- Symlinking: /home/nameless/Desktop/RoARM_Jazzy_ws/src/roarm_ws_em0_jazzy/install/roarm_moveit/include/roarm_moveit/roarm_moveit/srv/move_point_cmd.h
-- Symlinking: /home/nameless/Desktop/RoARM_Jazzy_ws/src/roarm_ws_em0_jazzy/install/roarm_moveit/share/roarm_moveit/environment/library_path.sh
-- Symlinking: /home/nameless/Desktop/RoARM_Jazzy_ws/src/roarm_ws_em0_jazzy/install/roarm_moveit/share/roarm_moveit/environment/library_path.dsv
-- Symlinking: /home/nameless/Desktop/RoARM_Jazzy_ws/src/roarm_ws_em0_jazzy/install/roarm_moveit/include/roarm_moveit/roarm_moveit/msg/rosidl_typesupport_fastrtps_c__visibility_control.h
-- Symlinking: /home/nameless/Desktop/RoARM_Jazzy_ws/src/roarm_ws_em0_jazzy/install/roarm_moveit/include/roarm_moveit/roarm_moveit/srv/detail/get_pose_cmd__rosidl_typesupport_fastrtps_c.h
-- Symlinking: /home/nameless/Desktop/RoARM_Jazzy_ws/src/roarm_ws_em0_jazzy/install/roarm_moveit/include/roarm_moveit/roarm_moveit/srv/detail/move_circle_cmd__rosidl_typesupport_fastrtps_c.h
-- Symlinking: /home/nameless/Desktop/RoARM_Jazzy_ws/src/roarm_ws_em0_jazzy/install/roarm_moveit/include/roarm_moveit/roarm_moveit/srv/detail/move_point_cmd__rosidl_typesupport_fastrtps_c.h
-- Symlinking: /home/nameless/Desktop/RoARM_Jazzy_ws/src/roarm_ws_em0_jazzy/install/roarm_moveit/include/roarm_moveit/roarm_moveit/msg/rosidl_typesupport_introspection_c__visibility_control.h
-- Symlinking: /home/nameless/Desktop/RoARM_Jazzy_ws/src/roarm_ws_em0_jazzy/install/roarm_moveit/include/roarm_moveit/roarm_moveit/srv/detail/get_pose_cmd__rosidl_typesupport_introspection_c.h
-- Symlinking: /home/nameless/Desktop/RoARM_Jazzy_ws/src/roarm_ws_em0_jazzy/install/roarm_moveit/include/roarm_moveit/roarm_moveit/srv/detail/move_circle_cmd__rosidl_typesupport_introspection_c.h
-- Symlinking: /home/nameless/Desktop/RoARM_Jazzy_ws/src/roarm_ws_em0_jazzy/install/roarm_moveit/include/roarm_moveit/roarm_moveit/srv/detail/move_point_cmd__rosidl_typesupport_introspection_c.h
-- Symlinking: /home/nameless/Desktop/RoARM_Jazzy_ws/src/roarm_ws_em0_jazzy/install/roarm_moveit/include/roarm_moveit/roarm_moveit/msg/rosidl_generator_cpp__visibility_control.hpp
-- Symlinking: /home/nameless/Desktop/RoARM_Jazzy_ws/src/roarm_ws_em0_jazzy/install/roarm_moveit/include/roarm_moveit/roarm_moveit/srv/detail/get_pose_cmd__builder.hpp
-- Symlinking: /home/nameless/Desktop/RoARM_Jazzy_ws/src/roarm_ws_em0_jazzy/install/roarm_moveit/include/roarm_moveit/roarm_moveit/srv/detail/get_pose_cmd__struct.hpp
-- Symlinking: /home/nameless/Desktop/RoARM_Jazzy_ws/src/roarm_ws_em0_jazzy/install/roarm_moveit/include/roarm_moveit/roarm_moveit/srv/detail/get_pose_cmd__traits.hpp
-- Symlinking: /home/nameless/Desktop/RoARM_Jazzy_ws/src/roarm_ws_em0_jazzy/install/roarm_moveit/include/roarm_moveit/roarm_moveit/srv/detail/get_pose_cmd__type_support.hpp
-- Symlinking: /home/nameless/Desktop/RoARM_Jazzy_ws/src/roarm_ws_em0_jazzy/install/roarm_moveit/include/roarm_moveit/roarm_moveit/srv/detail/move_circle_cmd__builder.hpp
-- Symlinking: /home/nameless/Desktop/RoARM_Jazzy_ws/src/roarm_ws_em0_jazzy/install/roarm_moveit/include/roarm_moveit/roarm_moveit/srv/detail/move_circle_cmd__struct.hpp
-- Symlinking: /home/nameless/Desktop/RoARM_Jazzy_ws/src/roarm_ws_em0_jazzy/install/roarm_moveit/include/roarm_moveit/roarm_moveit/srv/detail/move_circle_cmd__traits.hpp
-- Symlinking: /home/nameless/Desktop/RoARM_Jazzy_ws/src/roarm_ws_em0_jazzy/install/roarm_moveit/include/roarm_moveit/roarm_moveit/srv/detail/move_circle_cmd__type_support.hpp
-- Symlinking: /home/nameless/Desktop/RoARM_Jazzy_ws/src/roarm_ws_em0_jazzy/install/roarm_moveit/include/roarm_moveit/roarm_moveit/srv/detail/move_point_cmd__builder.hpp
-- Symlinking: /home/nameless/Desktop/RoARM_Jazzy_ws/src/roarm_ws_em0_jazzy/install/roarm_moveit/include/roarm_moveit/roarm_moveit/srv/detail/move_point_cmd__struct.hpp
-- Symlinking: /home/nameless/Desktop/RoARM_Jazzy_ws/src/roarm_ws_em0_jazzy/install/roarm_moveit/include/roarm_moveit/roarm_moveit/srv/detail/move_point_cmd__traits.hpp
-- Symlinking: /home/nameless/Desktop/RoARM_Jazzy_ws/src/roarm_ws_em0_jazzy/install/roarm_moveit/include/roarm_moveit/roarm_moveit/srv/detail/move_point_cmd__type_support.hpp
-- Symlinking: /home/nameless/Desktop/RoARM_Jazzy_ws/src/roarm_ws_em0_jazzy/install/roarm_moveit/include/roarm_moveit/roarm_moveit/srv/get_pose_cmd.hpp
-- Symlinking: /home/nameless/Desktop/RoARM_Jazzy_ws/src/roarm_ws_em0_jazzy/install/roarm_moveit/include/roarm_moveit/roarm_moveit/srv/move_circle_cmd.hpp
-- Symlinking: /home/nameless/Desktop/RoARM_Jazzy_ws/src/roarm_ws_em0_jazzy/install/roarm_moveit/include/roarm_moveit/roarm_moveit/srv/move_point_cmd.hpp
-- Symlinking: /home/nameless/Desktop/RoARM_Jazzy_ws/src/roarm_ws_em0_jazzy/install/roarm_moveit/include/roarm_moveit/roarm_moveit/msg/rosidl_typesupport_fastrtps_cpp__visibility_control.h
-- Symlinking: /home/nameless/Desktop/RoARM_Jazzy_ws/src/roarm_ws_em0_jazzy/install/roarm_moveit/include/roarm_moveit/roarm_moveit/srv/detail/get_pose_cmd__rosidl_typesupport_fastrtps_cpp.hpp
-- Symlinking: /home/nameless/Desktop/RoARM_Jazzy_ws/src/roarm_ws_em0_jazzy/install/roarm_moveit/include/roarm_moveit/roarm_moveit/srv/detail/move_circle_cmd__rosidl_typesupport_fastrtps_cpp.hpp
-- Symlinking: /home/nameless/Desktop/RoARM_Jazzy_ws/src/roarm_ws_em0_jazzy/install/roarm_moveit/include/roarm_moveit/roarm_moveit/srv/detail/move_point_cmd__rosidl_typesupport_fastrtps_cpp.hpp
-- Symlinking: /home/nameless/Desktop/RoARM_Jazzy_ws/src/roarm_ws_em0_jazzy/install/roarm_moveit/include/roarm_moveit/roarm_moveit/srv/detail/get_pose_cmd__rosidl_typesupport_introspection_cpp.hpp
-- Symlinking: /home/nameless/Desktop/RoARM_Jazzy_ws/src/roarm_ws_em0_jazzy/install/roarm_moveit/include/roarm_moveit/roarm_moveit/srv/detail/move_circle_cmd__rosidl_typesupport_introspection_cpp.hpp
-- Symlinking: /home/nameless/Desktop/RoARM_Jazzy_ws/src/roarm_ws_em0_jazzy/install/roarm_moveit/include/roarm_moveit/roarm_moveit/srv/detail/move_point_cmd__rosidl_typesupport_introspection_cpp.hpp
-- Symlinking: /home/nameless/Desktop/RoARM_Jazzy_ws/src/roarm_ws_em0_jazzy/install/roarm_moveit/share/roarm_moveit/environment/pythonpath.sh
-- Symlinking: /home/nameless/Desktop/RoARM_Jazzy_ws/src/roarm_ws_em0_jazzy/install/roarm_moveit/share/roarm_moveit/environment/pythonpath.dsv
-- Symlinking: /home/nameless/Desktop/RoARM_Jazzy_ws/src/roarm_ws_em0_jazzy/install/roarm_moveit/lib/python3.12/site-packages/roarm_moveit-0.3.0-py3.12.egg-info/PKG-INFO
-- Symlinking: /home/nameless/Desktop/RoARM_Jazzy_ws/src/roarm_ws_em0_jazzy/install/roarm_moveit/lib/python3.12/site-packages/roarm_moveit-0.3.0-py3.12.egg-info/SOURCES.txt
-- Symlinking: /home/nameless/Desktop/RoARM_Jazzy_ws/src/roarm_ws_em0_jazzy/install/roarm_moveit/lib/python3.12/site-packages/roarm_moveit-0.3.0-py3.12.egg-info/dependency_links.txt
-- Symlinking: /home/nameless/Desktop/RoARM_Jazzy_ws/src/roarm_ws_em0_jazzy/install/roarm_moveit/lib/python3.12/site-packages/roarm_moveit-0.3.0-py3.12.egg-info/top_level.txt
-- Symlinking: /home/nameless/Desktop/RoARM_Jazzy_ws/src/roarm_ws_em0_jazzy/install/roarm_moveit/lib/python3.12/site-packages/roarm_moveit/__init__.py
-- Symlinking: /home/nameless/Desktop/RoARM_Jazzy_ws/src/roarm_ws_em0_jazzy/install/roarm_moveit/lib/python3.12/site-packages/roarm_moveit/_roarm_moveit_s.ep.rosidl_typesupport_c.c
-- Symlinking: /home/nameless/Desktop/RoARM_Jazzy_ws/src/roarm_ws_em0_jazzy/install/roarm_moveit/lib/python3.12/site-packages/roarm_moveit/_roarm_moveit_s.ep.rosidl_typesupport_fastrtps_c.c
-- Symlinking: /home/nameless/Desktop/RoARM_Jazzy_ws/src/roarm_ws_em0_jazzy/install/roarm_moveit/lib/python3.12/site-packages/roarm_moveit/_roarm_moveit_s.ep.rosidl_typesupport_introspection_c.c
-- Symlinking: /home/nameless/Desktop/RoARM_Jazzy_ws/src/roarm_ws_em0_jazzy/install/roarm_moveit/lib/python3.12/site-packages/roarm_moveit/roarm_moveit_s__rosidl_typesupport_c.so
-- Symlinking: /home/nameless/Desktop/RoARM_Jazzy_ws/src/roarm_ws_em0_jazzy/install/roarm_moveit/lib/python3.12/site-packages/roarm_moveit/roarm_moveit_s__rosidl_typesupport_fastrtps_c.so
-- Symlinking: /home/nameless/Desktop/RoARM_Jazzy_ws/src/roarm_ws_em0_jazzy/install/roarm_moveit/lib/python3.12/site-packages/roarm_moveit/roarm_moveit_s__rosidl_typesupport_introspection_c.so
-- Symlinking: /home/nameless/Desktop/RoARM_Jazzy_ws/src/roarm_ws_em0_jazzy/install/roarm_moveit/lib/python3.12/site-packages/roarm_moveit/srv/__init__.py
-- Symlinking: /home/nameless/Desktop/RoARM_Jazzy_ws/src/roarm_ws_em0_jazzy/install/roarm_moveit/lib/python3.12/site-packages/roarm_moveit/srv/_get_pose_cmd.py
-- Symlinking: /home/nameless/Desktop/RoARM_Jazzy_ws/src/roarm_ws_em0_jazzy/install/roarm_moveit/lib/python3.12/site-packages/roarm_moveit/srv/_get_pose_cmd_s.c
-- Symlinking: /home/nameless/Desktop/RoARM_Jazzy_ws/src/roarm_ws_em0_jazzy/install/roarm_moveit/lib/python3.12/site-packages/roarm_moveit/srv/_move_circle_cmd.py
-- Symlinking: /home/nameless/Desktop/RoARM_Jazzy_ws/src/roarm_ws_em0_jazzy/install/roarm_moveit/lib/python3.12/site-packages/roarm_moveit/srv/_move_circle_cmd_s.c
-- Symlinking: /home/nameless/Desktop/RoARM_Jazzy_ws/src/roarm_ws_em0_jazzy/install/roarm_moveit/lib/python3.12/site-packages/roarm_moveit/srv/_move_point_cmd.py
-- Symlinking: /home/nameless/Desktop/RoARM_Jazzy_ws/src/roarm_ws_em0_jazzy/install/roarm_moveit/lib/python3.12/site-packages/roarm_moveit/srv/_move_point_cmd_s.c
-- Up-to-date symlink: /home/nameless/Desktop/RoARM_Jazzy_ws/src/roarm_ws_em0_jazzy/install/roarm_moveit/lib/python3.12/site-packages/roarm_moveit/roarm_moveit_s__rosidl_typesupport_fastrtps_c.so
-- Up-to-date symlink: /home/nameless/Desktop/RoARM_Jazzy_ws/src/roarm_ws_em0_jazzy/install/roarm_moveit/lib/python3.12/site-packages/roarm_moveit/roarm_moveit_s__rosidl_typesupport_introspection_c.so
-- Up-to-date symlink: /home/nameless/Desktop/RoARM_Jazzy_ws/src/roarm_ws_em0_jazzy/install/roarm_moveit/lib/python3.12/site-packages/roarm_moveit/roarm_moveit_s__rosidl_typesupport_c.so
-- Symlinking: /home/nameless/Desktop/RoARM_Jazzy_ws/src/roarm_ws_em0_jazzy/install/roarm_moveit/share/roarm_moveit/srv/GetPoseCmd.idl
-- Symlinking: /home/nameless/Desktop/RoARM_Jazzy_ws/src/roarm_ws_em0_jazzy/install/roarm_moveit/share/roarm_moveit/srv/MovePointCmd.idl
-- Symlinking: /home/nameless/Desktop/RoARM_Jazzy_ws/src/roarm_ws_em0_jazzy/install/roarm_moveit/share/roarm_moveit/srv/MoveCircleCmd.idl
-- Symlinking: /home/nameless/Desktop/RoARM_Jazzy_ws/src/roarm_ws_em0_jazzy/install/roarm_moveit/share/roarm_moveit/srv/GetPoseCmd.srv
-- Symlinking: /home/nameless/Desktop/RoARM_Jazzy_ws/src/roarm_ws_em0_jazzy/install/roarm_moveit/share/roarm_moveit/srv/MovePointCmd.srv
-- Symlinking: /home/nameless/Desktop/RoARM_Jazzy_ws/src/roarm_ws_em0_jazzy/install/roarm_moveit/share/roarm_moveit/srv/MoveCircleCmd.srv
-- Symlinking: /home/nameless/Desktop/RoARM_Jazzy_ws/src/roarm_ws_em0_jazzy/install/roarm_moveit/share/ament_index/resource_index/package_run_dependencies/roarm_moveit
-- Symlinking: /home/nameless/Desktop/RoARM_Jazzy_ws/src/roarm_ws_em0_jazzy/install/roarm_moveit/share/ament_index/resource_index/parent_prefix_path/roarm_moveit
-- Symlinking: /home/nameless/Desktop/RoARM_Jazzy_ws/src/roarm_ws_em0_jazzy/install/roarm_moveit/share/roarm_moveit/environment/ament_prefix_path.sh
-- Symlinking: /home/nameless/Desktop/RoARM_Jazzy_ws/src/roarm_ws_em0_jazzy/install/roarm_moveit/share/roarm_moveit/environment/ament_prefix_path.dsv
-- Symlinking: /home/nameless/Desktop/RoARM_Jazzy_ws/src/roarm_ws_em0_jazzy/install/roarm_moveit/share/roarm_moveit/environment/path.sh
-- Symlinking: /home/nameless/Desktop/RoARM_Jazzy_ws/src/roarm_ws_em0_jazzy/install/roarm_moveit/share/roarm_moveit/environment/path.dsv
-- Symlinking: /home/nameless/Desktop/RoARM_Jazzy_ws/src/roarm_ws_em0_jazzy/install/roarm_moveit/share/roarm_moveit/local_setup.bash
-- Symlinking: /home/nameless/Desktop/RoARM_Jazzy_ws/src/roarm_ws_em0_jazzy/install/roarm_moveit/share/roarm_moveit/local_setup.sh
-- Symlinking: /home/nameless/Desktop/RoARM_Jazzy_ws/src/roarm_ws_em0_jazzy/install/roarm_moveit/share/roarm_moveit/local_setup.zsh
-- Symlinking: /home/nameless/Desktop/RoARM_Jazzy_ws/src/roarm_ws_em0_jazzy/install/roarm_moveit/share/roarm_moveit/local_setup.dsv
-- Symlinking: /home/nameless/Desktop/RoARM_Jazzy_ws/src/roarm_ws_em0_jazzy/install/roarm_moveit/share/roarm_moveit/package.dsv
-- Symlinking: /home/nameless/Desktop/RoARM_Jazzy_ws/src/roarm_ws_em0_jazzy/install/roarm_moveit/share/ament_index/resource_index/packages/roarm_moveit
-- Symlinking: /home/nameless/Desktop/RoARM_Jazzy_ws/src/roarm_ws_em0_jazzy/install/roarm_moveit/share/roarm_moveit/cmake/rosidl_cmake-extras.cmake
-- Symlinking: /home/nameless/Desktop/RoARM_Jazzy_ws/src/roarm_ws_em0_jazzy/install/roarm_moveit/share/roarm_moveit/cmake/ament_cmake_export_dependencies-extras.cmake
-- Symlinking: /home/nameless/Desktop/RoARM_Jazzy_ws/src/roarm_ws_em0_jazzy/install/roarm_moveit/share/roarm_moveit/cmake/ament_cmake_export_include_directories-extras.cmake
-- Symlinking: /home/nameless/Desktop/RoARM_Jazzy_ws/src/roarm_ws_em0_jazzy/install/roarm_moveit/share/roarm_moveit/cmake/ament_cmake_export_libraries-extras.cmake
-- Symlinking: /home/nameless/Desktop/RoARM_Jazzy_ws/src/roarm_ws_em0_jazzy/install/roarm_moveit/share/roarm_moveit/cmake/ament_cmake_export_targets-extras.cmake
-- Symlinking: /home/nameless/Desktop/RoARM_Jazzy_ws/src/roarm_ws_em0_jazzy/install/roarm_moveit/share/roarm_moveit/cmake/rosidl_cmake_export_typesupport_targets-extras.cmake
-- Symlinking: /home/nameless/Desktop/RoARM_Jazzy_ws/src/roarm_ws_em0_jazzy/install/roarm_moveit/share/roarm_moveit/cmake/rosidl_cmake_export_typesupport_libraries-extras.cmake
-- Symlinking: /home/nameless/Desktop/RoARM_Jazzy_ws/src/roarm_ws_em0_jazzy/install/roarm_moveit/share/roarm_moveit/cmake/roarm_moveitConfig.cmake
-- Symlinking: /home/nameless/Desktop/RoARM_Jazzy_ws/src/roarm_ws_em0_jazzy/install/roarm_moveit/share/roarm_moveit/cmake/roarm_moveitConfig-version.cmake
-- Symlinking: /home/nameless/Desktop/RoARM_Jazzy_ws/src/roarm_ws_em0_jazzy/install/roarm_moveit/share/roarm_moveit/package.xml
-- Symlinking: /home/nameless/Desktop/RoARM_Jazzy_ws/src/roarm_ws_em0_jazzy/install/roarm_moveit/share/roarm_moveit/launch/command_control_moveit_rviz.launch.py
-- Symlinking: /home/nameless/Desktop/RoARM_Jazzy_ws/src/roarm_ws_em0_jazzy/install/roarm_moveit/share/roarm_moveit/launch/demo.launch.py
-- Symlinking: /home/nameless/Desktop/RoARM_Jazzy_ws/src/roarm_ws_em0_jazzy/install/roarm_moveit/share/roarm_moveit/launch/interact.launch.py
-- Symlinking: /home/nameless/Desktop/RoARM_Jazzy_ws/src/roarm_ws_em0_jazzy/install/roarm_moveit/share/roarm_moveit/launch/interact_moveit_rviz.launch.py
-- Symlinking: /home/nameless/Desktop/RoARM_Jazzy_ws/src/roarm_ws_em0_jazzy/install/roarm_moveit/share/roarm_moveit/launch/move_group.launch.py
-- Symlinking: /home/nameless/Desktop/RoARM_Jazzy_ws/src/roarm_ws_em0_jazzy/install/roarm_moveit/share/roarm_moveit/launch/moveit_rviz.launch.py
-- Symlinking: /home/nameless/Desktop/RoARM_Jazzy_ws/src/roarm_ws_em0_jazzy/install/roarm_moveit/share/roarm_moveit/launch/rsp.launch.py
-- Symlinking: /home/nameless/Desktop/RoARM_Jazzy_ws/src/roarm_ws_em0_jazzy/install/roarm_moveit/share/roarm_moveit/launch/setup_assistant.launch.py
-- Symlinking: /home/nameless/Desktop/RoARM_Jazzy_ws/src/roarm_ws_em0_jazzy/install/roarm_moveit/share/roarm_moveit/launch/spawn_controllers.launch.py
-- Symlinking: /home/nameless/Desktop/RoARM_Jazzy_ws/src/roarm_ws_em0_jazzy/install/roarm_moveit/share/roarm_moveit/launch/static_virtual_joint_tfs.launch.py
-- Symlinking: /home/nameless/Desktop/RoARM_Jazzy_ws/src/roarm_ws_em0_jazzy/install/roarm_moveit/share/roarm_moveit/launch/warehouse_db.launch.py
-- Symlinking: /home/nameless/Desktop/RoARM_Jazzy_ws/src/roarm_ws_em0_jazzy/install/roarm_moveit/share/roarm_moveit/config/initial_positions.yaml
-- Symlinking: /home/nameless/Desktop/RoARM_Jazzy_ws/src/roarm_ws_em0_jazzy/install/roarm_moveit/share/roarm_moveit/config/interact.rviz
-- Symlinking: /home/nameless/Desktop/RoARM_Jazzy_ws/src/roarm_ws_em0_jazzy/install/roarm_moveit/share/roarm_moveit/config/joint_limits.yaml
-- Symlinking: /home/nameless/Desktop/RoARM_Jazzy_ws/src/roarm_ws_em0_jazzy/install/roarm_moveit/share/roarm_moveit/config/kinematics.yaml
-- Symlinking: /home/nameless/Desktop/RoARM_Jazzy_ws/src/roarm_ws_em0_jazzy/install/roarm_moveit/share/roarm_moveit/config/moveit.rviz
-- Symlinking: /home/nameless/Desktop/RoARM_Jazzy_ws/src/roarm_ws_em0_jazzy/install/roarm_moveit/share/roarm_moveit/config/moveit_controllers.yaml
-- Symlinking: /home/nameless/Desktop/RoARM_Jazzy_ws/src/roarm_ws_em0_jazzy/install/roarm_moveit/share/roarm_moveit/config/pilz_cartesian_limits.yaml
-- Symlinking: /home/nameless/Desktop/RoARM_Jazzy_ws/src/roarm_ws_em0_jazzy/install/roarm_moveit/share/roarm_moveit/config/roarm_description.ros2_control.xacro
-- Symlinking: /home/nameless/Desktop/RoARM_Jazzy_ws/src/roarm_ws_em0_jazzy/install/roarm_moveit/share/roarm_moveit/config/roarm_description.srdf
-- Symlinking: /home/nameless/Desktop/RoARM_Jazzy_ws/src/roarm_ws_em0_jazzy/install/roarm_moveit/share/roarm_moveit/config/roarm_description.urdf.xacro
-- Symlinking: /home/nameless/Desktop/RoARM_Jazzy_ws/src/roarm_ws_em0_jazzy/install/roarm_moveit/share/roarm_moveit/config/ros2_controllers.yaml
-- Symlinking: /home/nameless/Desktop/RoARM_Jazzy_ws/src/roarm_ws_em0_jazzy/install/roarm_moveit/share/roarm_moveit/config/sensors_3d.yaml
-- Symlinking: /home/nameless/Desktop/RoARM_Jazzy_ws/src/roarm_ws_em0_jazzy/install/roarm_moveit/share/roarm_moveit/.setup_assistant
-- Installing: /home/nameless/Desktop/RoARM_Jazzy_ws/src/roarm_ws_em0_jazzy/install/roarm_moveit/lib/libroarm_moveit__rosidl_generator_c.so
-- Set non-toolchain portion of runtime path of "/home/nameless/Desktop/RoARM_Jazzy_ws/src/roarm_ws_em0_jazzy/install/roarm_moveit/lib/libroarm_moveit__rosidl_generator_c.so" to ""
-- Installing: /home/nameless/Desktop/RoARM_Jazzy_ws/src/roarm_ws_em0_jazzy/install/roarm_moveit/lib/libroarm_moveit__rosidl_typesupport_fastrtps_c.so
-- Set non-toolchain portion of runtime path of "/home/nameless/Desktop/RoARM_Jazzy_ws/src/roarm_ws_em0_jazzy/install/roarm_moveit/lib/libroarm_moveit__rosidl_typesupport_fastrtps_c.so" to ""
-- Installing: /home/nameless/Desktop/RoARM_Jazzy_ws/src/roarm_ws_em0_jazzy/install/roarm_moveit/lib/libroarm_moveit__rosidl_typesupport_introspection_c.so
-- Set non-toolchain portion of runtime path of "/home/nameless/Desktop/RoARM_Jazzy_ws/src/roarm_ws_em0_jazzy/install/roarm_moveit/lib/libroarm_moveit__rosidl_typesupport_introspection_c.so" to ""
-- Installing: /home/nameless/Desktop/RoARM_Jazzy_ws/src/roarm_ws_em0_jazzy/install/roarm_moveit/lib/libroarm_moveit__rosidl_typesupport_c.so
-- Set non-toolchain portion of runtime path of "/home/nameless/Desktop/RoARM_Jazzy_ws/src/roarm_ws_em0_jazzy/install/roarm_moveit/lib/libroarm_moveit__rosidl_typesupport_c.so" to ""
-- Installing: /home/nameless/Desktop/RoARM_Jazzy_ws/src/roarm_ws_em0_jazzy/install/roarm_moveit/lib/libroarm_moveit__rosidl_typesupport_fastrtps_cpp.so
-- Set non-toolchain portion of runtime path of "/home/nameless/Desktop/RoARM_Jazzy_ws/src/roarm_ws_em0_jazzy/install/roarm_moveit/lib/libroarm_moveit__rosidl_typesupport_fastrtps_cpp.so" to ""
-- Installing: /home/nameless/Desktop/RoARM_Jazzy_ws/src/roarm_ws_em0_jazzy/install/roarm_moveit/lib/libroarm_moveit__rosidl_typesupport_introspection_cpp.so
-- Set non-toolchain portion of runtime path of "/home/nameless/Desktop/RoARM_Jazzy_ws/src/roarm_ws_em0_jazzy/install/roarm_moveit/lib/libroarm_moveit__rosidl_typesupport_introspection_cpp.so" to ""
-- Installing: /home/nameless/Desktop/RoARM_Jazzy_ws/src/roarm_ws_em0_jazzy/install/roarm_moveit/lib/libroarm_moveit__rosidl_typesupport_cpp.so
-- Set non-toolchain portion of runtime path of "/home/nameless/Desktop/RoARM_Jazzy_ws/src/roarm_ws_em0_jazzy/install/roarm_moveit/lib/libroarm_moveit__rosidl_typesupport_cpp.so" to ""
Listing '/home/nameless/Desktop/RoARM_Jazzy_ws/src/roarm_ws_em0_jazzy/install/roarm_moveit/lib/python3.12/site-packages/roarm_moveit'...
Compiling '/home/nameless/Desktop/RoARM_Jazzy_ws/src/roarm_ws_em0_jazzy/install/roarm_moveit/lib/python3.12/site-packages/roarm_moveit/__init__.py'...
Listing '/home/nameless/Desktop/RoARM_Jazzy_ws/src/roarm_ws_em0_jazzy/install/roarm_moveit/lib/python3.12/site-packages/roarm_moveit/srv'...
Compiling '/home/nameless/Desktop/RoARM_Jazzy_ws/src/roarm_ws_em0_jazzy/install/roarm_moveit/lib/python3.12/site-packages/roarm_moveit/srv/__init__.py'...
Compiling '/home/nameless/Desktop/RoARM_Jazzy_ws/src/roarm_ws_em0_jazzy/install/roarm_moveit/lib/python3.12/site-packages/roarm_moveit/srv/_get_pose_cmd.py'...
Compiling '/home/nameless/Desktop/RoARM_Jazzy_ws/src/roarm_ws_em0_jazzy/install/roarm_moveit/lib/python3.12/site-packages/roarm_moveit/srv/_move_circle_cmd.py'...
Compiling '/home/nameless/Desktop/RoARM_Jazzy_ws/src/roarm_ws_em0_jazzy/install/roarm_moveit/lib/python3.12/site-packages/roarm_moveit/srv/_move_point_cmd.py'...
-- Installing: /home/nameless/Desktop/RoARM_Jazzy_ws/src/roarm_ws_em0_jazzy/install/roarm_moveit/lib/libroarm_moveit__rosidl_generator_py.so
-- Set non-toolchain portion of runtime path of "/home/nameless/Desktop/RoARM_Jazzy_ws/src/roarm_ws_em0_jazzy/install/roarm_moveit/lib/libroarm_moveit__rosidl_generator_py.so" to ""
-- Installing: /home/nameless/Desktop/RoARM_Jazzy_ws/src/roarm_ws_em0_jazzy/install/roarm_moveit/share/roarm_moveit/cmake/export_roarm_moveit__rosidl_generator_cExport.cmake
-- Installing: /home/nameless/Desktop/RoARM_Jazzy_ws/src/roarm_ws_em0_jazzy/install/roarm_moveit/share/roarm_moveit/cmake/export_roarm_moveit__rosidl_generator_cExport-noconfig.cmake
-- Installing: /home/nameless/Desktop/RoARM_Jazzy_ws/src/roarm_ws_em0_jazzy/install/roarm_moveit/share/roarm_moveit/cmake/export_roarm_moveit__rosidl_typesupport_fastrtps_cExport.cmake
-- Installing: /home/nameless/Desktop/RoARM_Jazzy_ws/src/roarm_ws_em0_jazzy/install/roarm_moveit/share/roarm_moveit/cmake/export_roarm_moveit__rosidl_typesupport_fastrtps_cExport-noconfig.cmake
-- Installing: /home/nameless/Desktop/RoARM_Jazzy_ws/src/roarm_ws_em0_jazzy/install/roarm_moveit/share/roarm_moveit/cmake/roarm_moveit__rosidl_typesupport_introspection_cExport.cmake
-- Installing: /home/nameless/Desktop/RoARM_Jazzy_ws/src/roarm_ws_em0_jazzy/install/roarm_moveit/share/roarm_moveit/cmake/roarm_moveit__rosidl_typesupport_introspection_cExport-noconfig.cmake
-- Installing: /home/nameless/Desktop/RoARM_Jazzy_ws/src/roarm_ws_em0_jazzy/install/roarm_moveit/share/roarm_moveit/cmake/roarm_moveit__rosidl_typesupport_cExport.cmake
-- Installing: /home/nameless/Desktop/RoARM_Jazzy_ws/src/roarm_ws_em0_jazzy/install/roarm_moveit/share/roarm_moveit/cmake/roarm_moveit__rosidl_typesupport_cExport-noconfig.cmake
-- Installing: /home/nameless/Desktop/RoARM_Jazzy_ws/src/roarm_ws_em0_jazzy/install/roarm_moveit/share/roarm_moveit/cmake/export_roarm_moveit__rosidl_generator_cppExport.cmake
-- Installing: /home/nameless/Desktop/RoARM_Jazzy_ws/src/roarm_ws_em0_jazzy/install/roarm_moveit/share/roarm_moveit/cmake/export_roarm_moveit__rosidl_typesupport_fastrtps_cppExport.cmake
-- Installing: /home/nameless/Desktop/RoARM_Jazzy_ws/src/roarm_ws_em0_jazzy/install/roarm_moveit/share/roarm_moveit/cmake/export_roarm_moveit__rosidl_typesupport_fastrtps_cppExport-noconfig.cmake
-- Installing: /home/nameless/Desktop/RoARM_Jazzy_ws/src/roarm_ws_em0_jazzy/install/roarm_moveit/share/roarm_moveit/cmake/roarm_moveit__rosidl_typesupport_introspection_cppExport.cmake
-- Installing: /home/nameless/Desktop/RoARM_Jazzy_ws/src/roarm_ws_em0_jazzy/install/roarm_moveit/share/roarm_moveit/cmake/roarm_moveit__rosidl_typesupport_introspection_cppExport-noconfig.cmake
-- Installing: /home/nameless/Desktop/RoARM_Jazzy_ws/src/roarm_ws_em0_jazzy/install/roarm_moveit/share/roarm_moveit/cmake/roarm_moveit__rosidl_typesupport_cppExport.cmake
-- Installing: /home/nameless/Desktop/RoARM_Jazzy_ws/src/roarm_ws_em0_jazzy/install/roarm_moveit/share/roarm_moveit/cmake/roarm_moveit__rosidl_typesupport_cppExport-noconfig.cmake
-- Installing: /home/nameless/Desktop/RoARM_Jazzy_ws/src/roarm_ws_em0_jazzy/install/roarm_moveit/share/roarm_moveit/cmake/export_roarm_moveit__rosidl_generator_pyExport.cmake
-- Installing: /home/nameless/Desktop/RoARM_Jazzy_ws/src/roarm_ws_em0_jazzy/install/roarm_moveit/share/roarm_moveit/cmake/export_roarm_moveit__rosidl_generator_pyExport-noconfig.cmake
