[0.005s] Invoking command in '/home/nameless/Desktop/RoARM_Jazzy_ws/src/roarm_ws_em0_jazzy/build/roarm_moveit': AMENT_PREFIX_PATH=/home/nameless/Desktop/RoARM_Jazzy_ws/src/roarm_ws_em0_jazzy/install/roarm_description:${AMENT_PREFIX_PATH} CMAKE_PREFIX_PATH=/home/nameless/Desktop/RoARM_Jazzy_ws/src/roarm_ws_em0_jazzy/install/roarm_description:/opt/ros/jazzy/opt/gz_sim_vendor:/opt/ros/jazzy/opt/gz_sensors_vendor:/opt/ros/jazzy/opt/gz_physics_vendor:/opt/ros/jazzy/opt/sdformat_vendor:/opt/ros/jazzy/opt/gz_gui_vendor:/opt/ros/jazzy/opt/gz_transport_vendor:/opt/ros/jazzy/opt/gz_rendering_vendor:/opt/ros/jazzy/opt/gz_plugin_vendor:/opt/ros/jazzy/opt/gz_fuel_tools_vendor:/opt/ros/jazzy/opt/gz_msgs_vendor:/opt/ros/jazzy/opt/gz_common_vendor:/opt/ros/jazzy/opt/gz_math_vendor:/opt/ros/jazzy/opt/gz_utils_vendor:/opt/ros/jazzy/opt/gz_tools_vendor:/opt/ros/jazzy/opt/gz_ogre_next_vendor:/opt/ros/jazzy/opt/gz_dartsim_vendor:/opt/ros/jazzy/opt/gz_cmake_vendor:/opt/ros/jazzy DEBUGINFOD_URLS=https://debuginfod.ubuntu.com /usr/bin/cmake /home/nameless/Desktop/RoARM_Jazzy_ws/src/roarm_ws_em0_jazzy/src/roarm_main/roarm_moveit -DAMENT_CMAKE_SYMLINK_INSTALL=1 -DCMAKE_INSTALL_PREFIX=/home/nameless/Desktop/RoARM_Jazzy_ws/src/roarm_ws_em0_jazzy/install/roarm_moveit
[0.048s] -- The C compiler identification is GNU 13.3.0
[0.087s] -- The CXX compiler identification is GNU 13.3.0
[0.102s] -- Detecting C compiler ABI info
[0.155s] -- Detecting C compiler ABI info - done
[0.164s] -- Check for working C compiler: /usr/bin/cc - skipped
[0.164s] -- Detecting C compile features
[0.164s] -- Detecting C compile features - done
[0.171s] -- Detecting CXX compiler ABI info
[0.241s] -- Detecting CXX compiler ABI info - done
[0.253s] -- Check for working CXX compiler: /usr/bin/c++ - skipped
[0.253s] -- Detecting CXX compile features
[0.253s] -- Detecting CXX compile features - done
[0.256s] -- Found ament_cmake: 2.5.4 (/opt/ros/jazzy/share/ament_cmake/cmake)
[0.350s] -- Found Python3: /usr/bin/python3 (found version "3.12.3") found components: Interpreter 
[0.402s] -- Override CMake install command with custom implementation using symlinks instead of copying resources
[0.441s] -- Found rosidl_default_generators: 1.6.0 (/opt/ros/jazzy/share/rosidl_default_generators/cmake)
[0.446s] -- Using all available rosidl_typesupport_c: rosidl_typesupport_fastrtps_c;rosidl_typesupport_introspection_c
[0.490s] -- Using all available rosidl_typesupport_cpp: rosidl_typesupport_fastrtps_cpp;rosidl_typesupport_introspection_cpp
[0.516s] -- Found rosidl_adapter: 4.6.6 (/opt/ros/jazzy/share/rosidl_adapter/cmake)
[0.901s] -- Found ament_cmake_ros: 0.12.0 (/opt/ros/jazzy/share/ament_cmake_ros/cmake)
[1.181s] -- Using all available rosidl_typesupport_c: rosidl_typesupport_fastrtps_c;rosidl_typesupport_introspection_c
[1.571s] -- Using all available rosidl_typesupport_cpp: rosidl_typesupport_fastrtps_cpp;rosidl_typesupport_introspection_cpp
[1.577s] -- Found python_cmake_module: 0.11.1 (/opt/ros/jazzy/share/python_cmake_module/cmake)
[1.673s] -- Found PythonExtra: /usr/bin/python3  
[1.952s] -- Found Python3: /usr/bin/python3 (found version "3.12.3") found components: Interpreter Development NumPy Development.Module Development.Embed 
[1.984s] -- Configuring done (2.0s)
[2.003s] -- Generating done (0.0s)
[2.009s] -- Build files have been written to: /home/nameless/Desktop/RoARM_Jazzy_ws/src/roarm_ws_em0_jazzy/build/roarm_moveit
[2.015s] Invoked command in '/home/nameless/Desktop/RoARM_Jazzy_ws/src/roarm_ws_em0_jazzy/build/roarm_moveit' returned '0': AMENT_PREFIX_PATH=/home/nameless/Desktop/RoARM_Jazzy_ws/src/roarm_ws_em0_jazzy/install/roarm_description:${AMENT_PREFIX_PATH} CMAKE_PREFIX_PATH=/home/nameless/Desktop/RoARM_Jazzy_ws/src/roarm_ws_em0_jazzy/install/roarm_description:/opt/ros/jazzy/opt/gz_sim_vendor:/opt/ros/jazzy/opt/gz_sensors_vendor:/opt/ros/jazzy/opt/gz_physics_vendor:/opt/ros/jazzy/opt/sdformat_vendor:/opt/ros/jazzy/opt/gz_gui_vendor:/opt/ros/jazzy/opt/gz_transport_vendor:/opt/ros/jazzy/opt/gz_rendering_vendor:/opt/ros/jazzy/opt/gz_plugin_vendor:/opt/ros/jazzy/opt/gz_fuel_tools_vendor:/opt/ros/jazzy/opt/gz_msgs_vendor:/opt/ros/jazzy/opt/gz_common_vendor:/opt/ros/jazzy/opt/gz_math_vendor:/opt/ros/jazzy/opt/gz_utils_vendor:/opt/ros/jazzy/opt/gz_tools_vendor:/opt/ros/jazzy/opt/gz_ogre_next_vendor:/opt/ros/jazzy/opt/gz_dartsim_vendor:/opt/ros/jazzy/opt/gz_cmake_vendor:/opt/ros/jazzy DEBUGINFOD_URLS=https://debuginfod.ubuntu.com /usr/bin/cmake /home/nameless/Desktop/RoARM_Jazzy_ws/src/roarm_ws_em0_jazzy/src/roarm_main/roarm_moveit -DAMENT_CMAKE_SYMLINK_INSTALL=1 -DCMAKE_INSTALL_PREFIX=/home/nameless/Desktop/RoARM_Jazzy_ws/src/roarm_ws_em0_jazzy/install/roarm_moveit
[2.016s] Invoking command in '/home/nameless/Desktop/RoARM_Jazzy_ws/src/roarm_ws_em0_jazzy/build/roarm_moveit': AMENT_PREFIX_PATH=/home/nameless/Desktop/RoARM_Jazzy_ws/src/roarm_ws_em0_jazzy/install/roarm_description:${AMENT_PREFIX_PATH} CMAKE_PREFIX_PATH=/home/nameless/Desktop/RoARM_Jazzy_ws/src/roarm_ws_em0_jazzy/install/roarm_description:/opt/ros/jazzy/opt/gz_sim_vendor:/opt/ros/jazzy/opt/gz_sensors_vendor:/opt/ros/jazzy/opt/gz_physics_vendor:/opt/ros/jazzy/opt/sdformat_vendor:/opt/ros/jazzy/opt/gz_gui_vendor:/opt/ros/jazzy/opt/gz_transport_vendor:/opt/ros/jazzy/opt/gz_rendering_vendor:/opt/ros/jazzy/opt/gz_plugin_vendor:/opt/ros/jazzy/opt/gz_fuel_tools_vendor:/opt/ros/jazzy/opt/gz_msgs_vendor:/opt/ros/jazzy/opt/gz_common_vendor:/opt/ros/jazzy/opt/gz_math_vendor:/opt/ros/jazzy/opt/gz_utils_vendor:/opt/ros/jazzy/opt/gz_tools_vendor:/opt/ros/jazzy/opt/gz_ogre_next_vendor:/opt/ros/jazzy/opt/gz_dartsim_vendor:/opt/ros/jazzy/opt/gz_cmake_vendor:/opt/ros/jazzy DEBUGINFOD_URLS=https://debuginfod.ubuntu.com /usr/bin/cmake --build /home/nameless/Desktop/RoARM_Jazzy_ws/src/roarm_ws_em0_jazzy/build/roarm_moveit -- -j24 -l24
[2.057s] [  1%] [34m[1mGenerating type hashes for ROS interfaces[0m
[2.067s] [  1%] Built target ament_cmake_python_symlink_roarm_moveit
[2.177s] running egg_info
[2.178s] creating roarm_moveit.egg-info
[2.186s] writing roarm_moveit.egg-info/PKG-INFO
[2.186s] writing dependency_links to roarm_moveit.egg-info/dependency_links.txt
[2.186s] writing top-level names to roarm_moveit.egg-info/top_level.txt
[2.186s] writing manifest file 'roarm_moveit.egg-info/SOURCES.txt'
[2.211s] reading manifest file 'roarm_moveit.egg-info/SOURCES.txt'
[2.211s] writing manifest file 'roarm_moveit.egg-info/SOURCES.txt'
[2.231s] [  1%] Built target ament_cmake_python_build_roarm_moveit_egg
[2.232s] [  1%] Built target roarm_moveit__rosidl_generator_type_description
[2.240s] [  3%] [34m[1mGenerating C code for ROS interfaces[0m
[2.248s] [  5%] [34m[1mGenerating C++ code for ROS interfaces[0m
[2.512s] [  5%] Built target roarm_moveit__cpp
[2.548s] [  7%] [32mBuilding C object CMakeFiles/roarm_moveit__rosidl_generator_c.dir/rosidl_generator_c/roarm_moveit/srv/detail/get_pose_cmd__description.c.o[0m
[2.549s] [  9%] [32mBuilding C object CMakeFiles/roarm_moveit__rosidl_generator_c.dir/rosidl_generator_c/roarm_moveit/srv/detail/get_pose_cmd__functions.c.o[0m
[2.550s] [ 11%] [32mBuilding C object CMakeFiles/roarm_moveit__rosidl_generator_c.dir/rosidl_generator_c/roarm_moveit/srv/detail/get_pose_cmd__type_support.c.o[0m
[2.550s] [ 12%] [32mBuilding C object CMakeFiles/roarm_moveit__rosidl_generator_c.dir/rosidl_generator_c/roarm_moveit/srv/detail/move_point_cmd__description.c.o[0m
[2.551s] [ 14%] [32mBuilding C object CMakeFiles/roarm_moveit__rosidl_generator_c.dir/rosidl_generator_c/roarm_moveit/srv/detail/move_point_cmd__functions.c.o[0m
[2.551s] [ 16%] [32mBuilding C object CMakeFiles/roarm_moveit__rosidl_generator_c.dir/rosidl_generator_c/roarm_moveit/srv/detail/move_point_cmd__type_support.c.o[0m
[2.552s] [ 18%] [32mBuilding C object CMakeFiles/roarm_moveit__rosidl_generator_c.dir/rosidl_generator_c/roarm_moveit/srv/detail/move_circle_cmd__description.c.o[0m
[2.553s] [ 20%] [32mBuilding C object CMakeFiles/roarm_moveit__rosidl_generator_c.dir/rosidl_generator_c/roarm_moveit/srv/detail/move_circle_cmd__functions.c.o[0m
[2.553s] [ 22%] [32mBuilding C object CMakeFiles/roarm_moveit__rosidl_generator_c.dir/rosidl_generator_c/roarm_moveit/srv/detail/move_circle_cmd__type_support.c.o[0m
[2.601s] [ 24%] [32m[1mLinking C shared library libroarm_moveit__rosidl_generator_c.so[0m
[2.628s] [ 24%] Built target roarm_moveit__rosidl_generator_c
[2.635s] [ 25%] [34m[1mGenerating C++ type support dispatch for ROS interfaces[0m
[2.637s] [ 35%] [34m[1mGenerating C++ type support for eProsima Fast-RTPS[0m
[2.637s] [ 35%] [34m[1mGenerating C type support for eProsima Fast-RTPS[0m
[2.637s] [ 35%] [34m[1mGenerating C introspection for ROS interfaces[0m
[2.637s] [ 35%] [34m[1mGenerating C type support dispatch for ROS interfaces[0m
[2.638s] [ 35%] [34m[1mGenerating C++ introspection for ROS interfaces[0m
[2.880s] [ 37%] [32mBuilding CXX object CMakeFiles/roarm_moveit__rosidl_typesupport_c.dir/rosidl_typesupport_c/roarm_moveit/srv/get_pose_cmd__type_support.cpp.o[0m
[2.881s] [ 38%] [32mBuilding CXX object CMakeFiles/roarm_moveit__rosidl_typesupport_c.dir/rosidl_typesupport_c/roarm_moveit/srv/move_point_cmd__type_support.cpp.o[0m
[2.882s] [ 40%] [32mBuilding CXX object CMakeFiles/roarm_moveit__rosidl_typesupport_c.dir/rosidl_typesupport_c/roarm_moveit/srv/move_circle_cmd__type_support.cpp.o[0m
[2.882s] [ 42%] [32mBuilding CXX object CMakeFiles/roarm_moveit__rosidl_typesupport_cpp.dir/rosidl_typesupport_cpp/roarm_moveit/srv/move_point_cmd__type_support.cpp.o[0m
[2.886s] [ 44%] [32mBuilding CXX object CMakeFiles/roarm_moveit__rosidl_typesupport_cpp.dir/rosidl_typesupport_cpp/roarm_moveit/srv/move_circle_cmd__type_support.cpp.o[0m
[2.886s] [ 46%] [32mBuilding CXX object CMakeFiles/roarm_moveit__rosidl_typesupport_cpp.dir/rosidl_typesupport_cpp/roarm_moveit/srv/get_pose_cmd__type_support.cpp.o[0m
[2.920s] [ 48%] [32mBuilding CXX object CMakeFiles/roarm_moveit__rosidl_typesupport_introspection_cpp.dir/rosidl_typesupport_introspection_cpp/roarm_moveit/srv/detail/get_pose_cmd__type_support.cpp.o[0m
[2.920s] [ 50%] [32mBuilding CXX object CMakeFiles/roarm_moveit__rosidl_typesupport_introspection_cpp.dir/rosidl_typesupport_introspection_cpp/roarm_moveit/srv/detail/move_point_cmd__type_support.cpp.o[0m
[2.927s] [ 51%] [32mBuilding CXX object CMakeFiles/roarm_moveit__rosidl_typesupport_introspection_cpp.dir/rosidl_typesupport_introspection_cpp/roarm_moveit/srv/detail/move_circle_cmd__type_support.cpp.o[0m
[2.932s] [ 53%] [32m[1mLinking CXX shared library libroarm_moveit__rosidl_typesupport_c.so[0m
[2.936s] [ 55%] [32mBuilding C object CMakeFiles/roarm_moveit__rosidl_typesupport_introspection_c.dir/rosidl_typesupport_introspection_c/roarm_moveit/srv/detail/get_pose_cmd__type_support.c.o[0m
[2.938s] [ 57%] [32mBuilding C object CMakeFiles/roarm_moveit__rosidl_typesupport_introspection_c.dir/rosidl_typesupport_introspection_c/roarm_moveit/srv/detail/move_point_cmd__type_support.c.o[0m
[2.938s] [ 59%] [32mBuilding C object CMakeFiles/roarm_moveit__rosidl_typesupport_introspection_c.dir/rosidl_typesupport_introspection_c/roarm_moveit/srv/detail/move_circle_cmd__type_support.c.o[0m
[2.967s] [ 59%] Built target roarm_moveit__rosidl_typesupport_c
[3.007s] [ 61%] [32mBuilding CXX object CMakeFiles/roarm_moveit__rosidl_typesupport_fastrtps_cpp.dir/rosidl_typesupport_fastrtps_cpp/roarm_moveit/srv/detail/dds_fastrtps/get_pose_cmd__type_support.cpp.o[0m
[3.009s] [ 64%] [32m[1mLinking C shared library libroarm_moveit__rosidl_typesupport_introspection_c.so[0m
[3.009s] [ 64%] [32mBuilding CXX object CMakeFiles/roarm_moveit__rosidl_typesupport_fastrtps_cpp.dir/rosidl_typesupport_fastrtps_cpp/roarm_moveit/srv/detail/dds_fastrtps/move_point_cmd__type_support.cpp.o[0m
[3.014s] [ 66%] [32mBuilding CXX object CMakeFiles/roarm_moveit__rosidl_typesupport_fastrtps_cpp.dir/rosidl_typesupport_fastrtps_cpp/roarm_moveit/srv/detail/dds_fastrtps/move_circle_cmd__type_support.cpp.o[0m
[3.014s] [ 68%] [32mBuilding CXX object CMakeFiles/roarm_moveit__rosidl_typesupport_fastrtps_c.dir/rosidl_typesupport_fastrtps_c/roarm_moveit/srv/detail/get_pose_cmd__type_support_c.cpp.o[0m
[3.017s] [ 70%] [32mBuilding CXX object CMakeFiles/roarm_moveit__rosidl_typesupport_fastrtps_c.dir/rosidl_typesupport_fastrtps_c/roarm_moveit/srv/detail/move_point_cmd__type_support_c.cpp.o[0m
[3.018s] [ 72%] [32mBuilding CXX object CMakeFiles/roarm_moveit__rosidl_typesupport_fastrtps_c.dir/rosidl_typesupport_fastrtps_c/roarm_moveit/srv/detail/move_circle_cmd__type_support_c.cpp.o[0m
[3.054s] [ 72%] Built target roarm_moveit__rosidl_typesupport_introspection_c
[3.176s] [ 74%] [32m[1mLinking CXX shared library libroarm_moveit__rosidl_typesupport_cpp.so[0m
[3.280s] [ 74%] Built target roarm_moveit__rosidl_typesupport_cpp
[3.294s] [ 75%] [32m[1mLinking CXX shared library libroarm_moveit__rosidl_typesupport_introspection_cpp.so[0m
[3.341s] [ 75%] Built target roarm_moveit__rosidl_typesupport_introspection_cpp
[3.520s] [ 77%] [32m[1mLinking CXX shared library libroarm_moveit__rosidl_typesupport_fastrtps_cpp.so[0m
[3.538s] [ 79%] [32m[1mLinking CXX shared library libroarm_moveit__rosidl_typesupport_fastrtps_c.so[0m
[3.574s] [ 79%] Built target roarm_moveit__rosidl_typesupport_fastrtps_cpp
[3.587s] [ 79%] Built target roarm_moveit__rosidl_typesupport_fastrtps_c
[3.604s] [ 79%] Built target roarm_moveit
[3.621s] [ 81%] [34m[1mGenerating Python code for ROS interfaces[0m
[4.054s] [ 81%] Built target roarm_moveit__py
[4.068s] [ 83%] [32mBuilding C object CMakeFiles/roarm_moveit__rosidl_generator_py.dir/rosidl_generator_py/roarm_moveit/srv/_move_circle_cmd_s.c.o[0m
[4.068s] [ 85%] [32mBuilding C object CMakeFiles/roarm_moveit__rosidl_generator_py.dir/rosidl_generator_py/roarm_moveit/srv/_move_point_cmd_s.c.o[0m
[4.068s] [ 87%] [32mBuilding C object CMakeFiles/roarm_moveit__rosidl_generator_py.dir/rosidl_generator_py/roarm_moveit/srv/_get_pose_cmd_s.c.o[0m
[4.167s] [ 88%] [32m[1mLinking C shared library libroarm_moveit__rosidl_generator_py.so[0m
[4.202s] [ 88%] Built target roarm_moveit__rosidl_generator_py
[4.215s] [ 90%] [32mBuilding C object CMakeFiles/roarm_moveit_s__rosidl_typesupport_fastrtps_c.dir/rosidl_generator_py/roarm_moveit/_roarm_moveit_s.ep.rosidl_typesupport_fastrtps_c.c.o[0m
[4.217s] [ 92%] [32mBuilding C object CMakeFiles/roarm_moveit_s__rosidl_typesupport_c.dir/rosidl_generator_py/roarm_moveit/_roarm_moveit_s.ep.rosidl_typesupport_c.c.o[0m
[4.223s] [ 94%] [32mBuilding C object CMakeFiles/roarm_moveit_s__rosidl_typesupport_introspection_c.dir/rosidl_generator_py/roarm_moveit/_roarm_moveit_s.ep.rosidl_typesupport_introspection_c.c.o[0m
[4.296s] [ 96%] [32m[1mLinking C shared module rosidl_generator_py/roarm_moveit/roarm_moveit_s__rosidl_typesupport_fastrtps_c.so[0m
[4.297s] [ 98%] [32m[1mLinking C shared module rosidl_generator_py/roarm_moveit/roarm_moveit_s__rosidl_typesupport_introspection_c.so[0m
[4.297s] [100%] [32m[1mLinking C shared module rosidl_generator_py/roarm_moveit/roarm_moveit_s__rosidl_typesupport_c.so[0m
[4.316s] [100%] Built target roarm_moveit_s__rosidl_typesupport_c
[4.318s] [100%] Built target roarm_moveit_s__rosidl_typesupport_fastrtps_c
[4.319s] [100%] Built target roarm_moveit_s__rosidl_typesupport_introspection_c
[4.327s] Invoked command in '/home/nameless/Desktop/RoARM_Jazzy_ws/src/roarm_ws_em0_jazzy/build/roarm_moveit' returned '0': AMENT_PREFIX_PATH=/home/nameless/Desktop/RoARM_Jazzy_ws/src/roarm_ws_em0_jazzy/install/roarm_description:${AMENT_PREFIX_PATH} CMAKE_PREFIX_PATH=/home/nameless/Desktop/RoARM_Jazzy_ws/src/roarm_ws_em0_jazzy/install/roarm_description:/opt/ros/jazzy/opt/gz_sim_vendor:/opt/ros/jazzy/opt/gz_sensors_vendor:/opt/ros/jazzy/opt/gz_physics_vendor:/opt/ros/jazzy/opt/sdformat_vendor:/opt/ros/jazzy/opt/gz_gui_vendor:/opt/ros/jazzy/opt/gz_transport_vendor:/opt/ros/jazzy/opt/gz_rendering_vendor:/opt/ros/jazzy/opt/gz_plugin_vendor:/opt/ros/jazzy/opt/gz_fuel_tools_vendor:/opt/ros/jazzy/opt/gz_msgs_vendor:/opt/ros/jazzy/opt/gz_common_vendor:/opt/ros/jazzy/opt/gz_math_vendor:/opt/ros/jazzy/opt/gz_utils_vendor:/opt/ros/jazzy/opt/gz_tools_vendor:/opt/ros/jazzy/opt/gz_ogre_next_vendor:/opt/ros/jazzy/opt/gz_dartsim_vendor:/opt/ros/jazzy/opt/gz_cmake_vendor:/opt/ros/jazzy DEBUGINFOD_URLS=https://debuginfod.ubuntu.com /usr/bin/cmake --build /home/nameless/Desktop/RoARM_Jazzy_ws/src/roarm_ws_em0_jazzy/build/roarm_moveit -- -j24 -l24
[4.327s] Invoking command in '/home/nameless/Desktop/RoARM_Jazzy_ws/src/roarm_ws_em0_jazzy/build/roarm_moveit': AMENT_PREFIX_PATH=/home/nameless/Desktop/RoARM_Jazzy_ws/src/roarm_ws_em0_jazzy/install/roarm_description:${AMENT_PREFIX_PATH} CMAKE_PREFIX_PATH=/home/nameless/Desktop/RoARM_Jazzy_ws/src/roarm_ws_em0_jazzy/install/roarm_description:/opt/ros/jazzy/opt/gz_sim_vendor:/opt/ros/jazzy/opt/gz_sensors_vendor:/opt/ros/jazzy/opt/gz_physics_vendor:/opt/ros/jazzy/opt/sdformat_vendor:/opt/ros/jazzy/opt/gz_gui_vendor:/opt/ros/jazzy/opt/gz_transport_vendor:/opt/ros/jazzy/opt/gz_rendering_vendor:/opt/ros/jazzy/opt/gz_plugin_vendor:/opt/ros/jazzy/opt/gz_fuel_tools_vendor:/opt/ros/jazzy/opt/gz_msgs_vendor:/opt/ros/jazzy/opt/gz_common_vendor:/opt/ros/jazzy/opt/gz_math_vendor:/opt/ros/jazzy/opt/gz_utils_vendor:/opt/ros/jazzy/opt/gz_tools_vendor:/opt/ros/jazzy/opt/gz_ogre_next_vendor:/opt/ros/jazzy/opt/gz_dartsim_vendor:/opt/ros/jazzy/opt/gz_cmake_vendor:/opt/ros/jazzy DEBUGINFOD_URLS=https://debuginfod.ubuntu.com /usr/bin/cmake --install /home/nameless/Desktop/RoARM_Jazzy_ws/src/roarm_ws_em0_jazzy/build/roarm_moveit
[4.332s] -- Install configuration: ""
[4.333s] -- Execute custom install script
[4.333s] -- Symlinking: /home/nameless/Desktop/RoARM_Jazzy_ws/src/roarm_ws_em0_jazzy/install/roarm_moveit/share/ament_index/resource_index/rosidl_interfaces/roarm_moveit
[4.338s] -- Symlinking: /home/nameless/Desktop/RoARM_Jazzy_ws/src/roarm_ws_em0_jazzy/install/roarm_moveit/share/roarm_moveit/srv/GetPoseCmd.json
[4.343s] -- Symlinking: /home/nameless/Desktop/RoARM_Jazzy_ws/src/roarm_ws_em0_jazzy/install/roarm_moveit/share/roarm_moveit/srv/MovePointCmd.json
[4.348s] -- Symlinking: /home/nameless/Desktop/RoARM_Jazzy_ws/src/roarm_ws_em0_jazzy/install/roarm_moveit/share/roarm_moveit/srv/MoveCircleCmd.json
[4.353s] -- Symlinking: /home/nameless/Desktop/RoARM_Jazzy_ws/src/roarm_ws_em0_jazzy/install/roarm_moveit/include/roarm_moveit/roarm_moveit/msg/rosidl_generator_c__visibility_control.h
[4.358s] -- Symlinking: /home/nameless/Desktop/RoARM_Jazzy_ws/src/roarm_ws_em0_jazzy/install/roarm_moveit/include/roarm_moveit/roarm_moveit/srv/detail/get_pose_cmd__functions.h
[4.368s] -- Symlinking: /home/nameless/Desktop/RoARM_Jazzy_ws/src/roarm_ws_em0_jazzy/install/roarm_moveit/include/roarm_moveit/roarm_moveit/srv/detail/get_pose_cmd__struct.h
[4.373s] -- Symlinking: /home/nameless/Desktop/RoARM_Jazzy_ws/src/roarm_ws_em0_jazzy/install/roarm_moveit/include/roarm_moveit/roarm_moveit/srv/detail/get_pose_cmd__type_support.h
[4.378s] -- Symlinking: /home/nameless/Desktop/RoARM_Jazzy_ws/src/roarm_ws_em0_jazzy/install/roarm_moveit/include/roarm_moveit/roarm_moveit/srv/detail/move_circle_cmd__functions.h
[4.383s] -- Symlinking: /home/nameless/Desktop/RoARM_Jazzy_ws/src/roarm_ws_em0_jazzy/install/roarm_moveit/include/roarm_moveit/roarm_moveit/srv/detail/move_circle_cmd__struct.h
[4.391s] -- Symlinking: /home/nameless/Desktop/RoARM_Jazzy_ws/src/roarm_ws_em0_jazzy/install/roarm_moveit/include/roarm_moveit/roarm_moveit/srv/detail/move_circle_cmd__type_support.h
[4.396s] -- Symlinking: /home/nameless/Desktop/RoARM_Jazzy_ws/src/roarm_ws_em0_jazzy/install/roarm_moveit/include/roarm_moveit/roarm_moveit/srv/detail/move_point_cmd__functions.h
[4.401s] -- Symlinking: /home/nameless/Desktop/RoARM_Jazzy_ws/src/roarm_ws_em0_jazzy/install/roarm_moveit/include/roarm_moveit/roarm_moveit/srv/detail/move_point_cmd__struct.h
[4.406s] -- Symlinking: /home/nameless/Desktop/RoARM_Jazzy_ws/src/roarm_ws_em0_jazzy/install/roarm_moveit/include/roarm_moveit/roarm_moveit/srv/detail/move_point_cmd__type_support.h
[4.411s] -- Symlinking: /home/nameless/Desktop/RoARM_Jazzy_ws/src/roarm_ws_em0_jazzy/install/roarm_moveit/include/roarm_moveit/roarm_moveit/srv/get_pose_cmd.h
[4.416s] -- Symlinking: /home/nameless/Desktop/RoARM_Jazzy_ws/src/roarm_ws_em0_jazzy/install/roarm_moveit/include/roarm_moveit/roarm_moveit/srv/move_circle_cmd.h
[4.421s] -- Symlinking: /home/nameless/Desktop/RoARM_Jazzy_ws/src/roarm_ws_em0_jazzy/install/roarm_moveit/include/roarm_moveit/roarm_moveit/srv/move_point_cmd.h
[4.426s] -- Symlinking: /home/nameless/Desktop/RoARM_Jazzy_ws/src/roarm_ws_em0_jazzy/install/roarm_moveit/share/roarm_moveit/environment/library_path.sh
[4.431s] -- Symlinking: /home/nameless/Desktop/RoARM_Jazzy_ws/src/roarm_ws_em0_jazzy/install/roarm_moveit/share/roarm_moveit/environment/library_path.dsv
[4.437s] -- Symlinking: /home/nameless/Desktop/RoARM_Jazzy_ws/src/roarm_ws_em0_jazzy/install/roarm_moveit/include/roarm_moveit/roarm_moveit/msg/rosidl_typesupport_fastrtps_c__visibility_control.h
[4.442s] -- Symlinking: /home/nameless/Desktop/RoARM_Jazzy_ws/src/roarm_ws_em0_jazzy/install/roarm_moveit/include/roarm_moveit/roarm_moveit/srv/detail/get_pose_cmd__rosidl_typesupport_fastrtps_c.h
[4.447s] -- Symlinking: /home/nameless/Desktop/RoARM_Jazzy_ws/src/roarm_ws_em0_jazzy/install/roarm_moveit/include/roarm_moveit/roarm_moveit/srv/detail/move_circle_cmd__rosidl_typesupport_fastrtps_c.h
[4.452s] -- Symlinking: /home/nameless/Desktop/RoARM_Jazzy_ws/src/roarm_ws_em0_jazzy/install/roarm_moveit/include/roarm_moveit/roarm_moveit/srv/detail/move_point_cmd__rosidl_typesupport_fastrtps_c.h
[4.459s] -- Symlinking: /home/nameless/Desktop/RoARM_Jazzy_ws/src/roarm_ws_em0_jazzy/install/roarm_moveit/include/roarm_moveit/roarm_moveit/msg/rosidl_typesupport_introspection_c__visibility_control.h
[4.465s] -- Symlinking: /home/nameless/Desktop/RoARM_Jazzy_ws/src/roarm_ws_em0_jazzy/install/roarm_moveit/include/roarm_moveit/roarm_moveit/srv/detail/get_pose_cmd__rosidl_typesupport_introspection_c.h
[4.470s] -- Symlinking: /home/nameless/Desktop/RoARM_Jazzy_ws/src/roarm_ws_em0_jazzy/install/roarm_moveit/include/roarm_moveit/roarm_moveit/srv/detail/move_circle_cmd__rosidl_typesupport_introspection_c.h
[4.475s] -- Symlinking: /home/nameless/Desktop/RoARM_Jazzy_ws/src/roarm_ws_em0_jazzy/install/roarm_moveit/include/roarm_moveit/roarm_moveit/srv/detail/move_point_cmd__rosidl_typesupport_introspection_c.h
[4.481s] -- Symlinking: /home/nameless/Desktop/RoARM_Jazzy_ws/src/roarm_ws_em0_jazzy/install/roarm_moveit/include/roarm_moveit/roarm_moveit/msg/rosidl_generator_cpp__visibility_control.hpp
[4.486s] -- Symlinking: /home/nameless/Desktop/RoARM_Jazzy_ws/src/roarm_ws_em0_jazzy/install/roarm_moveit/include/roarm_moveit/roarm_moveit/srv/detail/get_pose_cmd__builder.hpp
[4.491s] -- Symlinking: /home/nameless/Desktop/RoARM_Jazzy_ws/src/roarm_ws_em0_jazzy/install/roarm_moveit/include/roarm_moveit/roarm_moveit/srv/detail/get_pose_cmd__struct.hpp
[4.497s] -- Symlinking: /home/nameless/Desktop/RoARM_Jazzy_ws/src/roarm_ws_em0_jazzy/install/roarm_moveit/include/roarm_moveit/roarm_moveit/srv/detail/get_pose_cmd__traits.hpp
[4.502s] -- Symlinking: /home/nameless/Desktop/RoARM_Jazzy_ws/src/roarm_ws_em0_jazzy/install/roarm_moveit/include/roarm_moveit/roarm_moveit/srv/detail/get_pose_cmd__type_support.hpp
[4.507s] -- Symlinking: /home/nameless/Desktop/RoARM_Jazzy_ws/src/roarm_ws_em0_jazzy/install/roarm_moveit/include/roarm_moveit/roarm_moveit/srv/detail/move_circle_cmd__builder.hpp
[4.513s] -- Symlinking: /home/nameless/Desktop/RoARM_Jazzy_ws/src/roarm_ws_em0_jazzy/install/roarm_moveit/include/roarm_moveit/roarm_moveit/srv/detail/move_circle_cmd__struct.hpp
[4.518s] -- Symlinking: /home/nameless/Desktop/RoARM_Jazzy_ws/src/roarm_ws_em0_jazzy/install/roarm_moveit/include/roarm_moveit/roarm_moveit/srv/detail/move_circle_cmd__traits.hpp
[4.523s] -- Symlinking: /home/nameless/Desktop/RoARM_Jazzy_ws/src/roarm_ws_em0_jazzy/install/roarm_moveit/include/roarm_moveit/roarm_moveit/srv/detail/move_circle_cmd__type_support.hpp
[4.528s] -- Symlinking: /home/nameless/Desktop/RoARM_Jazzy_ws/src/roarm_ws_em0_jazzy/install/roarm_moveit/include/roarm_moveit/roarm_moveit/srv/detail/move_point_cmd__builder.hpp
[4.533s] -- Symlinking: /home/nameless/Desktop/RoARM_Jazzy_ws/src/roarm_ws_em0_jazzy/install/roarm_moveit/include/roarm_moveit/roarm_moveit/srv/detail/move_point_cmd__struct.hpp
[4.540s] -- Symlinking: /home/nameless/Desktop/RoARM_Jazzy_ws/src/roarm_ws_em0_jazzy/install/roarm_moveit/include/roarm_moveit/roarm_moveit/srv/detail/move_point_cmd__traits.hpp
[4.545s] -- Symlinking: /home/nameless/Desktop/RoARM_Jazzy_ws/src/roarm_ws_em0_jazzy/install/roarm_moveit/include/roarm_moveit/roarm_moveit/srv/detail/move_point_cmd__type_support.hpp
[4.550s] -- Symlinking: /home/nameless/Desktop/RoARM_Jazzy_ws/src/roarm_ws_em0_jazzy/install/roarm_moveit/include/roarm_moveit/roarm_moveit/srv/get_pose_cmd.hpp
[4.555s] -- Symlinking: /home/nameless/Desktop/RoARM_Jazzy_ws/src/roarm_ws_em0_jazzy/install/roarm_moveit/include/roarm_moveit/roarm_moveit/srv/move_circle_cmd.hpp
[4.561s] -- Symlinking: /home/nameless/Desktop/RoARM_Jazzy_ws/src/roarm_ws_em0_jazzy/install/roarm_moveit/include/roarm_moveit/roarm_moveit/srv/move_point_cmd.hpp
[4.566s] -- Symlinking: /home/nameless/Desktop/RoARM_Jazzy_ws/src/roarm_ws_em0_jazzy/install/roarm_moveit/include/roarm_moveit/roarm_moveit/msg/rosidl_typesupport_fastrtps_cpp__visibility_control.h
[4.571s] -- Symlinking: /home/nameless/Desktop/RoARM_Jazzy_ws/src/roarm_ws_em0_jazzy/install/roarm_moveit/include/roarm_moveit/roarm_moveit/srv/detail/get_pose_cmd__rosidl_typesupport_fastrtps_cpp.hpp
[4.581s] -- Symlinking: /home/nameless/Desktop/RoARM_Jazzy_ws/src/roarm_ws_em0_jazzy/install/roarm_moveit/include/roarm_moveit/roarm_moveit/srv/detail/move_circle_cmd__rosidl_typesupport_fastrtps_cpp.hpp
[4.586s] -- Symlinking: /home/nameless/Desktop/RoARM_Jazzy_ws/src/roarm_ws_em0_jazzy/install/roarm_moveit/include/roarm_moveit/roarm_moveit/srv/detail/move_point_cmd__rosidl_typesupport_fastrtps_cpp.hpp
[4.592s] -- Symlinking: /home/nameless/Desktop/RoARM_Jazzy_ws/src/roarm_ws_em0_jazzy/install/roarm_moveit/include/roarm_moveit/roarm_moveit/srv/detail/get_pose_cmd__rosidl_typesupport_introspection_cpp.hpp
[4.597s] -- Symlinking: /home/nameless/Desktop/RoARM_Jazzy_ws/src/roarm_ws_em0_jazzy/install/roarm_moveit/include/roarm_moveit/roarm_moveit/srv/detail/move_circle_cmd__rosidl_typesupport_introspection_cpp.hpp
[4.602s] -- Symlinking: /home/nameless/Desktop/RoARM_Jazzy_ws/src/roarm_ws_em0_jazzy/install/roarm_moveit/include/roarm_moveit/roarm_moveit/srv/detail/move_point_cmd__rosidl_typesupport_introspection_cpp.hpp
[4.607s] -- Symlinking: /home/nameless/Desktop/RoARM_Jazzy_ws/src/roarm_ws_em0_jazzy/install/roarm_moveit/share/roarm_moveit/environment/pythonpath.sh
[4.613s] -- Symlinking: /home/nameless/Desktop/RoARM_Jazzy_ws/src/roarm_ws_em0_jazzy/install/roarm_moveit/share/roarm_moveit/environment/pythonpath.dsv
[4.620s] -- Symlinking: /home/nameless/Desktop/RoARM_Jazzy_ws/src/roarm_ws_em0_jazzy/install/roarm_moveit/lib/python3.12/site-packages/roarm_moveit-0.3.0-py3.12.egg-info/PKG-INFO
[4.626s] -- Symlinking: /home/nameless/Desktop/RoARM_Jazzy_ws/src/roarm_ws_em0_jazzy/install/roarm_moveit/lib/python3.12/site-packages/roarm_moveit-0.3.0-py3.12.egg-info/SOURCES.txt
[4.631s] -- Symlinking: /home/nameless/Desktop/RoARM_Jazzy_ws/src/roarm_ws_em0_jazzy/install/roarm_moveit/lib/python3.12/site-packages/roarm_moveit-0.3.0-py3.12.egg-info/dependency_links.txt
[4.636s] -- Symlinking: /home/nameless/Desktop/RoARM_Jazzy_ws/src/roarm_ws_em0_jazzy/install/roarm_moveit/lib/python3.12/site-packages/roarm_moveit-0.3.0-py3.12.egg-info/top_level.txt
[4.642s] -- Symlinking: /home/nameless/Desktop/RoARM_Jazzy_ws/src/roarm_ws_em0_jazzy/install/roarm_moveit/lib/python3.12/site-packages/roarm_moveit/__init__.py
[4.647s] -- Symlinking: /home/nameless/Desktop/RoARM_Jazzy_ws/src/roarm_ws_em0_jazzy/install/roarm_moveit/lib/python3.12/site-packages/roarm_moveit/_roarm_moveit_s.ep.rosidl_typesupport_c.c
[4.653s] -- Symlinking: /home/nameless/Desktop/RoARM_Jazzy_ws/src/roarm_ws_em0_jazzy/install/roarm_moveit/lib/python3.12/site-packages/roarm_moveit/_roarm_moveit_s.ep.rosidl_typesupport_fastrtps_c.c
[4.658s] -- Symlinking: /home/nameless/Desktop/RoARM_Jazzy_ws/src/roarm_ws_em0_jazzy/install/roarm_moveit/lib/python3.12/site-packages/roarm_moveit/_roarm_moveit_s.ep.rosidl_typesupport_introspection_c.c
[4.666s] -- Symlinking: /home/nameless/Desktop/RoARM_Jazzy_ws/src/roarm_ws_em0_jazzy/install/roarm_moveit/lib/python3.12/site-packages/roarm_moveit/roarm_moveit_s__rosidl_typesupport_c.so
[4.671s] -- Symlinking: /home/nameless/Desktop/RoARM_Jazzy_ws/src/roarm_ws_em0_jazzy/install/roarm_moveit/lib/python3.12/site-packages/roarm_moveit/roarm_moveit_s__rosidl_typesupport_fastrtps_c.so
[4.677s] -- Symlinking: /home/nameless/Desktop/RoARM_Jazzy_ws/src/roarm_ws_em0_jazzy/install/roarm_moveit/lib/python3.12/site-packages/roarm_moveit/roarm_moveit_s__rosidl_typesupport_introspection_c.so
[4.682s] -- Symlinking: /home/nameless/Desktop/RoARM_Jazzy_ws/src/roarm_ws_em0_jazzy/install/roarm_moveit/lib/python3.12/site-packages/roarm_moveit/srv/__init__.py
[4.688s] -- Symlinking: /home/nameless/Desktop/RoARM_Jazzy_ws/src/roarm_ws_em0_jazzy/install/roarm_moveit/lib/python3.12/site-packages/roarm_moveit/srv/_get_pose_cmd.py
[4.693s] -- Symlinking: /home/nameless/Desktop/RoARM_Jazzy_ws/src/roarm_ws_em0_jazzy/install/roarm_moveit/lib/python3.12/site-packages/roarm_moveit/srv/_get_pose_cmd_s.c
[4.699s] -- Symlinking: /home/nameless/Desktop/RoARM_Jazzy_ws/src/roarm_ws_em0_jazzy/install/roarm_moveit/lib/python3.12/site-packages/roarm_moveit/srv/_move_circle_cmd.py
[4.705s] -- Symlinking: /home/nameless/Desktop/RoARM_Jazzy_ws/src/roarm_ws_em0_jazzy/install/roarm_moveit/lib/python3.12/site-packages/roarm_moveit/srv/_move_circle_cmd_s.c
[4.714s] -- Symlinking: /home/nameless/Desktop/RoARM_Jazzy_ws/src/roarm_ws_em0_jazzy/install/roarm_moveit/lib/python3.12/site-packages/roarm_moveit/srv/_move_point_cmd.py
[4.721s] -- Symlinking: /home/nameless/Desktop/RoARM_Jazzy_ws/src/roarm_ws_em0_jazzy/install/roarm_moveit/lib/python3.12/site-packages/roarm_moveit/srv/_move_point_cmd_s.c
[4.726s] -- Up-to-date symlink: /home/nameless/Desktop/RoARM_Jazzy_ws/src/roarm_ws_em0_jazzy/install/roarm_moveit/lib/python3.12/site-packages/roarm_moveit/roarm_moveit_s__rosidl_typesupport_fastrtps_c.so
[4.727s] -- Up-to-date symlink: /home/nameless/Desktop/RoARM_Jazzy_ws/src/roarm_ws_em0_jazzy/install/roarm_moveit/lib/python3.12/site-packages/roarm_moveit/roarm_moveit_s__rosidl_typesupport_introspection_c.so
[4.727s] -- Up-to-date symlink: /home/nameless/Desktop/RoARM_Jazzy_ws/src/roarm_ws_em0_jazzy/install/roarm_moveit/lib/python3.12/site-packages/roarm_moveit/roarm_moveit_s__rosidl_typesupport_c.so
[4.727s] -- Symlinking: /home/nameless/Desktop/RoARM_Jazzy_ws/src/roarm_ws_em0_jazzy/install/roarm_moveit/share/roarm_moveit/srv/GetPoseCmd.idl
[4.734s] -- Symlinking: /home/nameless/Desktop/RoARM_Jazzy_ws/src/roarm_ws_em0_jazzy/install/roarm_moveit/share/roarm_moveit/srv/MovePointCmd.idl
[4.739s] -- Symlinking: /home/nameless/Desktop/RoARM_Jazzy_ws/src/roarm_ws_em0_jazzy/install/roarm_moveit/share/roarm_moveit/srv/MoveCircleCmd.idl
[4.745s] -- Symlinking: /home/nameless/Desktop/RoARM_Jazzy_ws/src/roarm_ws_em0_jazzy/install/roarm_moveit/share/roarm_moveit/srv/GetPoseCmd.srv
[4.750s] -- Symlinking: /home/nameless/Desktop/RoARM_Jazzy_ws/src/roarm_ws_em0_jazzy/install/roarm_moveit/share/roarm_moveit/srv/MovePointCmd.srv
[4.755s] -- Symlinking: /home/nameless/Desktop/RoARM_Jazzy_ws/src/roarm_ws_em0_jazzy/install/roarm_moveit/share/roarm_moveit/srv/MoveCircleCmd.srv
[4.761s] -- Symlinking: /home/nameless/Desktop/RoARM_Jazzy_ws/src/roarm_ws_em0_jazzy/install/roarm_moveit/share/ament_index/resource_index/package_run_dependencies/roarm_moveit
[4.766s] -- Symlinking: /home/nameless/Desktop/RoARM_Jazzy_ws/src/roarm_ws_em0_jazzy/install/roarm_moveit/share/ament_index/resource_index/parent_prefix_path/roarm_moveit
[4.771s] -- Symlinking: /home/nameless/Desktop/RoARM_Jazzy_ws/src/roarm_ws_em0_jazzy/install/roarm_moveit/share/roarm_moveit/environment/ament_prefix_path.sh
[4.777s] -- Symlinking: /home/nameless/Desktop/RoARM_Jazzy_ws/src/roarm_ws_em0_jazzy/install/roarm_moveit/share/roarm_moveit/environment/ament_prefix_path.dsv
[4.784s] -- Symlinking: /home/nameless/Desktop/RoARM_Jazzy_ws/src/roarm_ws_em0_jazzy/install/roarm_moveit/share/roarm_moveit/environment/path.sh
[4.790s] -- Symlinking: /home/nameless/Desktop/RoARM_Jazzy_ws/src/roarm_ws_em0_jazzy/install/roarm_moveit/share/roarm_moveit/environment/path.dsv
[4.795s] -- Symlinking: /home/nameless/Desktop/RoARM_Jazzy_ws/src/roarm_ws_em0_jazzy/install/roarm_moveit/share/roarm_moveit/local_setup.bash
[4.801s] -- Symlinking: /home/nameless/Desktop/RoARM_Jazzy_ws/src/roarm_ws_em0_jazzy/install/roarm_moveit/share/roarm_moveit/local_setup.sh
[4.806s] -- Symlinking: /home/nameless/Desktop/RoARM_Jazzy_ws/src/roarm_ws_em0_jazzy/install/roarm_moveit/share/roarm_moveit/local_setup.zsh
[4.817s] -- Symlinking: /home/nameless/Desktop/RoARM_Jazzy_ws/src/roarm_ws_em0_jazzy/install/roarm_moveit/share/roarm_moveit/local_setup.dsv
[4.822s] -- Symlinking: /home/nameless/Desktop/RoARM_Jazzy_ws/src/roarm_ws_em0_jazzy/install/roarm_moveit/share/roarm_moveit/package.dsv
[4.827s] -- Symlinking: /home/nameless/Desktop/RoARM_Jazzy_ws/src/roarm_ws_em0_jazzy/install/roarm_moveit/share/ament_index/resource_index/packages/roarm_moveit
[4.832s] -- Symlinking: /home/nameless/Desktop/RoARM_Jazzy_ws/src/roarm_ws_em0_jazzy/install/roarm_moveit/share/roarm_moveit/cmake/rosidl_cmake-extras.cmake
[4.840s] -- Symlinking: /home/nameless/Desktop/RoARM_Jazzy_ws/src/roarm_ws_em0_jazzy/install/roarm_moveit/share/roarm_moveit/cmake/ament_cmake_export_dependencies-extras.cmake
[4.845s] -- Symlinking: /home/nameless/Desktop/RoARM_Jazzy_ws/src/roarm_ws_em0_jazzy/install/roarm_moveit/share/roarm_moveit/cmake/ament_cmake_export_include_directories-extras.cmake
[4.850s] -- Symlinking: /home/nameless/Desktop/RoARM_Jazzy_ws/src/roarm_ws_em0_jazzy/install/roarm_moveit/share/roarm_moveit/cmake/ament_cmake_export_libraries-extras.cmake
[4.855s] -- Symlinking: /home/nameless/Desktop/RoARM_Jazzy_ws/src/roarm_ws_em0_jazzy/install/roarm_moveit/share/roarm_moveit/cmake/ament_cmake_export_targets-extras.cmake
[4.860s] -- Symlinking: /home/nameless/Desktop/RoARM_Jazzy_ws/src/roarm_ws_em0_jazzy/install/roarm_moveit/share/roarm_moveit/cmake/rosidl_cmake_export_typesupport_targets-extras.cmake
[4.869s] -- Symlinking: /home/nameless/Desktop/RoARM_Jazzy_ws/src/roarm_ws_em0_jazzy/install/roarm_moveit/share/roarm_moveit/cmake/rosidl_cmake_export_typesupport_libraries-extras.cmake
[4.874s] -- Symlinking: /home/nameless/Desktop/RoARM_Jazzy_ws/src/roarm_ws_em0_jazzy/install/roarm_moveit/share/roarm_moveit/cmake/roarm_moveitConfig.cmake
[4.878s] -- Symlinking: /home/nameless/Desktop/RoARM_Jazzy_ws/src/roarm_ws_em0_jazzy/install/roarm_moveit/share/roarm_moveit/cmake/roarm_moveitConfig-version.cmake
[4.884s] -- Symlinking: /home/nameless/Desktop/RoARM_Jazzy_ws/src/roarm_ws_em0_jazzy/install/roarm_moveit/share/roarm_moveit/package.xml
[4.890s] -- Symlinking: /home/nameless/Desktop/RoARM_Jazzy_ws/src/roarm_ws_em0_jazzy/install/roarm_moveit/share/roarm_moveit/launch/command_control_moveit_rviz.launch.py
[4.894s] -- Symlinking: /home/nameless/Desktop/RoARM_Jazzy_ws/src/roarm_ws_em0_jazzy/install/roarm_moveit/share/roarm_moveit/launch/demo.launch.py
[4.901s] -- Symlinking: /home/nameless/Desktop/RoARM_Jazzy_ws/src/roarm_ws_em0_jazzy/install/roarm_moveit/share/roarm_moveit/launch/interact.launch.py
[4.906s] -- Symlinking: /home/nameless/Desktop/RoARM_Jazzy_ws/src/roarm_ws_em0_jazzy/install/roarm_moveit/share/roarm_moveit/launch/interact_moveit_rviz.launch.py
[4.911s] -- Symlinking: /home/nameless/Desktop/RoARM_Jazzy_ws/src/roarm_ws_em0_jazzy/install/roarm_moveit/share/roarm_moveit/launch/move_group.launch.py
[4.915s] -- Symlinking: /home/nameless/Desktop/RoARM_Jazzy_ws/src/roarm_ws_em0_jazzy/install/roarm_moveit/share/roarm_moveit/launch/moveit_rviz.launch.py
[4.920s] -- Symlinking: /home/nameless/Desktop/RoARM_Jazzy_ws/src/roarm_ws_em0_jazzy/install/roarm_moveit/share/roarm_moveit/launch/rsp.launch.py
[4.929s] -- Symlinking: /home/nameless/Desktop/RoARM_Jazzy_ws/src/roarm_ws_em0_jazzy/install/roarm_moveit/share/roarm_moveit/launch/setup_assistant.launch.py
[4.938s] -- Symlinking: /home/nameless/Desktop/RoARM_Jazzy_ws/src/roarm_ws_em0_jazzy/install/roarm_moveit/share/roarm_moveit/launch/spawn_controllers.launch.py
[4.943s] -- Symlinking: /home/nameless/Desktop/RoARM_Jazzy_ws/src/roarm_ws_em0_jazzy/install/roarm_moveit/share/roarm_moveit/launch/static_virtual_joint_tfs.launch.py
[4.949s] -- Symlinking: /home/nameless/Desktop/RoARM_Jazzy_ws/src/roarm_ws_em0_jazzy/install/roarm_moveit/share/roarm_moveit/launch/warehouse_db.launch.py
[4.954s] -- Symlinking: /home/nameless/Desktop/RoARM_Jazzy_ws/src/roarm_ws_em0_jazzy/install/roarm_moveit/share/roarm_moveit/config/initial_positions.yaml
[4.960s] -- Symlinking: /home/nameless/Desktop/RoARM_Jazzy_ws/src/roarm_ws_em0_jazzy/install/roarm_moveit/share/roarm_moveit/config/interact.rviz
[4.969s] -- Symlinking: /home/nameless/Desktop/RoARM_Jazzy_ws/src/roarm_ws_em0_jazzy/install/roarm_moveit/share/roarm_moveit/config/joint_limits.yaml
[4.974s] -- Symlinking: /home/nameless/Desktop/RoARM_Jazzy_ws/src/roarm_ws_em0_jazzy/install/roarm_moveit/share/roarm_moveit/config/kinematics.yaml
[4.979s] -- Symlinking: /home/nameless/Desktop/RoARM_Jazzy_ws/src/roarm_ws_em0_jazzy/install/roarm_moveit/share/roarm_moveit/config/moveit.rviz
[4.988s] -- Symlinking: /home/nameless/Desktop/RoARM_Jazzy_ws/src/roarm_ws_em0_jazzy/install/roarm_moveit/share/roarm_moveit/config/moveit_controllers.yaml
[4.992s] -- Symlinking: /home/nameless/Desktop/RoARM_Jazzy_ws/src/roarm_ws_em0_jazzy/install/roarm_moveit/share/roarm_moveit/config/pilz_cartesian_limits.yaml
[5.000s] -- Symlinking: /home/nameless/Desktop/RoARM_Jazzy_ws/src/roarm_ws_em0_jazzy/install/roarm_moveit/share/roarm_moveit/config/roarm_description.ros2_control.xacro
[5.005s] -- Symlinking: /home/nameless/Desktop/RoARM_Jazzy_ws/src/roarm_ws_em0_jazzy/install/roarm_moveit/share/roarm_moveit/config/roarm_description.srdf
[5.010s] -- Symlinking: /home/nameless/Desktop/RoARM_Jazzy_ws/src/roarm_ws_em0_jazzy/install/roarm_moveit/share/roarm_moveit/config/roarm_description.urdf.xacro
[5.018s] -- Symlinking: /home/nameless/Desktop/RoARM_Jazzy_ws/src/roarm_ws_em0_jazzy/install/roarm_moveit/share/roarm_moveit/config/ros2_controllers.yaml
[5.022s] -- Symlinking: /home/nameless/Desktop/RoARM_Jazzy_ws/src/roarm_ws_em0_jazzy/install/roarm_moveit/share/roarm_moveit/config/sensors_3d.yaml
[5.027s] -- Symlinking: /home/nameless/Desktop/RoARM_Jazzy_ws/src/roarm_ws_em0_jazzy/install/roarm_moveit/share/roarm_moveit/.setup_assistant
[5.032s] -- Installing: /home/nameless/Desktop/RoARM_Jazzy_ws/src/roarm_ws_em0_jazzy/install/roarm_moveit/lib/libroarm_moveit__rosidl_generator_c.so
[5.032s] -- Set non-toolchain portion of runtime path of "/home/nameless/Desktop/RoARM_Jazzy_ws/src/roarm_ws_em0_jazzy/install/roarm_moveit/lib/libroarm_moveit__rosidl_generator_c.so" to ""
[5.032s] -- Installing: /home/nameless/Desktop/RoARM_Jazzy_ws/src/roarm_ws_em0_jazzy/install/roarm_moveit/lib/libroarm_moveit__rosidl_typesupport_fastrtps_c.so
[5.032s] -- Set non-toolchain portion of runtime path of "/home/nameless/Desktop/RoARM_Jazzy_ws/src/roarm_ws_em0_jazzy/install/roarm_moveit/lib/libroarm_moveit__rosidl_typesupport_fastrtps_c.so" to ""
[5.032s] -- Installing: /home/nameless/Desktop/RoARM_Jazzy_ws/src/roarm_ws_em0_jazzy/install/roarm_moveit/lib/libroarm_moveit__rosidl_typesupport_introspection_c.so
[5.033s] -- Set non-toolchain portion of runtime path of "/home/nameless/Desktop/RoARM_Jazzy_ws/src/roarm_ws_em0_jazzy/install/roarm_moveit/lib/libroarm_moveit__rosidl_typesupport_introspection_c.so" to ""
[5.033s] -- Installing: /home/nameless/Desktop/RoARM_Jazzy_ws/src/roarm_ws_em0_jazzy/install/roarm_moveit/lib/libroarm_moveit__rosidl_typesupport_c.so
[5.033s] -- Set non-toolchain portion of runtime path of "/home/nameless/Desktop/RoARM_Jazzy_ws/src/roarm_ws_em0_jazzy/install/roarm_moveit/lib/libroarm_moveit__rosidl_typesupport_c.so" to ""
[5.033s] -- Installing: /home/nameless/Desktop/RoARM_Jazzy_ws/src/roarm_ws_em0_jazzy/install/roarm_moveit/lib/libroarm_moveit__rosidl_typesupport_fastrtps_cpp.so
[5.033s] -- Set non-toolchain portion of runtime path of "/home/nameless/Desktop/RoARM_Jazzy_ws/src/roarm_ws_em0_jazzy/install/roarm_moveit/lib/libroarm_moveit__rosidl_typesupport_fastrtps_cpp.so" to ""
[5.033s] -- Installing: /home/nameless/Desktop/RoARM_Jazzy_ws/src/roarm_ws_em0_jazzy/install/roarm_moveit/lib/libroarm_moveit__rosidl_typesupport_introspection_cpp.so
[5.034s] -- Set non-toolchain portion of runtime path of "/home/nameless/Desktop/RoARM_Jazzy_ws/src/roarm_ws_em0_jazzy/install/roarm_moveit/lib/libroarm_moveit__rosidl_typesupport_introspection_cpp.so" to ""
[5.034s] -- Installing: /home/nameless/Desktop/RoARM_Jazzy_ws/src/roarm_ws_em0_jazzy/install/roarm_moveit/lib/libroarm_moveit__rosidl_typesupport_cpp.so
[5.034s] -- Set non-toolchain portion of runtime path of "/home/nameless/Desktop/RoARM_Jazzy_ws/src/roarm_ws_em0_jazzy/install/roarm_moveit/lib/libroarm_moveit__rosidl_typesupport_cpp.so" to ""
[5.062s] Listing '/home/nameless/Desktop/RoARM_Jazzy_ws/src/roarm_ws_em0_jazzy/install/roarm_moveit/lib/python3.12/site-packages/roarm_moveit'...
[5.062s] Compiling '/home/nameless/Desktop/RoARM_Jazzy_ws/src/roarm_ws_em0_jazzy/install/roarm_moveit/lib/python3.12/site-packages/roarm_moveit/__init__.py'...
[5.062s] Listing '/home/nameless/Desktop/RoARM_Jazzy_ws/src/roarm_ws_em0_jazzy/install/roarm_moveit/lib/python3.12/site-packages/roarm_moveit/srv'...
[5.063s] Compiling '/home/nameless/Desktop/RoARM_Jazzy_ws/src/roarm_ws_em0_jazzy/install/roarm_moveit/lib/python3.12/site-packages/roarm_moveit/srv/__init__.py'...
[5.063s] Compiling '/home/nameless/Desktop/RoARM_Jazzy_ws/src/roarm_ws_em0_jazzy/install/roarm_moveit/lib/python3.12/site-packages/roarm_moveit/srv/_get_pose_cmd.py'...
[5.063s] Compiling '/home/nameless/Desktop/RoARM_Jazzy_ws/src/roarm_ws_em0_jazzy/install/roarm_moveit/lib/python3.12/site-packages/roarm_moveit/srv/_move_circle_cmd.py'...
[5.063s] Compiling '/home/nameless/Desktop/RoARM_Jazzy_ws/src/roarm_ws_em0_jazzy/install/roarm_moveit/lib/python3.12/site-packages/roarm_moveit/srv/_move_point_cmd.py'...
[5.066s] -- Installing: /home/nameless/Desktop/RoARM_Jazzy_ws/src/roarm_ws_em0_jazzy/install/roarm_moveit/lib/libroarm_moveit__rosidl_generator_py.so
[5.066s] -- Set non-toolchain portion of runtime path of "/home/nameless/Desktop/RoARM_Jazzy_ws/src/roarm_ws_em0_jazzy/install/roarm_moveit/lib/libroarm_moveit__rosidl_generator_py.so" to ""
[5.066s] -- Installing: /home/nameless/Desktop/RoARM_Jazzy_ws/src/roarm_ws_em0_jazzy/install/roarm_moveit/share/roarm_moveit/cmake/export_roarm_moveit__rosidl_generator_cExport.cmake
[5.067s] -- Installing: /home/nameless/Desktop/RoARM_Jazzy_ws/src/roarm_ws_em0_jazzy/install/roarm_moveit/share/roarm_moveit/cmake/export_roarm_moveit__rosidl_generator_cExport-noconfig.cmake
[5.067s] -- Installing: /home/nameless/Desktop/RoARM_Jazzy_ws/src/roarm_ws_em0_jazzy/install/roarm_moveit/share/roarm_moveit/cmake/export_roarm_moveit__rosidl_typesupport_fastrtps_cExport.cmake
[5.067s] -- Installing: /home/nameless/Desktop/RoARM_Jazzy_ws/src/roarm_ws_em0_jazzy/install/roarm_moveit/share/roarm_moveit/cmake/export_roarm_moveit__rosidl_typesupport_fastrtps_cExport-noconfig.cmake
[5.067s] -- Installing: /home/nameless/Desktop/RoARM_Jazzy_ws/src/roarm_ws_em0_jazzy/install/roarm_moveit/share/roarm_moveit/cmake/roarm_moveit__rosidl_typesupport_introspection_cExport.cmake
[5.067s] -- Installing: /home/nameless/Desktop/RoARM_Jazzy_ws/src/roarm_ws_em0_jazzy/install/roarm_moveit/share/roarm_moveit/cmake/roarm_moveit__rosidl_typesupport_introspection_cExport-noconfig.cmake
[5.067s] -- Installing: /home/nameless/Desktop/RoARM_Jazzy_ws/src/roarm_ws_em0_jazzy/install/roarm_moveit/share/roarm_moveit/cmake/roarm_moveit__rosidl_typesupport_cExport.cmake
[5.067s] -- Installing: /home/nameless/Desktop/RoARM_Jazzy_ws/src/roarm_ws_em0_jazzy/install/roarm_moveit/share/roarm_moveit/cmake/roarm_moveit__rosidl_typesupport_cExport-noconfig.cmake
[5.067s] -- Installing: /home/nameless/Desktop/RoARM_Jazzy_ws/src/roarm_ws_em0_jazzy/install/roarm_moveit/share/roarm_moveit/cmake/export_roarm_moveit__rosidl_generator_cppExport.cmake
[5.068s] -- Installing: /home/nameless/Desktop/RoARM_Jazzy_ws/src/roarm_ws_em0_jazzy/install/roarm_moveit/share/roarm_moveit/cmake/export_roarm_moveit__rosidl_typesupport_fastrtps_cppExport.cmake
[5.068s] -- Installing: /home/nameless/Desktop/RoARM_Jazzy_ws/src/roarm_ws_em0_jazzy/install/roarm_moveit/share/roarm_moveit/cmake/export_roarm_moveit__rosidl_typesupport_fastrtps_cppExport-noconfig.cmake
[5.068s] -- Installing: /home/nameless/Desktop/RoARM_Jazzy_ws/src/roarm_ws_em0_jazzy/install/roarm_moveit/share/roarm_moveit/cmake/roarm_moveit__rosidl_typesupport_introspection_cppExport.cmake
[5.068s] -- Installing: /home/nameless/Desktop/RoARM_Jazzy_ws/src/roarm_ws_em0_jazzy/install/roarm_moveit/share/roarm_moveit/cmake/roarm_moveit__rosidl_typesupport_introspection_cppExport-noconfig.cmake
[5.068s] -- Installing: /home/nameless/Desktop/RoARM_Jazzy_ws/src/roarm_ws_em0_jazzy/install/roarm_moveit/share/roarm_moveit/cmake/roarm_moveit__rosidl_typesupport_cppExport.cmake
[5.068s] -- Installing: /home/nameless/Desktop/RoARM_Jazzy_ws/src/roarm_ws_em0_jazzy/install/roarm_moveit/share/roarm_moveit/cmake/roarm_moveit__rosidl_typesupport_cppExport-noconfig.cmake
[5.068s] -- Installing: /home/nameless/Desktop/RoARM_Jazzy_ws/src/roarm_ws_em0_jazzy/install/roarm_moveit/share/roarm_moveit/cmake/export_roarm_moveit__rosidl_generator_pyExport.cmake
[5.068s] -- Installing: /home/nameless/Desktop/RoARM_Jazzy_ws/src/roarm_ws_em0_jazzy/install/roarm_moveit/share/roarm_moveit/cmake/export_roarm_moveit__rosidl_generator_pyExport-noconfig.cmake
