running develop
running egg_info
creating ros2web_widgets.egg-info
writing ros2web_widgets.egg-info/PKG-INFO
writing dependency_links to ros2web_widgets.egg-info/dependency_links.txt
writing entry points to ros2web_widgets.egg-info/entry_points.txt
writing requirements to ros2web_widgets.egg-info/requires.txt
writing top-level names to ros2web_widgets.egg-info/top_level.txt
writing manifest file 'ros2web_widgets.egg-info/SOURCES.txt'
reading manifest file 'ros2web_widgets.egg-info/SOURCES.txt'
writing manifest file 'ros2web_widgets.egg-info/SOURCES.txt'
running build_ext
Creating /home/nameless/Desktop/RoARM_Jazzy_ws/src/roarm_ws_em0_jazzy/install/ros2web_widgets/lib/python3.12/site-packages/ros2web-widgets.egg-link (link to .)
Installing widgets script to /home/nameless/Desktop/RoARM_Jazzy_ws/src/roarm_ws_em0_jazzy/install/ros2web_widgets/lib/ros2web_widgets

Installed /home/nameless/Desktop/RoARM_Jazzy_ws/src/roarm_ws_em0_jazzy/build/ros2web_widgets
running symlink_data
creating /home/nameless/Desktop/RoARM_Jazzy_ws/src/roarm_ws_em0_jazzy/install/ros2web_widgets/share/ament_index
creating /home/nameless/Desktop/RoARM_Jazzy_ws/src/roarm_ws_em0_jazzy/install/ros2web_widgets/share/ament_index/resource_index
creating /home/nameless/Desktop/RoARM_Jazzy_ws/src/roarm_ws_em0_jazzy/install/ros2web_widgets/share/ament_index/resource_index/packages
symbolically linking /home/nameless/Desktop/RoARM_Jazzy_ws/src/roarm_ws_em0_jazzy/build/ros2web_widgets/resource/ros2web_widgets -> /home/nameless/Desktop/RoARM_Jazzy_ws/src/roarm_ws_em0_jazzy/install/ros2web_widgets/share/ament_index/resource_index/packages
symbolically linking /home/nameless/Desktop/RoARM_Jazzy_ws/src/roarm_ws_em0_jazzy/build/ros2web_widgets/package.xml -> /home/nameless/Desktop/RoARM_Jazzy_ws/src/roarm_ws_em0_jazzy/install/ros2web_widgets/share/ros2web_widgets
