-- The C compiler identification is GNU 13.3.0
-- The CXX compiler identification is GNU 13.3.0
-- Detecting C compiler ABI info
-- Detecting C compiler ABI info - done
-- Check for working C compiler: /usr/bin/cc - skipped
-- Detecting C compile features
-- Detecting C compile features - done
-- Detecting CXX compiler ABI info
-- Detecting CXX compiler ABI info - done
-- Check for working CXX compiler: /usr/bin/c++ - skipped
-- Detecting CXX compile features
-- Detecting CXX compile features - done
-- Found ament_cmake: 2.5.4 (/opt/ros/jazzy/share/ament_cmake/cmake)
-- Found Python3: /usr/bin/python3 (found version "3.12.3") found components: Interpreter 
-- Override CMake install command with custom implementation using symlinks instead of copying resources
-- Found rosidl_default_generators: 1.6.0 (/opt/ros/jazzy/share/rosidl_default_generators/cmake)
-- Using all available rosidl_typesupport_c: rosidl_typesupport_fastrtps_c;rosidl_typesupport_introspection_c
-- Using all available rosidl_typesupport_cpp: rosidl_typesupport_fastrtps_cpp;rosidl_typesupport_introspection_cpp
-- Found rosidl_adapter: 4.6.6 (/opt/ros/jazzy/share/rosidl_adapter/cmake)
-- Found ament_cmake_ros: 0.12.0 (/opt/ros/jazzy/share/ament_cmake_ros/cmake)
-- Using all available rosidl_typesupport_c: rosidl_typesupport_fastrtps_c;rosidl_typesupport_introspection_c
-- Using all available rosidl_typesupport_cpp: rosidl_typesupport_fastrtps_cpp;rosidl_typesupport_introspection_cpp
-- Found python_cmake_module: 0.11.1 (/opt/ros/jazzy/share/python_cmake_module/cmake)
-- Found PythonExtra: /usr/bin/python3  
-- Found Python3: /usr/bin/python3 (found version "3.12.3") found components: Interpreter Development NumPy Development.Module Development.Embed 
-- Configuring done (2.0s)
-- Generating done (0.0s)
-- Build files have been written to: /home/nameless/Desktop/RoARM_Jazzy_ws/src/roarm_ws_em0_jazzy/build/ros2web_interfaces
[  1%] [34m[1mGenerating type hashes for ROS interfaces[0m
[  1%] Built target ament_cmake_python_symlink_ros2web_interfaces
running egg_info
creating ros2web_interfaces.egg-info
writing ros2web_interfaces.egg-info/PKG-INFO
writing dependency_links to ros2web_interfaces.egg-info/dependency_links.txt
writing top-level names to ros2web_interfaces.egg-info/top_level.txt
writing manifest file 'ros2web_interfaces.egg-info/SOURCES.txt'
reading manifest file 'ros2web_interfaces.egg-info/SOURCES.txt'
writing manifest file 'ros2web_interfaces.egg-info/SOURCES.txt'
[  1%] Built target ament_cmake_python_build_ros2web_interfaces_egg
[  1%] Built target ros2web_interfaces__rosidl_generator_type_description
[  2%] [34m[1mGenerating C code for ROS interfaces[0m
[  2%] [34m[1mGenerating C++ code for ROS interfaces[0m
[  2%] Built target ros2web_interfaces__cpp
[  5%] [32mBuilding C object CMakeFiles/ros2web_interfaces__rosidl_generator_c.dir/rosidl_generator_c/ros2web_interfaces/msg/detail/body_part__description.c.o[0m
[  5%] [32mBuilding C object CMakeFiles/ros2web_interfaces__rosidl_generator_c.dir/rosidl_generator_c/ros2web_interfaces/msg/detail/body_part__functions.c.o[0m
[  5%] [32mBuilding C object CMakeFiles/ros2web_interfaces__rosidl_generator_c.dir/rosidl_generator_c/ros2web_interfaces/msg/detail/body_part__type_support.c.o[0m
[  6%] [32mBuilding C object CMakeFiles/ros2web_interfaces__rosidl_generator_c.dir/rosidl_generator_c/ros2web_interfaces/msg/detail/http_status_code__description.c.o[0m
[  8%] [32mBuilding C object CMakeFiles/ros2web_interfaces__rosidl_generator_c.dir/rosidl_generator_c/ros2web_interfaces/msg/detail/content_type__description.c.o[0m
[  8%] [32mBuilding C object CMakeFiles/ros2web_interfaces__rosidl_generator_c.dir/rosidl_generator_c/ros2web_interfaces/msg/detail/http_status_code__functions.c.o[0m
[  9%] [32mBuilding C object CMakeFiles/ros2web_interfaces__rosidl_generator_c.dir/rosidl_generator_c/ros2web_interfaces/msg/detail/content_type__functions.c.o[0m
[ 10%] [32mBuilding C object CMakeFiles/ros2web_interfaces__rosidl_generator_c.dir/rosidl_generator_c/ros2web_interfaces/msg/detail/ws_msg_data__functions.c.o[0m
[ 11%] [32mBuilding C object CMakeFiles/ros2web_interfaces__rosidl_generator_c.dir/rosidl_generator_c/ros2web_interfaces/msg/detail/http_status_code__type_support.c.o[0m
[ 12%] [32mBuilding C object CMakeFiles/ros2web_interfaces__rosidl_generator_c.dir/rosidl_generator_c/ros2web_interfaces/msg/detail/content_type__type_support.c.o[0m
[ 13%] [32mBuilding C object CMakeFiles/ros2web_interfaces__rosidl_generator_c.dir/rosidl_generator_c/ros2web_interfaces/msg/detail/ws_msg_data__type_support.c.o[0m
[ 14%] [32mBuilding C object CMakeFiles/ros2web_interfaces__rosidl_generator_c.dir/rosidl_generator_c/ros2web_interfaces/msg/detail/ws_msg_data__description.c.o[0m
[ 15%] [32mBuilding C object CMakeFiles/ros2web_interfaces__rosidl_generator_c.dir/rosidl_generator_c/ros2web_interfaces/msg/detail/ws_msg_type__description.c.o[0m
[ 16%] [32mBuilding C object CMakeFiles/ros2web_interfaces__rosidl_generator_c.dir/rosidl_generator_c/ros2web_interfaces/msg/detail/ws_msg_type__functions.c.o[0m
[ 17%] [32mBuilding C object CMakeFiles/ros2web_interfaces__rosidl_generator_c.dir/rosidl_generator_c/ros2web_interfaces/msg/detail/ws_msg__description.c.o[0m
[ 18%] [32mBuilding C object CMakeFiles/ros2web_interfaces__rosidl_generator_c.dir/rosidl_generator_c/ros2web_interfaces/msg/detail/ws_msg__type_support.c.o[0m
[ 20%] [32mBuilding C object CMakeFiles/ros2web_interfaces__rosidl_generator_c.dir/rosidl_generator_c/ros2web_interfaces/msg/detail/ws_msg__functions.c.o[0m
[ 20%] [32mBuilding C object CMakeFiles/ros2web_interfaces__rosidl_generator_c.dir/rosidl_generator_c/ros2web_interfaces/msg/detail/ws_msg_type__type_support.c.o[0m
[ 21%] [32mBuilding C object CMakeFiles/ros2web_interfaces__rosidl_generator_c.dir/rosidl_generator_c/ros2web_interfaces/srv/detail/http__description.c.o[0m
[ 23%] [32mBuilding C object CMakeFiles/ros2web_interfaces__rosidl_generator_c.dir/rosidl_generator_c/ros2web_interfaces/srv/detail/ws__functions.c.o[0m
[ 23%] [32mBuilding C object CMakeFiles/ros2web_interfaces__rosidl_generator_c.dir/rosidl_generator_c/ros2web_interfaces/srv/detail/http__type_support.c.o[0m
[ 23%] [32mBuilding C object CMakeFiles/ros2web_interfaces__rosidl_generator_c.dir/rosidl_generator_c/ros2web_interfaces/srv/detail/ws__type_support.c.o[0m
[ 24%] [32mBuilding C object CMakeFiles/ros2web_interfaces__rosidl_generator_c.dir/rosidl_generator_c/ros2web_interfaces/srv/detail/http__functions.c.o[0m
[ 25%] [32mBuilding C object CMakeFiles/ros2web_interfaces__rosidl_generator_c.dir/rosidl_generator_c/ros2web_interfaces/srv/detail/ws__description.c.o[0m
[ 26%] [32m[1mLinking C shared library libros2web_interfaces__rosidl_generator_c.so[0m
[ 26%] Built target ros2web_interfaces__rosidl_generator_c
[ 27%] [34m[1mGenerating C++ introspection for ROS interfaces[0m
[ 28%] [34m[1mGenerating C++ type support for eProsima Fast-RTPS[0m
[ 29%] [34m[1mGenerating C++ type support dispatch for ROS interfaces[0m
[ 29%] [34m[1mGenerating C introspection for ROS interfaces[0m
[ 30%] [34m[1mGenerating C type support dispatch for ROS interfaces[0m
[ 31%] [34m[1mGenerating C type support for eProsima Fast-RTPS[0m
[ 32%] [32mBuilding CXX object CMakeFiles/ros2web_interfaces__rosidl_typesupport_c.dir/rosidl_typesupport_c/ros2web_interfaces/msg/body_part__type_support.cpp.o[0m
[ 33%] [32mBuilding CXX object CMakeFiles/ros2web_interfaces__rosidl_typesupport_c.dir/rosidl_typesupport_c/ros2web_interfaces/msg/ws_msg_data__type_support.cpp.o[0m
[ 34%] [32mBuilding CXX object CMakeFiles/ros2web_interfaces__rosidl_typesupport_c.dir/rosidl_typesupport_c/ros2web_interfaces/msg/content_type__type_support.cpp.o[0m
[ 35%] [32mBuilding CXX object CMakeFiles/ros2web_interfaces__rosidl_typesupport_c.dir/rosidl_typesupport_c/ros2web_interfaces/msg/http_status_code__type_support.cpp.o[0m
[ 38%] [32mBuilding CXX object CMakeFiles/ros2web_interfaces__rosidl_typesupport_c.dir/rosidl_typesupport_c/ros2web_interfaces/msg/ws_msg__type_support.cpp.o[0m
[ 38%] [32mBuilding CXX object CMakeFiles/ros2web_interfaces__rosidl_typesupport_c.dir/rosidl_typesupport_c/ros2web_interfaces/srv/ws__type_support.cpp.o[0m
[ 39%] [32mBuilding CXX object CMakeFiles/ros2web_interfaces__rosidl_typesupport_c.dir/rosidl_typesupport_c/ros2web_interfaces/srv/http__type_support.cpp.o[0m
[ 36%] [32mBuilding CXX object CMakeFiles/ros2web_interfaces__rosidl_typesupport_c.dir/rosidl_typesupport_c/ros2web_interfaces/msg/ws_msg_type__type_support.cpp.o[0m
[ 40%] [32mBuilding CXX object CMakeFiles/ros2web_interfaces__rosidl_typesupport_introspection_cpp.dir/rosidl_typesupport_introspection_cpp/ros2web_interfaces/msg/detail/body_part__type_support.cpp.o[0m
[ 41%] [32mBuilding CXX object CMakeFiles/ros2web_interfaces__rosidl_typesupport_introspection_cpp.dir/rosidl_typesupport_introspection_cpp/ros2web_interfaces/srv/detail/ws__type_support.cpp.o[0m
[ 42%] [32mBuilding CXX object CMakeFiles/ros2web_interfaces__rosidl_typesupport_introspection_cpp.dir/rosidl_typesupport_introspection_cpp/ros2web_interfaces/msg/detail/http_status_code__type_support.cpp.o[0m
[ 43%] [32mBuilding CXX object CMakeFiles/ros2web_interfaces__rosidl_typesupport_introspection_cpp.dir/rosidl_typesupport_introspection_cpp/ros2web_interfaces/msg/detail/ws_msg__type_support.cpp.o[0m
[ 44%] [32mBuilding CXX object CMakeFiles/ros2web_interfaces__rosidl_typesupport_introspection_cpp.dir/rosidl_typesupport_introspection_cpp/ros2web_interfaces/msg/detail/ws_msg_data__type_support.cpp.o[0m
[ 47%] [32mBuilding CXX object CMakeFiles/ros2web_interfaces__rosidl_typesupport_introspection_cpp.dir/rosidl_typesupport_introspection_cpp/ros2web_interfaces/srv/detail/http__type_support.cpp.o[0m
[ 45%] [32mBuilding CXX object CMakeFiles/ros2web_interfaces__rosidl_typesupport_introspection_cpp.dir/rosidl_typesupport_introspection_cpp/ros2web_interfaces/msg/detail/ws_msg_type__type_support.cpp.o[0m
[ 46%] [32mBuilding CXX object CMakeFiles/ros2web_interfaces__rosidl_typesupport_introspection_cpp.dir/rosidl_typesupport_introspection_cpp/ros2web_interfaces/msg/detail/content_type__type_support.cpp.o[0m
[ 48%] [32m[1mLinking CXX shared library libros2web_interfaces__rosidl_typesupport_c.so[0m
[ 49%] [32mBuilding CXX object CMakeFiles/ros2web_interfaces__rosidl_typesupport_cpp.dir/rosidl_typesupport_cpp/ros2web_interfaces/msg/ws_msg__type_support.cpp.o[0m
[ 50%] [32mBuilding CXX object CMakeFiles/ros2web_interfaces__rosidl_typesupport_cpp.dir/rosidl_typesupport_cpp/ros2web_interfaces/msg/body_part__type_support.cpp.o[0m
[ 51%] [32mBuilding CXX object CMakeFiles/ros2web_interfaces__rosidl_typesupport_cpp.dir/rosidl_typesupport_cpp/ros2web_interfaces/srv/http__type_support.cpp.o[0m
[ 52%] [32mBuilding CXX object CMakeFiles/ros2web_interfaces__rosidl_typesupport_cpp.dir/rosidl_typesupport_cpp/ros2web_interfaces/msg/http_status_code__type_support.cpp.o[0m
[ 53%] [32mBuilding CXX object CMakeFiles/ros2web_interfaces__rosidl_typesupport_cpp.dir/rosidl_typesupport_cpp/ros2web_interfaces/msg/content_type__type_support.cpp.o[0m
[ 54%] [32mBuilding CXX object CMakeFiles/ros2web_interfaces__rosidl_typesupport_cpp.dir/rosidl_typesupport_cpp/ros2web_interfaces/msg/ws_msg_type__type_support.cpp.o[0m
[ 54%] [32mBuilding CXX object CMakeFiles/ros2web_interfaces__rosidl_typesupport_cpp.dir/rosidl_typesupport_cpp/ros2web_interfaces/msg/ws_msg_data__type_support.cpp.o[0m
[ 55%] [32mBuilding C object CMakeFiles/ros2web_interfaces__rosidl_typesupport_introspection_c.dir/rosidl_typesupport_introspection_c/ros2web_interfaces/msg/detail/http_status_code__type_support.c.o[0m
[ 56%] [32mBuilding C object CMakeFiles/ros2web_interfaces__rosidl_typesupport_introspection_c.dir/rosidl_typesupport_introspection_c/ros2web_interfaces/msg/detail/body_part__type_support.c.o[0m
[ 57%] [32mBuilding C object CMakeFiles/ros2web_interfaces__rosidl_typesupport_introspection_c.dir/rosidl_typesupport_introspection_c/ros2web_interfaces/msg/detail/content_type__type_support.c.o[0m
[ 58%] [32mBuilding CXX object CMakeFiles/ros2web_interfaces__rosidl_typesupport_cpp.dir/rosidl_typesupport_cpp/ros2web_interfaces/srv/ws__type_support.cpp.o[0m
[ 59%] [32mBuilding C object CMakeFiles/ros2web_interfaces__rosidl_typesupport_introspection_c.dir/rosidl_typesupport_introspection_c/ros2web_interfaces/msg/detail/ws_msg_type__type_support.c.o[0m
[ 60%] [32mBuilding C object CMakeFiles/ros2web_interfaces__rosidl_typesupport_introspection_c.dir/rosidl_typesupport_introspection_c/ros2web_interfaces/msg/detail/ws_msg_data__type_support.c.o[0m
[ 60%] Built target ros2web_interfaces__rosidl_typesupport_c
[ 61%] [32mBuilding C object CMakeFiles/ros2web_interfaces__rosidl_typesupport_introspection_c.dir/rosidl_typesupport_introspection_c/ros2web_interfaces/msg/detail/ws_msg__type_support.c.o[0m
[ 62%] [32mBuilding C object CMakeFiles/ros2web_interfaces__rosidl_typesupport_introspection_c.dir/rosidl_typesupport_introspection_c/ros2web_interfaces/srv/detail/ws__type_support.c.o[0m
[ 63%] [32mBuilding C object CMakeFiles/ros2web_interfaces__rosidl_typesupport_introspection_c.dir/rosidl_typesupport_introspection_c/ros2web_interfaces/srv/detail/http__type_support.c.o[0m
[ 64%] [32mBuilding CXX object CMakeFiles/ros2web_interfaces__rosidl_typesupport_fastrtps_c.dir/rosidl_typesupport_fastrtps_c/ros2web_interfaces/msg/detail/content_type__type_support_c.cpp.o[0m
[ 65%] [32mBuilding CXX object CMakeFiles/ros2web_interfaces__rosidl_typesupport_fastrtps_c.dir/rosidl_typesupport_fastrtps_c/ros2web_interfaces/msg/detail/ws_msg_data__type_support_c.cpp.o[0m
[ 66%] [32mBuilding CXX object CMakeFiles/ros2web_interfaces__rosidl_typesupport_fastrtps_c.dir/rosidl_typesupport_fastrtps_c/ros2web_interfaces/msg/detail/body_part__type_support_c.cpp.o[0m
[ 68%] [32mBuilding CXX object CMakeFiles/ros2web_interfaces__rosidl_typesupport_fastrtps_c.dir/rosidl_typesupport_fastrtps_c/ros2web_interfaces/msg/detail/http_status_code__type_support_c.cpp.o[0m
[ 68%] [32mBuilding CXX object CMakeFiles/ros2web_interfaces__rosidl_typesupport_fastrtps_c.dir/rosidl_typesupport_fastrtps_c/ros2web_interfaces/msg/detail/ws_msg_type__type_support_c.cpp.o[0m
[ 69%] [32mBuilding CXX object CMakeFiles/ros2web_interfaces__rosidl_typesupport_fastrtps_c.dir/rosidl_typesupport_fastrtps_c/ros2web_interfaces/msg/detail/ws_msg__type_support_c.cpp.o[0m
[ 70%] [32mBuilding CXX object CMakeFiles/ros2web_interfaces__rosidl_typesupport_fastrtps_cpp.dir/rosidl_typesupport_fastrtps_cpp/ros2web_interfaces/msg/detail/dds_fastrtps/body_part__type_support.cpp.o[0m
[ 71%] [32m[1mLinking C shared library libros2web_interfaces__rosidl_typesupport_introspection_c.so[0m
[ 72%] [32mBuilding CXX object CMakeFiles/ros2web_interfaces__rosidl_typesupport_fastrtps_cpp.dir/rosidl_typesupport_fastrtps_cpp/ros2web_interfaces/msg/detail/dds_fastrtps/content_type__type_support.cpp.o[0m
[ 73%] [32mBuilding CXX object CMakeFiles/ros2web_interfaces__rosidl_typesupport_fastrtps_cpp.dir/rosidl_typesupport_fastrtps_cpp/ros2web_interfaces/msg/detail/dds_fastrtps/http_status_code__type_support.cpp.o[0m
[ 74%] [32mBuilding CXX object CMakeFiles/ros2web_interfaces__rosidl_typesupport_fastrtps_c.dir/rosidl_typesupport_fastrtps_c/ros2web_interfaces/srv/detail/http__type_support_c.cpp.o[0m
[ 75%] [32mBuilding CXX object CMakeFiles/ros2web_interfaces__rosidl_typesupport_fastrtps_c.dir/rosidl_typesupport_fastrtps_c/ros2web_interfaces/srv/detail/ws__type_support_c.cpp.o[0m
[ 75%] Built target ros2web_interfaces__rosidl_typesupport_introspection_c
[ 76%] [32mBuilding CXX object CMakeFiles/ros2web_interfaces__rosidl_typesupport_fastrtps_cpp.dir/rosidl_typesupport_fastrtps_cpp/ros2web_interfaces/msg/detail/dds_fastrtps/ws_msg_data__type_support.cpp.o[0m
[ 77%] [32mBuilding CXX object CMakeFiles/ros2web_interfaces__rosidl_typesupport_fastrtps_cpp.dir/rosidl_typesupport_fastrtps_cpp/ros2web_interfaces/msg/detail/dds_fastrtps/ws_msg_type__type_support.cpp.o[0m
[ 78%] [32mBuilding CXX object CMakeFiles/ros2web_interfaces__rosidl_typesupport_fastrtps_cpp.dir/rosidl_typesupport_fastrtps_cpp/ros2web_interfaces/srv/detail/dds_fastrtps/http__type_support.cpp.o[0m
[ 79%] [32mBuilding CXX object CMakeFiles/ros2web_interfaces__rosidl_typesupport_fastrtps_cpp.dir/rosidl_typesupport_fastrtps_cpp/ros2web_interfaces/msg/detail/dds_fastrtps/ws_msg__type_support.cpp.o[0m
[ 80%] [32mBuilding CXX object CMakeFiles/ros2web_interfaces__rosidl_typesupport_fastrtps_cpp.dir/rosidl_typesupport_fastrtps_cpp/ros2web_interfaces/srv/detail/dds_fastrtps/ws__type_support.cpp.o[0m
[ 81%] [32m[1mLinking CXX shared library libros2web_interfaces__rosidl_typesupport_cpp.so[0m
[ 82%] [32m[1mLinking CXX shared library libros2web_interfaces__rosidl_typesupport_introspection_cpp.so[0m
[ 82%] Built target ros2web_interfaces__rosidl_typesupport_cpp
[ 82%] Built target ros2web_interfaces__rosidl_typesupport_introspection_cpp
[ 83%] [32m[1mLinking CXX shared library libros2web_interfaces__rosidl_typesupport_fastrtps_c.so[0m
[ 83%] Built target ros2web_interfaces__rosidl_typesupport_fastrtps_c
[ 84%] [32m[1mLinking CXX shared library libros2web_interfaces__rosidl_typesupport_fastrtps_cpp.so[0m
[ 84%] Built target ros2web_interfaces__rosidl_typesupport_fastrtps_cpp
[ 84%] Built target ros2web_interfaces
[ 85%] [34m[1mGenerating Python code for ROS interfaces[0m
[ 85%] Built target ros2web_interfaces__py
[ 86%] [32mBuilding C object CMakeFiles/ros2web_interfaces__rosidl_generator_py.dir/rosidl_generator_py/ros2web_interfaces/msg/_body_part_s.c.o[0m
[ 87%] [32mBuilding C object CMakeFiles/ros2web_interfaces__rosidl_generator_py.dir/rosidl_generator_py/ros2web_interfaces/msg/_content_type_s.c.o[0m
[ 88%] [32mBuilding C object CMakeFiles/ros2web_interfaces__rosidl_generator_py.dir/rosidl_generator_py/ros2web_interfaces/msg/_ws_msg_data_s.c.o[0m
[ 89%] [32mBuilding C object CMakeFiles/ros2web_interfaces__rosidl_generator_py.dir/rosidl_generator_py/ros2web_interfaces/msg/_http_status_code_s.c.o[0m
[ 90%] [32mBuilding C object CMakeFiles/ros2web_interfaces__rosidl_generator_py.dir/rosidl_generator_py/ros2web_interfaces/msg/_ws_msg_s.c.o[0m
[ 91%] [32mBuilding C object CMakeFiles/ros2web_interfaces__rosidl_generator_py.dir/rosidl_generator_py/ros2web_interfaces/msg/_ws_msg_type_s.c.o[0m
[ 92%] [32mBuilding C object CMakeFiles/ros2web_interfaces__rosidl_generator_py.dir/rosidl_generator_py/ros2web_interfaces/srv/_ws_s.c.o[0m
[ 93%] [32mBuilding C object CMakeFiles/ros2web_interfaces__rosidl_generator_py.dir/rosidl_generator_py/ros2web_interfaces/srv/_http_s.c.o[0m
[ 94%] [32m[1mLinking C shared library libros2web_interfaces__rosidl_generator_py.so[0m
[ 94%] Built target ros2web_interfaces__rosidl_generator_py
[ 95%] [32mBuilding C object CMakeFiles/ros2web_interfaces_s__rosidl_typesupport_introspection_c.dir/rosidl_generator_py/ros2web_interfaces/_ros2web_interfaces_s.ep.rosidl_typesupport_introspection_c.c.o[0m
[ 96%] [32mBuilding C object CMakeFiles/ros2web_interfaces_s__rosidl_typesupport_c.dir/rosidl_generator_py/ros2web_interfaces/_ros2web_interfaces_s.ep.rosidl_typesupport_c.c.o[0m
[ 97%] [32mBuilding C object CMakeFiles/ros2web_interfaces_s__rosidl_typesupport_fastrtps_c.dir/rosidl_generator_py/ros2web_interfaces/_ros2web_interfaces_s.ep.rosidl_typesupport_fastrtps_c.c.o[0m
[ 98%] [32m[1mLinking C shared module rosidl_generator_py/ros2web_interfaces/ros2web_interfaces_s__rosidl_typesupport_c.so[0m
[ 99%] [32m[1mLinking C shared module rosidl_generator_py/ros2web_interfaces/ros2web_interfaces_s__rosidl_typesupport_introspection_c.so[0m
[100%] [32m[1mLinking C shared module rosidl_generator_py/ros2web_interfaces/ros2web_interfaces_s__rosidl_typesupport_fastrtps_c.so[0m
[100%] Built target ros2web_interfaces_s__rosidl_typesupport_fastrtps_c
[100%] Built target ros2web_interfaces_s__rosidl_typesupport_c
[100%] Built target ros2web_interfaces_s__rosidl_typesupport_introspection_c
