[0.016s] Invoking command in '/home/nameless/Desktop/RoARM_Jazzy_ws/src/roarm_ws_em0_jazzy/build/ros2web_interfaces': CMAKE_PREFIX_PATH=${CMAKE_PREFIX_PATH}:/opt/ros/jazzy DEBUGINFOD_URLS=https://debuginfod.ubuntu.com /usr/bin/cmake /home/nameless/Desktop/RoARM_Jazzy_ws/src/roarm_ws_em0_jazzy/src/roarm_else/ros2web-ros2/ros2web_interfaces -DAMENT_CMAKE_SYMLINK_INSTALL=1 -DCMAKE_INSTALL_PREFIX=/home/nameless/Desktop/RoARM_Jazzy_ws/src/roarm_ws_em0_jazzy/install/ros2web_interfaces
[0.151s] -- The C compiler identification is GNU 13.3.0
[0.151s] -- The CXX compiler identification is GNU 13.3.0
[0.151s] -- Detecting C compiler ABI info
[0.184s] -- Detecting C compiler ABI info - done
[0.190s] -- Check for working C compiler: /usr/bin/cc - skipped
[0.190s] -- Detecting C compile features
[0.190s] -- Detecting C compile features - done
[0.199s] -- Detecting CXX compiler ABI info
[0.272s] -- Detecting CXX compiler ABI info - done
[0.280s] -- Check for working CXX compiler: /usr/bin/c++ - skipped
[0.280s] -- Detecting CXX compile features
[0.280s] -- Detecting CXX compile features - done
[0.283s] -- Found ament_cmake: 2.5.4 (/opt/ros/jazzy/share/ament_cmake/cmake)
[0.370s] -- Found Python3: /usr/bin/python3 (found version "3.12.3") found components: Interpreter 
[0.415s] -- Override CMake install command with custom implementation using symlinks instead of copying resources
[0.454s] -- Found rosidl_default_generators: 1.6.0 (/opt/ros/jazzy/share/rosidl_default_generators/cmake)
[0.460s] -- Using all available rosidl_typesupport_c: rosidl_typesupport_fastrtps_c;rosidl_typesupport_introspection_c
[0.507s] -- Using all available rosidl_typesupport_cpp: rosidl_typesupport_fastrtps_cpp;rosidl_typesupport_introspection_cpp
[0.544s] -- Found rosidl_adapter: 4.6.6 (/opt/ros/jazzy/share/rosidl_adapter/cmake)
[0.960s] -- Found ament_cmake_ros: 0.12.0 (/opt/ros/jazzy/share/ament_cmake_ros/cmake)
[1.245s] -- Using all available rosidl_typesupport_c: rosidl_typesupport_fastrtps_c;rosidl_typesupport_introspection_c
[1.606s] -- Using all available rosidl_typesupport_cpp: rosidl_typesupport_fastrtps_cpp;rosidl_typesupport_introspection_cpp
[1.609s] -- Found python_cmake_module: 0.11.1 (/opt/ros/jazzy/share/python_cmake_module/cmake)
[1.694s] -- Found PythonExtra: /usr/bin/python3  
[1.967s] -- Found Python3: /usr/bin/python3 (found version "3.12.3") found components: Interpreter Development NumPy Development.Module Development.Embed 
[1.994s] -- Configuring done (2.0s)
[2.015s] -- Generating done (0.0s)
[2.020s] -- Build files have been written to: /home/nameless/Desktop/RoARM_Jazzy_ws/src/roarm_ws_em0_jazzy/build/ros2web_interfaces
[2.027s] Invoked command in '/home/nameless/Desktop/RoARM_Jazzy_ws/src/roarm_ws_em0_jazzy/build/ros2web_interfaces' returned '0': CMAKE_PREFIX_PATH=${CMAKE_PREFIX_PATH}:/opt/ros/jazzy DEBUGINFOD_URLS=https://debuginfod.ubuntu.com /usr/bin/cmake /home/nameless/Desktop/RoARM_Jazzy_ws/src/roarm_ws_em0_jazzy/src/roarm_else/ros2web-ros2/ros2web_interfaces -DAMENT_CMAKE_SYMLINK_INSTALL=1 -DCMAKE_INSTALL_PREFIX=/home/nameless/Desktop/RoARM_Jazzy_ws/src/roarm_ws_em0_jazzy/install/ros2web_interfaces
[2.028s] Invoking command in '/home/nameless/Desktop/RoARM_Jazzy_ws/src/roarm_ws_em0_jazzy/build/ros2web_interfaces': CMAKE_PREFIX_PATH=${CMAKE_PREFIX_PATH}:/opt/ros/jazzy DEBUGINFOD_URLS=https://debuginfod.ubuntu.com /usr/bin/cmake --build /home/nameless/Desktop/RoARM_Jazzy_ws/src/roarm_ws_em0_jazzy/build/ros2web_interfaces -- -j24 -l24
[2.069s] [  1%] [34m[1mGenerating type hashes for ROS interfaces[0m
[2.078s] [  1%] Built target ament_cmake_python_symlink_ros2web_interfaces
[2.190s] running egg_info
[2.191s] creating ros2web_interfaces.egg-info
[2.199s] writing ros2web_interfaces.egg-info/PKG-INFO
[2.199s] writing dependency_links to ros2web_interfaces.egg-info/dependency_links.txt
[2.199s] writing top-level names to ros2web_interfaces.egg-info/top_level.txt
[2.200s] writing manifest file 'ros2web_interfaces.egg-info/SOURCES.txt'
[2.229s] reading manifest file 'ros2web_interfaces.egg-info/SOURCES.txt'
[2.229s] writing manifest file 'ros2web_interfaces.egg-info/SOURCES.txt'
[2.245s] [  1%] Built target ament_cmake_python_build_ros2web_interfaces_egg
[2.462s] [  1%] Built target ros2web_interfaces__rosidl_generator_type_description
[2.469s] [  2%] [34m[1mGenerating C code for ROS interfaces[0m
[2.483s] [  2%] [34m[1mGenerating C++ code for ROS interfaces[0m
[3.017s] [  2%] Built target ros2web_interfaces__cpp
[3.043s] [  5%] [32mBuilding C object CMakeFiles/ros2web_interfaces__rosidl_generator_c.dir/rosidl_generator_c/ros2web_interfaces/msg/detail/body_part__description.c.o[0m
[3.043s] [  5%] [32mBuilding C object CMakeFiles/ros2web_interfaces__rosidl_generator_c.dir/rosidl_generator_c/ros2web_interfaces/msg/detail/body_part__functions.c.o[0m
[3.043s] [  5%] [32mBuilding C object CMakeFiles/ros2web_interfaces__rosidl_generator_c.dir/rosidl_generator_c/ros2web_interfaces/msg/detail/body_part__type_support.c.o[0m
[3.044s] [  6%] [32mBuilding C object CMakeFiles/ros2web_interfaces__rosidl_generator_c.dir/rosidl_generator_c/ros2web_interfaces/msg/detail/http_status_code__description.c.o[0m
[3.045s] [  8%] [32mBuilding C object CMakeFiles/ros2web_interfaces__rosidl_generator_c.dir/rosidl_generator_c/ros2web_interfaces/msg/detail/content_type__description.c.o[0m
[3.045s] [  8%] [32mBuilding C object CMakeFiles/ros2web_interfaces__rosidl_generator_c.dir/rosidl_generator_c/ros2web_interfaces/msg/detail/http_status_code__functions.c.o[0m
[3.045s] [  9%] [32mBuilding C object CMakeFiles/ros2web_interfaces__rosidl_generator_c.dir/rosidl_generator_c/ros2web_interfaces/msg/detail/content_type__functions.c.o[0m
[3.046s] [ 10%] [32mBuilding C object CMakeFiles/ros2web_interfaces__rosidl_generator_c.dir/rosidl_generator_c/ros2web_interfaces/msg/detail/ws_msg_data__functions.c.o[0m
[3.046s] [ 11%] [32mBuilding C object CMakeFiles/ros2web_interfaces__rosidl_generator_c.dir/rosidl_generator_c/ros2web_interfaces/msg/detail/http_status_code__type_support.c.o[0m
[3.046s] [ 12%] [32mBuilding C object CMakeFiles/ros2web_interfaces__rosidl_generator_c.dir/rosidl_generator_c/ros2web_interfaces/msg/detail/content_type__type_support.c.o[0m
[3.046s] [ 13%] [32mBuilding C object CMakeFiles/ros2web_interfaces__rosidl_generator_c.dir/rosidl_generator_c/ros2web_interfaces/msg/detail/ws_msg_data__type_support.c.o[0m
[3.046s] [ 14%] [32mBuilding C object CMakeFiles/ros2web_interfaces__rosidl_generator_c.dir/rosidl_generator_c/ros2web_interfaces/msg/detail/ws_msg_data__description.c.o[0m
[3.047s] [ 15%] [32mBuilding C object CMakeFiles/ros2web_interfaces__rosidl_generator_c.dir/rosidl_generator_c/ros2web_interfaces/msg/detail/ws_msg_type__description.c.o[0m
[3.048s] [ 16%] [32mBuilding C object CMakeFiles/ros2web_interfaces__rosidl_generator_c.dir/rosidl_generator_c/ros2web_interfaces/msg/detail/ws_msg_type__functions.c.o[0m
[3.048s] [ 17%] [32mBuilding C object CMakeFiles/ros2web_interfaces__rosidl_generator_c.dir/rosidl_generator_c/ros2web_interfaces/msg/detail/ws_msg__description.c.o[0m
[3.048s] [ 18%] [32mBuilding C object CMakeFiles/ros2web_interfaces__rosidl_generator_c.dir/rosidl_generator_c/ros2web_interfaces/msg/detail/ws_msg__type_support.c.o[0m
[3.048s] [ 20%] [32mBuilding C object CMakeFiles/ros2web_interfaces__rosidl_generator_c.dir/rosidl_generator_c/ros2web_interfaces/msg/detail/ws_msg__functions.c.o[0m
[3.048s] [ 20%] [32mBuilding C object CMakeFiles/ros2web_interfaces__rosidl_generator_c.dir/rosidl_generator_c/ros2web_interfaces/msg/detail/ws_msg_type__type_support.c.o[0m
[3.052s] [ 21%] [32mBuilding C object CMakeFiles/ros2web_interfaces__rosidl_generator_c.dir/rosidl_generator_c/ros2web_interfaces/srv/detail/http__description.c.o[0m
[3.066s] [ 23%] [32mBuilding C object CMakeFiles/ros2web_interfaces__rosidl_generator_c.dir/rosidl_generator_c/ros2web_interfaces/srv/detail/ws__functions.c.o[0m
[3.066s] [ 23%] [32mBuilding C object CMakeFiles/ros2web_interfaces__rosidl_generator_c.dir/rosidl_generator_c/ros2web_interfaces/srv/detail/http__type_support.c.o[0m
[3.066s] [ 23%] [32mBuilding C object CMakeFiles/ros2web_interfaces__rosidl_generator_c.dir/rosidl_generator_c/ros2web_interfaces/srv/detail/ws__type_support.c.o[0m
[3.067s] [ 24%] [32mBuilding C object CMakeFiles/ros2web_interfaces__rosidl_generator_c.dir/rosidl_generator_c/ros2web_interfaces/srv/detail/http__functions.c.o[0m
[3.071s] [ 25%] [32mBuilding C object CMakeFiles/ros2web_interfaces__rosidl_generator_c.dir/rosidl_generator_c/ros2web_interfaces/srv/detail/ws__description.c.o[0m
[3.123s] [ 26%] [32m[1mLinking C shared library libros2web_interfaces__rosidl_generator_c.so[0m
[3.154s] [ 26%] Built target ros2web_interfaces__rosidl_generator_c
[3.161s] [ 27%] [34m[1mGenerating C++ introspection for ROS interfaces[0m
[3.161s] [ 28%] [34m[1mGenerating C++ type support for eProsima Fast-RTPS[0m
[3.161s] [ 29%] [34m[1mGenerating C++ type support dispatch for ROS interfaces[0m
[3.162s] [ 29%] [34m[1mGenerating C introspection for ROS interfaces[0m
[3.164s] [ 30%] [34m[1mGenerating C type support dispatch for ROS interfaces[0m
[3.165s] [ 31%] [34m[1mGenerating C type support for eProsima Fast-RTPS[0m
[3.618s] [ 32%] [32mBuilding CXX object CMakeFiles/ros2web_interfaces__rosidl_typesupport_c.dir/rosidl_typesupport_c/ros2web_interfaces/msg/body_part__type_support.cpp.o[0m
[3.618s] [ 33%] [32mBuilding CXX object CMakeFiles/ros2web_interfaces__rosidl_typesupport_c.dir/rosidl_typesupport_c/ros2web_interfaces/msg/ws_msg_data__type_support.cpp.o[0m
[3.620s] [ 34%] [32mBuilding CXX object CMakeFiles/ros2web_interfaces__rosidl_typesupport_c.dir/rosidl_typesupport_c/ros2web_interfaces/msg/content_type__type_support.cpp.o[0m
[3.621s] [ 35%] [32mBuilding CXX object CMakeFiles/ros2web_interfaces__rosidl_typesupport_c.dir/rosidl_typesupport_c/ros2web_interfaces/msg/http_status_code__type_support.cpp.o[0m
[3.622s] [ 38%] [32mBuilding CXX object CMakeFiles/ros2web_interfaces__rosidl_typesupport_c.dir/rosidl_typesupport_c/ros2web_interfaces/msg/ws_msg__type_support.cpp.o[0m
[3.622s] [ 38%] [32mBuilding CXX object CMakeFiles/ros2web_interfaces__rosidl_typesupport_c.dir/rosidl_typesupport_c/ros2web_interfaces/srv/ws__type_support.cpp.o[0m
[3.623s] [ 39%] [32mBuilding CXX object CMakeFiles/ros2web_interfaces__rosidl_typesupport_c.dir/rosidl_typesupport_c/ros2web_interfaces/srv/http__type_support.cpp.o[0m
[3.625s] [ 36%] [32mBuilding CXX object CMakeFiles/ros2web_interfaces__rosidl_typesupport_c.dir/rosidl_typesupport_c/ros2web_interfaces/msg/ws_msg_type__type_support.cpp.o[0m
[3.645s] [ 40%] [32mBuilding CXX object CMakeFiles/ros2web_interfaces__rosidl_typesupport_introspection_cpp.dir/rosidl_typesupport_introspection_cpp/ros2web_interfaces/msg/detail/body_part__type_support.cpp.o[0m
[3.660s] [ 41%] [32mBuilding CXX object CMakeFiles/ros2web_interfaces__rosidl_typesupport_introspection_cpp.dir/rosidl_typesupport_introspection_cpp/ros2web_interfaces/srv/detail/ws__type_support.cpp.o[0m
[3.660s] [ 42%] [32mBuilding CXX object CMakeFiles/ros2web_interfaces__rosidl_typesupport_introspection_cpp.dir/rosidl_typesupport_introspection_cpp/ros2web_interfaces/msg/detail/http_status_code__type_support.cpp.o[0m
[3.660s] [ 43%] [32mBuilding CXX object CMakeFiles/ros2web_interfaces__rosidl_typesupport_introspection_cpp.dir/rosidl_typesupport_introspection_cpp/ros2web_interfaces/msg/detail/ws_msg__type_support.cpp.o[0m
[3.660s] [ 44%] [32mBuilding CXX object CMakeFiles/ros2web_interfaces__rosidl_typesupport_introspection_cpp.dir/rosidl_typesupport_introspection_cpp/ros2web_interfaces/msg/detail/ws_msg_data__type_support.cpp.o[0m
[3.660s] [ 47%] [32mBuilding CXX object CMakeFiles/ros2web_interfaces__rosidl_typesupport_introspection_cpp.dir/rosidl_typesupport_introspection_cpp/ros2web_interfaces/srv/detail/http__type_support.cpp.o[0m
[3.660s] [ 45%] [32mBuilding CXX object CMakeFiles/ros2web_interfaces__rosidl_typesupport_introspection_cpp.dir/rosidl_typesupport_introspection_cpp/ros2web_interfaces/msg/detail/ws_msg_type__type_support.cpp.o[0m
[3.660s] [ 46%] [32mBuilding CXX object CMakeFiles/ros2web_interfaces__rosidl_typesupport_introspection_cpp.dir/rosidl_typesupport_introspection_cpp/ros2web_interfaces/msg/detail/content_type__type_support.cpp.o[0m
[3.673s] [ 48%] [32m[1mLinking CXX shared library libros2web_interfaces__rosidl_typesupport_c.so[0m
[3.685s] [ 49%] [32mBuilding CXX object CMakeFiles/ros2web_interfaces__rosidl_typesupport_cpp.dir/rosidl_typesupport_cpp/ros2web_interfaces/msg/ws_msg__type_support.cpp.o[0m
[3.685s] [ 50%] [32mBuilding CXX object CMakeFiles/ros2web_interfaces__rosidl_typesupport_cpp.dir/rosidl_typesupport_cpp/ros2web_interfaces/msg/body_part__type_support.cpp.o[0m
[3.688s] [ 51%] [32mBuilding CXX object CMakeFiles/ros2web_interfaces__rosidl_typesupport_cpp.dir/rosidl_typesupport_cpp/ros2web_interfaces/srv/http__type_support.cpp.o[0m
[3.689s] [ 52%] [32mBuilding CXX object CMakeFiles/ros2web_interfaces__rosidl_typesupport_cpp.dir/rosidl_typesupport_cpp/ros2web_interfaces/msg/http_status_code__type_support.cpp.o[0m
[3.689s] [ 53%] [32mBuilding CXX object CMakeFiles/ros2web_interfaces__rosidl_typesupport_cpp.dir/rosidl_typesupport_cpp/ros2web_interfaces/msg/content_type__type_support.cpp.o[0m
[3.692s] [ 54%] [32mBuilding CXX object CMakeFiles/ros2web_interfaces__rosidl_typesupport_cpp.dir/rosidl_typesupport_cpp/ros2web_interfaces/msg/ws_msg_type__type_support.cpp.o[0m
[3.692s] [ 54%] [32mBuilding CXX object CMakeFiles/ros2web_interfaces__rosidl_typesupport_cpp.dir/rosidl_typesupport_cpp/ros2web_interfaces/msg/ws_msg_data__type_support.cpp.o[0m
[3.696s] [ 55%] [32mBuilding C object CMakeFiles/ros2web_interfaces__rosidl_typesupport_introspection_c.dir/rosidl_typesupport_introspection_c/ros2web_interfaces/msg/detail/http_status_code__type_support.c.o[0m
[3.697s] [ 56%] [32mBuilding C object CMakeFiles/ros2web_interfaces__rosidl_typesupport_introspection_c.dir/rosidl_typesupport_introspection_c/ros2web_interfaces/msg/detail/body_part__type_support.c.o[0m
[3.697s] [ 57%] [32mBuilding C object CMakeFiles/ros2web_interfaces__rosidl_typesupport_introspection_c.dir/rosidl_typesupport_introspection_c/ros2web_interfaces/msg/detail/content_type__type_support.c.o[0m
[3.698s] [ 58%] [32mBuilding CXX object CMakeFiles/ros2web_interfaces__rosidl_typesupport_cpp.dir/rosidl_typesupport_cpp/ros2web_interfaces/srv/ws__type_support.cpp.o[0m
[3.702s] [ 59%] [32mBuilding C object CMakeFiles/ros2web_interfaces__rosidl_typesupport_introspection_c.dir/rosidl_typesupport_introspection_c/ros2web_interfaces/msg/detail/ws_msg_type__type_support.c.o[0m
[3.706s] [ 60%] [32mBuilding C object CMakeFiles/ros2web_interfaces__rosidl_typesupport_introspection_c.dir/rosidl_typesupport_introspection_c/ros2web_interfaces/msg/detail/ws_msg_data__type_support.c.o[0m
[3.723s] [ 60%] Built target ros2web_interfaces__rosidl_typesupport_c
[3.735s] [ 61%] [32mBuilding C object CMakeFiles/ros2web_interfaces__rosidl_typesupport_introspection_c.dir/rosidl_typesupport_introspection_c/ros2web_interfaces/msg/detail/ws_msg__type_support.c.o[0m
[3.749s] [ 62%] [32mBuilding C object CMakeFiles/ros2web_interfaces__rosidl_typesupport_introspection_c.dir/rosidl_typesupport_introspection_c/ros2web_interfaces/srv/detail/ws__type_support.c.o[0m
[3.754s] [ 63%] [32mBuilding C object CMakeFiles/ros2web_interfaces__rosidl_typesupport_introspection_c.dir/rosidl_typesupport_introspection_c/ros2web_interfaces/srv/detail/http__type_support.c.o[0m
[3.830s] [ 64%] [32mBuilding CXX object CMakeFiles/ros2web_interfaces__rosidl_typesupport_fastrtps_c.dir/rosidl_typesupport_fastrtps_c/ros2web_interfaces/msg/detail/content_type__type_support_c.cpp.o[0m
[3.831s] [ 65%] [32mBuilding CXX object CMakeFiles/ros2web_interfaces__rosidl_typesupport_fastrtps_c.dir/rosidl_typesupport_fastrtps_c/ros2web_interfaces/msg/detail/ws_msg_data__type_support_c.cpp.o[0m
[3.831s] [ 66%] [32mBuilding CXX object CMakeFiles/ros2web_interfaces__rosidl_typesupport_fastrtps_c.dir/rosidl_typesupport_fastrtps_c/ros2web_interfaces/msg/detail/body_part__type_support_c.cpp.o[0m
[3.840s] [ 68%] [32mBuilding CXX object CMakeFiles/ros2web_interfaces__rosidl_typesupport_fastrtps_c.dir/rosidl_typesupport_fastrtps_c/ros2web_interfaces/msg/detail/http_status_code__type_support_c.cpp.o[0m
[3.840s] [ 68%] [32mBuilding CXX object CMakeFiles/ros2web_interfaces__rosidl_typesupport_fastrtps_c.dir/rosidl_typesupport_fastrtps_c/ros2web_interfaces/msg/detail/ws_msg_type__type_support_c.cpp.o[0m
[3.841s] [ 69%] [32mBuilding CXX object CMakeFiles/ros2web_interfaces__rosidl_typesupport_fastrtps_c.dir/rosidl_typesupport_fastrtps_c/ros2web_interfaces/msg/detail/ws_msg__type_support_c.cpp.o[0m
[3.843s] [ 70%] [32mBuilding CXX object CMakeFiles/ros2web_interfaces__rosidl_typesupport_fastrtps_cpp.dir/rosidl_typesupport_fastrtps_cpp/ros2web_interfaces/msg/detail/dds_fastrtps/body_part__type_support.cpp.o[0m
[3.856s] [ 71%] [32m[1mLinking C shared library libros2web_interfaces__rosidl_typesupport_introspection_c.so[0m
[3.878s] [ 72%] [32mBuilding CXX object CMakeFiles/ros2web_interfaces__rosidl_typesupport_fastrtps_cpp.dir/rosidl_typesupport_fastrtps_cpp/ros2web_interfaces/msg/detail/dds_fastrtps/content_type__type_support.cpp.o[0m
[3.898s] [ 73%] [32mBuilding CXX object CMakeFiles/ros2web_interfaces__rosidl_typesupport_fastrtps_cpp.dir/rosidl_typesupport_fastrtps_cpp/ros2web_interfaces/msg/detail/dds_fastrtps/http_status_code__type_support.cpp.o[0m
[3.905s] [ 74%] [32mBuilding CXX object CMakeFiles/ros2web_interfaces__rosidl_typesupport_fastrtps_c.dir/rosidl_typesupport_fastrtps_c/ros2web_interfaces/srv/detail/http__type_support_c.cpp.o[0m
[3.912s] [ 75%] [32mBuilding CXX object CMakeFiles/ros2web_interfaces__rosidl_typesupport_fastrtps_c.dir/rosidl_typesupport_fastrtps_c/ros2web_interfaces/srv/detail/ws__type_support_c.cpp.o[0m
[3.918s] [ 75%] Built target ros2web_interfaces__rosidl_typesupport_introspection_c
[3.928s] [ 76%] [32mBuilding CXX object CMakeFiles/ros2web_interfaces__rosidl_typesupport_fastrtps_cpp.dir/rosidl_typesupport_fastrtps_cpp/ros2web_interfaces/msg/detail/dds_fastrtps/ws_msg_data__type_support.cpp.o[0m
[3.948s] [ 77%] [32mBuilding CXX object CMakeFiles/ros2web_interfaces__rosidl_typesupport_fastrtps_cpp.dir/rosidl_typesupport_fastrtps_cpp/ros2web_interfaces/msg/detail/dds_fastrtps/ws_msg_type__type_support.cpp.o[0m
[3.993s] [ 78%] [32mBuilding CXX object CMakeFiles/ros2web_interfaces__rosidl_typesupport_fastrtps_cpp.dir/rosidl_typesupport_fastrtps_cpp/ros2web_interfaces/srv/detail/dds_fastrtps/http__type_support.cpp.o[0m
[3.994s] [ 79%] [32mBuilding CXX object CMakeFiles/ros2web_interfaces__rosidl_typesupport_fastrtps_cpp.dir/rosidl_typesupport_fastrtps_cpp/ros2web_interfaces/msg/detail/dds_fastrtps/ws_msg__type_support.cpp.o[0m
[4.006s] [ 80%] [32mBuilding CXX object CMakeFiles/ros2web_interfaces__rosidl_typesupport_fastrtps_cpp.dir/rosidl_typesupport_fastrtps_cpp/ros2web_interfaces/srv/detail/dds_fastrtps/ws__type_support.cpp.o[0m
[4.186s] [ 81%] [32m[1mLinking CXX shared library libros2web_interfaces__rosidl_typesupport_cpp.so[0m
[4.201s] [ 82%] [32m[1mLinking CXX shared library libros2web_interfaces__rosidl_typesupport_introspection_cpp.so[0m
[4.234s] [ 82%] Built target ros2web_interfaces__rosidl_typesupport_cpp
[4.255s] [ 82%] Built target ros2web_interfaces__rosidl_typesupport_introspection_cpp
[4.274s] [ 83%] [32m[1mLinking CXX shared library libros2web_interfaces__rosidl_typesupport_fastrtps_c.so[0m
[4.324s] [ 83%] Built target ros2web_interfaces__rosidl_typesupport_fastrtps_c
[4.493s] [ 84%] [32m[1mLinking CXX shared library libros2web_interfaces__rosidl_typesupport_fastrtps_cpp.so[0m
[4.555s] [ 84%] Built target ros2web_interfaces__rosidl_typesupport_fastrtps_cpp
[4.573s] [ 84%] Built target ros2web_interfaces
[4.588s] [ 85%] [34m[1mGenerating Python code for ROS interfaces[0m
[5.459s] [ 85%] Built target ros2web_interfaces__py
[5.473s] [ 86%] [32mBuilding C object CMakeFiles/ros2web_interfaces__rosidl_generator_py.dir/rosidl_generator_py/ros2web_interfaces/msg/_body_part_s.c.o[0m
[5.473s] [ 87%] [32mBuilding C object CMakeFiles/ros2web_interfaces__rosidl_generator_py.dir/rosidl_generator_py/ros2web_interfaces/msg/_content_type_s.c.o[0m
[5.474s] [ 88%] [32mBuilding C object CMakeFiles/ros2web_interfaces__rosidl_generator_py.dir/rosidl_generator_py/ros2web_interfaces/msg/_ws_msg_data_s.c.o[0m
[5.474s] [ 89%] [32mBuilding C object CMakeFiles/ros2web_interfaces__rosidl_generator_py.dir/rosidl_generator_py/ros2web_interfaces/msg/_http_status_code_s.c.o[0m
[5.474s] [ 90%] [32mBuilding C object CMakeFiles/ros2web_interfaces__rosidl_generator_py.dir/rosidl_generator_py/ros2web_interfaces/msg/_ws_msg_s.c.o[0m
[5.475s] [ 91%] [32mBuilding C object CMakeFiles/ros2web_interfaces__rosidl_generator_py.dir/rosidl_generator_py/ros2web_interfaces/msg/_ws_msg_type_s.c.o[0m
[5.475s] [ 92%] [32mBuilding C object CMakeFiles/ros2web_interfaces__rosidl_generator_py.dir/rosidl_generator_py/ros2web_interfaces/srv/_ws_s.c.o[0m
[5.475s] [ 93%] [32mBuilding C object CMakeFiles/ros2web_interfaces__rosidl_generator_py.dir/rosidl_generator_py/ros2web_interfaces/srv/_http_s.c.o[0m
[5.576s] [ 94%] [32m[1mLinking C shared library libros2web_interfaces__rosidl_generator_py.so[0m
[5.608s] [ 94%] Built target ros2web_interfaces__rosidl_generator_py
[5.623s] [ 95%] [32mBuilding C object CMakeFiles/ros2web_interfaces_s__rosidl_typesupport_introspection_c.dir/rosidl_generator_py/ros2web_interfaces/_ros2web_interfaces_s.ep.rosidl_typesupport_introspection_c.c.o[0m
[5.626s] [ 96%] [32mBuilding C object CMakeFiles/ros2web_interfaces_s__rosidl_typesupport_c.dir/rosidl_generator_py/ros2web_interfaces/_ros2web_interfaces_s.ep.rosidl_typesupport_c.c.o[0m
[5.627s] [ 97%] [32mBuilding C object CMakeFiles/ros2web_interfaces_s__rosidl_typesupport_fastrtps_c.dir/rosidl_generator_py/ros2web_interfaces/_ros2web_interfaces_s.ep.rosidl_typesupport_fastrtps_c.c.o[0m
[5.693s] [ 98%] [32m[1mLinking C shared module rosidl_generator_py/ros2web_interfaces/ros2web_interfaces_s__rosidl_typesupport_c.so[0m
[5.694s] [ 99%] [32m[1mLinking C shared module rosidl_generator_py/ros2web_interfaces/ros2web_interfaces_s__rosidl_typesupport_introspection_c.so[0m
[5.700s] [100%] [32m[1mLinking C shared module rosidl_generator_py/ros2web_interfaces/ros2web_interfaces_s__rosidl_typesupport_fastrtps_c.so[0m
[5.719s] [100%] Built target ros2web_interfaces_s__rosidl_typesupport_fastrtps_c
[5.721s] [100%] Built target ros2web_interfaces_s__rosidl_typesupport_c
[5.721s] [100%] Built target ros2web_interfaces_s__rosidl_typesupport_introspection_c
