running develop
running egg_info
creating roarm_web_app.egg-info
writing roarm_web_app.egg-info/PKG-INFO
writing dependency_links to roarm_web_app.egg-info/dependency_links.txt
writing entry points to roarm_web_app.egg-info/entry_points.txt
writing requirements to roarm_web_app.egg-info/requires.txt
writing top-level names to roarm_web_app.egg-info/top_level.txt
writing manifest file 'roarm_web_app.egg-info/SOURCES.txt'
reading manifest file 'roarm_web_app.egg-info/SOURCES.txt'
writing manifest file 'roarm_web_app.egg-info/SOURCES.txt'
running build_ext
Creating /home/nameless/Desktop/RoARM_Jazzy_ws/src/roarm_ws_em0_jazzy/install/roarm_web_app/lib/python3.12/site-packages/roarm-web-app.egg-link (link to .)
Installing roarm_web_app script to /home/nameless/Desktop/RoARM_Jazzy_ws/src/roarm_ws_em0_jazzy/install/roarm_web_app/lib/roarm_web_app

Installed /home/nameless/Desktop/RoARM_Jazzy_ws/src/roarm_ws_em0_jazzy/build/roarm_web_app
running symlink_data
creating /home/nameless/Desktop/RoARM_Jazzy_ws/src/roarm_ws_em0_jazzy/install/roarm_web_app/share/ament_index
creating /home/nameless/Desktop/RoARM_Jazzy_ws/src/roarm_ws_em0_jazzy/install/roarm_web_app/share/ament_index/resource_index
creating /home/nameless/Desktop/RoARM_Jazzy_ws/src/roarm_ws_em0_jazzy/install/roarm_web_app/share/ament_index/resource_index/packages
symbolically linking /home/nameless/Desktop/RoARM_Jazzy_ws/src/roarm_ws_em0_jazzy/build/roarm_web_app/resource/roarm_web_app -> /home/nameless/Desktop/RoARM_Jazzy_ws/src/roarm_ws_em0_jazzy/install/roarm_web_app/share/ament_index/resource_index/packages
symbolically linking /home/nameless/Desktop/RoARM_Jazzy_ws/src/roarm_ws_em0_jazzy/build/roarm_web_app/package.xml -> /home/nameless/Desktop/RoARM_Jazzy_ws/src/roarm_ws_em0_jazzy/install/roarm_web_app/share/roarm_web_app
