[0.246s] Invoking command in '/home/nameless/Desktop/RoARM_Jazzy_ws/src/roarm_ws_em0_jazzy/build/roarm_moveit_ikfast_plugins': CMAKE_PREFIX_PATH=${CMAKE_PREFIX_PATH}:/opt/ros/jazzy DEBUGINFOD_URLS=https://debuginfod.ubuntu.com /usr/bin/cmake --build /home/nameless/Desktop/RoARM_Jazzy_ws/src/roarm_ws_em0_jazzy/build/roarm_moveit_ikfast_plugins -- -j24 -l24
[0.287s] [100%] Built target roarm_description_hand_moveit_ikfast_plugin
[0.293s] Invoked command in '/home/nameless/Desktop/RoARM_Jazzy_ws/src/roarm_ws_em0_jazzy/build/roarm_moveit_ikfast_plugins' returned '0': CMAKE_PREFIX_PATH=${CMAKE_PREFIX_PATH}:/opt/ros/jazzy DEBUGINFOD_URLS=https://debuginfod.ubuntu.com /usr/bin/cmake --build /home/nameless/Desktop/RoARM_Jazzy_ws/src/roarm_ws_em0_jazzy/build/roarm_moveit_ikfast_plugins -- -j24 -l24
[0.293s] Invoking command in '/home/nameless/Desktop/RoARM_Jazzy_ws/src/roarm_ws_em0_jazzy/build/roarm_moveit_ikfast_plugins': CMAKE_PREFIX_PATH=${CMAKE_PREFIX_PATH}:/opt/ros/jazzy DEBUGINFOD_URLS=https://debuginfod.ubuntu.com /usr/bin/cmake --install /home/nameless/Desktop/RoARM_Jazzy_ws/src/roarm_ws_em0_jazzy/build/roarm_moveit_ikfast_plugins
[0.299s] -- Install configuration: ""
[0.299s] -- Execute custom install script
[0.299s] -- Up-to-date symlink: /home/nameless/Desktop/RoARM_Jazzy_ws/src/roarm_ws_em0_jazzy/install/roarm_moveit_ikfast_plugins/share/roarm_moveit_ikfast_plugins//roarm_description_hand_moveit_ikfast_plugin_description.xml
[0.299s] -- Up-to-date symlink: /home/nameless/Desktop/RoARM_Jazzy_ws/src/roarm_ws_em0_jazzy/install/roarm_moveit_ikfast_plugins/share/roarm_moveit_ikfast_plugins/environment/library_path.sh
[0.299s] -- Up-to-date symlink: /home/nameless/Desktop/RoARM_Jazzy_ws/src/roarm_ws_em0_jazzy/install/roarm_moveit_ikfast_plugins/share/roarm_moveit_ikfast_plugins/environment/library_path.dsv
[0.299s] -- Up-to-date symlink: /home/nameless/Desktop/RoARM_Jazzy_ws/src/roarm_ws_em0_jazzy/install/roarm_moveit_ikfast_plugins/share/ament_index/resource_index/package_run_dependencies/roarm_moveit_ikfast_plugins
[0.299s] -- Up-to-date symlink: /home/nameless/Desktop/RoARM_Jazzy_ws/src/roarm_ws_em0_jazzy/install/roarm_moveit_ikfast_plugins/share/ament_index/resource_index/parent_prefix_path/roarm_moveit_ikfast_plugins
[0.299s] -- Up-to-date symlink: /home/nameless/Desktop/RoARM_Jazzy_ws/src/roarm_ws_em0_jazzy/install/roarm_moveit_ikfast_plugins/share/roarm_moveit_ikfast_plugins/environment/ament_prefix_path.sh
[0.299s] -- Up-to-date symlink: /home/nameless/Desktop/RoARM_Jazzy_ws/src/roarm_ws_em0_jazzy/install/roarm_moveit_ikfast_plugins/share/roarm_moveit_ikfast_plugins/environment/ament_prefix_path.dsv
[0.299s] -- Up-to-date symlink: /home/nameless/Desktop/RoARM_Jazzy_ws/src/roarm_ws_em0_jazzy/install/roarm_moveit_ikfast_plugins/share/roarm_moveit_ikfast_plugins/environment/path.sh
[0.299s] -- Up-to-date symlink: /home/nameless/Desktop/RoARM_Jazzy_ws/src/roarm_ws_em0_jazzy/install/roarm_moveit_ikfast_plugins/share/roarm_moveit_ikfast_plugins/environment/path.dsv
[0.300s] -- Up-to-date symlink: /home/nameless/Desktop/RoARM_Jazzy_ws/src/roarm_ws_em0_jazzy/install/roarm_moveit_ikfast_plugins/share/roarm_moveit_ikfast_plugins/local_setup.bash
[0.300s] -- Up-to-date symlink: /home/nameless/Desktop/RoARM_Jazzy_ws/src/roarm_ws_em0_jazzy/install/roarm_moveit_ikfast_plugins/share/roarm_moveit_ikfast_plugins/local_setup.sh
[0.300s] -- Up-to-date symlink: /home/nameless/Desktop/RoARM_Jazzy_ws/src/roarm_ws_em0_jazzy/install/roarm_moveit_ikfast_plugins/share/roarm_moveit_ikfast_plugins/local_setup.zsh
[0.300s] -- Up-to-date symlink: /home/nameless/Desktop/RoARM_Jazzy_ws/src/roarm_ws_em0_jazzy/install/roarm_moveit_ikfast_plugins/share/roarm_moveit_ikfast_plugins/local_setup.dsv
[0.300s] -- Symlinking: /home/nameless/Desktop/RoARM_Jazzy_ws/src/roarm_ws_em0_jazzy/install/roarm_moveit_ikfast_plugins/share/roarm_moveit_ikfast_plugins/package.dsv
[0.312s] -- Up-to-date symlink: /home/nameless/Desktop/RoARM_Jazzy_ws/src/roarm_ws_em0_jazzy/install/roarm_moveit_ikfast_plugins/share/ament_index/resource_index/packages/roarm_moveit_ikfast_plugins
[0.312s] -- Up-to-date symlink: /home/nameless/Desktop/RoARM_Jazzy_ws/src/roarm_ws_em0_jazzy/install/roarm_moveit_ikfast_plugins/share/ament_index/resource_index/moveit_core__pluginlib__plugin/roarm_moveit_ikfast_plugins
[0.313s] -- Up-to-date symlink: /home/nameless/Desktop/RoARM_Jazzy_ws/src/roarm_ws_em0_jazzy/install/roarm_moveit_ikfast_plugins/share/roarm_moveit_ikfast_plugins/cmake/ament_cmake_export_targets-extras.cmake
[0.313s] -- Up-to-date symlink: /home/nameless/Desktop/RoARM_Jazzy_ws/src/roarm_ws_em0_jazzy/install/roarm_moveit_ikfast_plugins/share/roarm_moveit_ikfast_plugins/cmake/ament_cmake_export_dependencies-extras.cmake
[0.313s] -- Up-to-date symlink: /home/nameless/Desktop/RoARM_Jazzy_ws/src/roarm_ws_em0_jazzy/install/roarm_moveit_ikfast_plugins/share/roarm_moveit_ikfast_plugins/cmake/roarm_moveit_ikfast_pluginsConfig.cmake
[0.313s] -- Up-to-date symlink: /home/nameless/Desktop/RoARM_Jazzy_ws/src/roarm_ws_em0_jazzy/install/roarm_moveit_ikfast_plugins/share/roarm_moveit_ikfast_plugins/cmake/roarm_moveit_ikfast_pluginsConfig-version.cmake
[0.313s] -- Up-to-date symlink: /home/nameless/Desktop/RoARM_Jazzy_ws/src/roarm_ws_em0_jazzy/install/roarm_moveit_ikfast_plugins/share/roarm_moveit_ikfast_plugins/package.xml
[0.313s] -- Up-to-date: /home/nameless/Desktop/RoARM_Jazzy_ws/src/roarm_ws_em0_jazzy/install/roarm_moveit_ikfast_plugins/lib/libroarm_description_hand_moveit_ikfast_plugin.so
[0.313s] -- Up-to-date: /home/nameless/Desktop/RoARM_Jazzy_ws/src/roarm_ws_em0_jazzy/install/roarm_moveit_ikfast_plugins/share/roarm_moveit_ikfast_plugins/cmake/export_roarm_moveit_ikfast_pluginsExport.cmake
[0.313s] -- Up-to-date: /home/nameless/Desktop/RoARM_Jazzy_ws/src/roarm_ws_em0_jazzy/install/roarm_moveit_ikfast_plugins/share/roarm_moveit_ikfast_plugins/cmake/export_roarm_moveit_ikfast_pluginsExport-noconfig.cmake
[0.430s] Invoked command in '/home/nameless/Desktop/RoARM_Jazzy_ws/src/roarm_ws_em0_jazzy/build/roarm_moveit_ikfast_plugins' returned '0': CMAKE_PREFIX_PATH=${CMAKE_PREFIX_PATH}:/opt/ros/jazzy DEBUGINFOD_URLS=https://debuginfod.ubuntu.com /usr/bin/cmake --install /home/nameless/Desktop/RoARM_Jazzy_ws/src/roarm_ws_em0_jazzy/build/roarm_moveit_ikfast_plugins
