running develop
running egg_info
creating ros2web_app.egg-info
writing ros2web_app.egg-info/PKG-INFO
writing dependency_links to ros2web_app.egg-info/dependency_links.txt
writing entry points to ros2web_app.egg-info/entry_points.txt
writing requirements to ros2web_app.egg-info/requires.txt
writing top-level names to ros2web_app.egg-info/top_level.txt
writing manifest file 'ros2web_app.egg-info/SOURCES.txt'
reading manifest file 'ros2web_app.egg-info/SOURCES.txt'
writing manifest file 'ros2web_app.egg-info/SOURCES.txt'
running build_ext
Creating /home/nameless/Desktop/RoARM_Jazzy_ws/src/roarm_ws_em0_jazzy/install/ros2web_app/lib/python3.12/site-packages/ros2web-app.egg-link (link to .)

Installed /home/nameless/Desktop/RoARM_Jazzy_ws/src/roarm_ws_em0_jazzy/build/ros2web_app
running symlink_data
creating /home/nameless/Desktop/RoARM_Jazzy_ws/src/roarm_ws_em0_jazzy/install/ros2web_app/share/ament_index
creating /home/nameless/Desktop/RoARM_Jazzy_ws/src/roarm_ws_em0_jazzy/install/ros2web_app/share/ament_index/resource_index
creating /home/nameless/Desktop/RoARM_Jazzy_ws/src/roarm_ws_em0_jazzy/install/ros2web_app/share/ament_index/resource_index/packages
symbolically linking /home/nameless/Desktop/RoARM_Jazzy_ws/src/roarm_ws_em0_jazzy/build/ros2web_app/resource/ros2web_app -> /home/nameless/Desktop/RoARM_Jazzy_ws/src/roarm_ws_em0_jazzy/install/ros2web_app/share/ament_index/resource_index/packages
symbolically linking /home/nameless/Desktop/RoARM_Jazzy_ws/src/roarm_ws_em0_jazzy/build/ros2web_app/package.xml -> /home/nameless/Desktop/RoARM_Jazzy_ws/src/roarm_ws_em0_jazzy/install/ros2web_app/share/ros2web_app
