[0.522s] Invoking command in '/home/nameless/Desktop/RoARM_Jazzy_ws/src/roarm_ws_em0_jazzy/build/ros2web_app': AMENT_PREFIX_PATH=/home/nameless/Desktop/RoARM_Jazzy_ws/src/roarm_ws_em0_jazzy/install/ros2web:/home/nameless/Desktop/RoARM_Jazzy_ws/src/roarm_ws_em0_jazzy/install/ros2web_interfaces:${AMENT_PREFIX_PATH} CMAKE_PREFIX_PATH=/home/nameless/Desktop/RoARM_Jazzy_ws/src/roarm_ws_em0_jazzy/install/ros2web_interfaces:${CMAKE_PREFIX_PATH} DEBUGINFOD_URLS=https://debuginfod.ubuntu.com LD_LIBRARY_PATH=/home/nameless/Desktop/RoARM_Jazzy_ws/src/roarm_ws_em0_jazzy/install/ros2web_interfaces/lib:${LD_LIBRARY_PATH} PYTHONPATH=/home/nameless/Desktop/RoARM_Jazzy_ws/src/roarm_ws_em0_jazzy/build/ros2web_app/prefix_override:/usr/lib/python3/dist-packages/colcon_core/task/python/colcon_distutils_commands:/home/nameless/Desktop/RoARM_Jazzy_ws/src/roarm_ws_em0_jazzy/install/ros2web_app/lib/python3.12/site-packages:/home/nameless/Desktop/RoARM_Jazzy_ws/src/roarm_ws_em0_jazzy/build/ros2web:/home/nameless/Desktop/RoARM_Jazzy_ws/src/roarm_ws_em0_jazzy/install/ros2web/lib/python3.12/site-packages:/home/nameless/Desktop/RoARM_Jazzy_ws/src/roarm_ws_em0_jazzy/install/ros2web_interfaces/lib/python3.12/site-packages:${PYTHONPATH} /usr/bin/python3 -W ignore:setup.py install is deprecated -W ignore:easy_install command is deprecated setup.py develop --editable --build-directory /home/nameless/Desktop/RoARM_Jazzy_ws/src/roarm_ws_em0_jazzy/build/ros2web_app/build --no-deps symlink_data
[0.687s] running develop
[0.777s] running egg_info
[0.777s] creating ros2web_app.egg-info
[0.786s] writing ros2web_app.egg-info/PKG-INFO
[0.786s] writing dependency_links to ros2web_app.egg-info/dependency_links.txt
[0.786s] writing entry points to ros2web_app.egg-info/entry_points.txt
[0.786s] writing requirements to ros2web_app.egg-info/requires.txt
[0.786s] writing top-level names to ros2web_app.egg-info/top_level.txt
[0.786s] writing manifest file 'ros2web_app.egg-info/SOURCES.txt'
[0.805s] reading manifest file 'ros2web_app.egg-info/SOURCES.txt'
[0.805s] writing manifest file 'ros2web_app.egg-info/SOURCES.txt'
[0.814s] running build_ext
[0.814s] Creating /home/nameless/Desktop/RoARM_Jazzy_ws/src/roarm_ws_em0_jazzy/install/ros2web_app/lib/python3.12/site-packages/ros2web-app.egg-link (link to .)
[0.814s] 
[0.814s] Installed /home/nameless/Desktop/RoARM_Jazzy_ws/src/roarm_ws_em0_jazzy/build/ros2web_app
[0.815s] running symlink_data
[0.815s] creating /home/nameless/Desktop/RoARM_Jazzy_ws/src/roarm_ws_em0_jazzy/install/ros2web_app/share/ament_index
[0.815s] creating /home/nameless/Desktop/RoARM_Jazzy_ws/src/roarm_ws_em0_jazzy/install/ros2web_app/share/ament_index/resource_index
[0.815s] creating /home/nameless/Desktop/RoARM_Jazzy_ws/src/roarm_ws_em0_jazzy/install/ros2web_app/share/ament_index/resource_index/packages
[0.815s] symbolically linking /home/nameless/Desktop/RoARM_Jazzy_ws/src/roarm_ws_em0_jazzy/build/ros2web_app/resource/ros2web_app -> /home/nameless/Desktop/RoARM_Jazzy_ws/src/roarm_ws_em0_jazzy/install/ros2web_app/share/ament_index/resource_index/packages
[0.815s] symbolically linking /home/nameless/Desktop/RoARM_Jazzy_ws/src/roarm_ws_em0_jazzy/build/ros2web_app/package.xml -> /home/nameless/Desktop/RoARM_Jazzy_ws/src/roarm_ws_em0_jazzy/install/ros2web_app/share/ros2web_app
[0.832s] Invoked command in '/home/nameless/Desktop/RoARM_Jazzy_ws/src/roarm_ws_em0_jazzy/build/ros2web_app' returned '0': AMENT_PREFIX_PATH=/home/nameless/Desktop/RoARM_Jazzy_ws/src/roarm_ws_em0_jazzy/install/ros2web:/home/nameless/Desktop/RoARM_Jazzy_ws/src/roarm_ws_em0_jazzy/install/ros2web_interfaces:${AMENT_PREFIX_PATH} CMAKE_PREFIX_PATH=/home/nameless/Desktop/RoARM_Jazzy_ws/src/roarm_ws_em0_jazzy/install/ros2web_interfaces:${CMAKE_PREFIX_PATH} DEBUGINFOD_URLS=https://debuginfod.ubuntu.com LD_LIBRARY_PATH=/home/nameless/Desktop/RoARM_Jazzy_ws/src/roarm_ws_em0_jazzy/install/ros2web_interfaces/lib:${LD_LIBRARY_PATH} PYTHONPATH=/home/nameless/Desktop/RoARM_Jazzy_ws/src/roarm_ws_em0_jazzy/build/ros2web_app/prefix_override:/usr/lib/python3/dist-packages/colcon_core/task/python/colcon_distutils_commands:/home/nameless/Desktop/RoARM_Jazzy_ws/src/roarm_ws_em0_jazzy/install/ros2web_app/lib/python3.12/site-packages:/home/nameless/Desktop/RoARM_Jazzy_ws/src/roarm_ws_em0_jazzy/build/ros2web:/home/nameless/Desktop/RoARM_Jazzy_ws/src/roarm_ws_em0_jazzy/install/ros2web/lib/python3.12/site-packages:/home/nameless/Desktop/RoARM_Jazzy_ws/src/roarm_ws_em0_jazzy/install/ros2web_interfaces/lib/python3.12/site-packages:${PYTHONPATH} /usr/bin/python3 -W ignore:setup.py install is deprecated -W ignore:easy_install command is deprecated setup.py develop --editable --build-directory /home/nameless/Desktop/RoARM_Jazzy_ws/src/roarm_ws_em0_jazzy/build/ros2web_app/build --no-deps symlink_data
