[0.540s] Invoking command in '/home/nameless/Desktop/RoARM_Jazzy_ws/src/roarm_ws_em0_jazzy/build/roarm_driver': DEBUGINFOD_URLS=https://debuginfod.ubuntu.com PYTHONPATH=/home/nameless/Desktop/RoARM_Jazzy_ws/src/roarm_ws_em0_jazzy/build/roarm_driver/prefix_override:/usr/lib/python3/dist-packages/colcon_core/task/python/colcon_distutils_commands:/home/nameless/Desktop/RoARM_Jazzy_ws/src/roarm_ws_em0_jazzy/install/roarm_driver/lib/python3.12/site-packages:${PYTHONPATH} /usr/bin/python3 -W ignore:setup.py install is deprecated -W ignore:easy_install command is deprecated setup.py develop --editable --build-directory /home/nameless/Desktop/RoARM_Jazzy_ws/src/roarm_ws_em0_jazzy/build/roarm_driver/build --no-deps symlink_data
[0.696s] running develop
[0.782s] running egg_info
[0.782s] creating roarm_driver.egg-info
[0.790s] writing roarm_driver.egg-info/PKG-INFO
[0.790s] writing dependency_links to roarm_driver.egg-info/dependency_links.txt
[0.790s] writing entry points to roarm_driver.egg-info/entry_points.txt
[0.790s] writing requirements to roarm_driver.egg-info/requires.txt
[0.791s] writing top-level names to roarm_driver.egg-info/top_level.txt
[0.791s] writing manifest file 'roarm_driver.egg-info/SOURCES.txt'
[0.808s] reading manifest file 'roarm_driver.egg-info/SOURCES.txt'
[0.808s] writing manifest file 'roarm_driver.egg-info/SOURCES.txt'
[0.817s] running build_ext
[0.817s] Creating /home/nameless/Desktop/RoARM_Jazzy_ws/src/roarm_ws_em0_jazzy/install/roarm_driver/lib/python3.12/site-packages/roarm-driver.egg-link (link to .)
[0.818s] Installing roarm_driver script to /home/nameless/Desktop/RoARM_Jazzy_ws/src/roarm_ws_em0_jazzy/install/roarm_driver/lib/roarm_driver
[0.818s] 
[0.818s] Installed /home/nameless/Desktop/RoARM_Jazzy_ws/src/roarm_ws_em0_jazzy/build/roarm_driver
[0.818s] running symlink_data
[0.818s] creating /home/nameless/Desktop/RoARM_Jazzy_ws/src/roarm_ws_em0_jazzy/install/roarm_driver/share/ament_index
[0.818s] creating /home/nameless/Desktop/RoARM_Jazzy_ws/src/roarm_ws_em0_jazzy/install/roarm_driver/share/ament_index/resource_index
[0.818s] creating /home/nameless/Desktop/RoARM_Jazzy_ws/src/roarm_ws_em0_jazzy/install/roarm_driver/share/ament_index/resource_index/packages
[0.818s] symbolically linking /home/nameless/Desktop/RoARM_Jazzy_ws/src/roarm_ws_em0_jazzy/build/roarm_driver/resource/roarm_driver -> /home/nameless/Desktop/RoARM_Jazzy_ws/src/roarm_ws_em0_jazzy/install/roarm_driver/share/ament_index/resource_index/packages
[0.818s] symbolically linking /home/nameless/Desktop/RoARM_Jazzy_ws/src/roarm_ws_em0_jazzy/build/roarm_driver/package.xml -> /home/nameless/Desktop/RoARM_Jazzy_ws/src/roarm_ws_em0_jazzy/install/roarm_driver/share/roarm_driver
[0.834s] Invoked command in '/home/nameless/Desktop/RoARM_Jazzy_ws/src/roarm_ws_em0_jazzy/build/roarm_driver' returned '0': DEBUGINFOD_URLS=https://debuginfod.ubuntu.com PYTHONPATH=/home/nameless/Desktop/RoARM_Jazzy_ws/src/roarm_ws_em0_jazzy/build/roarm_driver/prefix_override:/usr/lib/python3/dist-packages/colcon_core/task/python/colcon_distutils_commands:/home/nameless/Desktop/RoARM_Jazzy_ws/src/roarm_ws_em0_jazzy/install/roarm_driver/lib/python3.12/site-packages:${PYTHONPATH} /usr/bin/python3 -W ignore:setup.py install is deprecated -W ignore:easy_install command is deprecated setup.py develop --editable --build-directory /home/nameless/Desktop/RoARM_Jazzy_ws/src/roarm_ws_em0_jazzy/build/roarm_driver/build --no-deps symlink_data
