[0.544s] Invoking command in '/home/nameless/Desktop/RoARM_Jazzy_ws/src/roarm_ws_em0_jazzy/build/launch_api': DEBUGINFOD_URLS=https://debuginfod.ubuntu.com PYTHONPATH=/home/nameless/Desktop/RoARM_Jazzy_ws/src/roarm_ws_em0_jazzy/build/launch_api/prefix_override:/usr/lib/python3/dist-packages/colcon_core/task/python/colcon_distutils_commands:/home/nameless/Desktop/RoARM_Jazzy_ws/src/roarm_ws_em0_jazzy/install/launch_api/lib/python3.12/site-packages:${PYTHONPATH} /usr/bin/python3 -W ignore:setup.py install is deprecated -W ignore:easy_install command is deprecated setup.py develop --editable --build-directory /home/nameless/Desktop/RoARM_Jazzy_ws/src/roarm_ws_em0_jazzy/build/launch_api/build --no-deps symlink_data
[0.702s] running develop
[0.789s] running egg_info
[0.789s] creating launch_api.egg-info
[0.798s] writing launch_api.egg-info/PKG-INFO
[0.798s] writing dependency_links to launch_api.egg-info/dependency_links.txt
[0.799s] writing requirements to launch_api.egg-info/requires.txt
[0.799s] writing top-level names to launch_api.egg-info/top_level.txt
[0.799s] writing manifest file 'launch_api.egg-info/SOURCES.txt'
[0.815s] reading manifest file 'launch_api.egg-info/SOURCES.txt'
[0.815s] writing manifest file 'launch_api.egg-info/SOURCES.txt'
[0.824s] running build_ext
[0.824s] Creating /home/nameless/Desktop/RoARM_Jazzy_ws/src/roarm_ws_em0_jazzy/install/launch_api/lib/python3.12/site-packages/launch-api.egg-link (link to .)
[0.825s] 
[0.825s] Installed /home/nameless/Desktop/RoARM_Jazzy_ws/src/roarm_ws_em0_jazzy/build/launch_api
[0.825s] running symlink_data
[0.825s] creating /home/nameless/Desktop/RoARM_Jazzy_ws/src/roarm_ws_em0_jazzy/install/launch_api/share/ament_index
[0.825s] creating /home/nameless/Desktop/RoARM_Jazzy_ws/src/roarm_ws_em0_jazzy/install/launch_api/share/ament_index/resource_index
[0.825s] creating /home/nameless/Desktop/RoARM_Jazzy_ws/src/roarm_ws_em0_jazzy/install/launch_api/share/ament_index/resource_index/packages
[0.825s] symbolically linking /home/nameless/Desktop/RoARM_Jazzy_ws/src/roarm_ws_em0_jazzy/build/launch_api/resource/launch_api -> /home/nameless/Desktop/RoARM_Jazzy_ws/src/roarm_ws_em0_jazzy/install/launch_api/share/ament_index/resource_index/packages
[0.825s] symbolically linking /home/nameless/Desktop/RoARM_Jazzy_ws/src/roarm_ws_em0_jazzy/build/launch_api/package.xml -> /home/nameless/Desktop/RoARM_Jazzy_ws/src/roarm_ws_em0_jazzy/install/launch_api/share/launch_api
[0.844s] Invoked command in '/home/nameless/Desktop/RoARM_Jazzy_ws/src/roarm_ws_em0_jazzy/build/launch_api' returned '0': DEBUGINFOD_URLS=https://debuginfod.ubuntu.com PYTHONPATH=/home/nameless/Desktop/RoARM_Jazzy_ws/src/roarm_ws_em0_jazzy/build/launch_api/prefix_override:/usr/lib/python3/dist-packages/colcon_core/task/python/colcon_distutils_commands:/home/nameless/Desktop/RoARM_Jazzy_ws/src/roarm_ws_em0_jazzy/install/launch_api/lib/python3.12/site-packages:${PYTHONPATH} /usr/bin/python3 -W ignore:setup.py install is deprecated -W ignore:easy_install command is deprecated setup.py develop --editable --build-directory /home/nameless/Desktop/RoARM_Jazzy_ws/src/roarm_ws_em0_jazzy/build/launch_api/build --no-deps symlink_data
