[0mroarm_moveit_cmd: You did not request a specific build type: Choosing 'Release' for maximum performance[0m
[01m[K/home/nameless/Desktop/RoARM_Jazzy_ws/src/roarm_ws_em0_jazzy/src/roarm_main/roarm_moveit_cmd/src/movepointcmd.cpp:6:10:[m[K [01;31m[Kfatal error: [m[Ktf2_geometry_msgs/tf2_geometry_msgs.h: No such file or directory
    6 | #include [01;31m[K<tf2_geometry_msgs/tf2_geometry_msgs.h>[m[K
      |          [01;31m[K^~~~~~~~~~~~~~~~~~~~~~~~~~~~~~~~~~~~~~~[m[K
compilation terminated.
gmake[2]: *** [CMakeFiles/movepointcmd.dir/build.make:76: CMakeFiles/movepointcmd.dir/src/movepointcmd.cpp.o] Error 1
gmake[1]: *** [CMakeFiles/Makefile2:227: CMakeFiles/movepointcmd.dir/all] Error 2
gmake[1]: *** Waiting for unfinished jobs....
[01m[K/home/nameless/Desktop/RoARM_Jazzy_ws/src/roarm_ws_em0_jazzy/src/roarm_main/roarm_moveit_cmd/src/movecirclecmd.cpp:10:10:[m[K [01;31m[Kfatal error: [m[Ktf2_geometry_msgs/tf2_geometry_msgs.h: No such file or directory
   10 | #include [01;31m[K<tf2_geometry_msgs/tf2_geometry_msgs.h>[m[K
      |          [01;31m[K^~~~~~~~~~~~~~~~~~~~~~~~~~~~~~~~~~~~~~~[m[K
compilation terminated.
gmake[2]: *** [CMakeFiles/movecirclecmd.dir/build.make:76: CMakeFiles/movecirclecmd.dir/src/movecirclecmd.cpp.o] Error 1
gmake[1]: *** [CMakeFiles/Makefile2:253: CMakeFiles/movecirclecmd.dir/all] Error 2
In file included from [01m[K/home/nameless/Desktop/RoARM_Jazzy_ws/src/roarm_ws_em0_jazzy/src/roarm_main/roarm_moveit_cmd/src/getposecmd_moveit2.cpp:5[m[K:
[01m[K/opt/ros/jazzy/include/moveit_ros_planning_interface/moveit/move_group_interface/move_group_interface.h:51:77:[m[K [01;36m[Knote: [m[K‘[01m[K#pragma message: .h header is obsolete. Please use the .hpp header instead.[m[K’
   51 | #pragma message(".h header is obsolete. Please use the .hpp header instead."[01;36m[K)[m[K
      |                                                                             [01;36m[K^[m[K
[01m[K/home/nameless/Desktop/RoARM_Jazzy_ws/src/roarm_ws_em0_jazzy/src/roarm_main/roarm_moveit_cmd/src/getposecmd_tf2.cpp:[m[K In function ‘[01m[Kvoid[01;32m[K handle_service[m[K(std::shared_ptr<roarm_moveit::srv::GetPoseCmd_Request_<std::allocator<void> > >, std::shared_ptr<roarm_moveit::srv::GetPoseCmd_Response_<std::allocator<void> > >, std::shared_ptr<RobotPosePublisher>)[m[K’:
[01m[K/home/nameless/Desktop/RoARM_Jazzy_ws/src/roarm_ws_em0_jazzy/src/roarm_main/roarm_moveit_cmd/src/getposecmd_tf2.cpp:59:83:[m[K [01;35m[Kwarning: [m[Kunused parameter ‘[01m[Krequest[m[K’ [[01;35m[K]8;;https://gcc.gnu.org/onlinedocs/gcc/Warning-Options.html#index-Wunused-parameter-Wunused-parameter]8;;[m[K]
   59 | void handle_service([01;35m[Kconst std::shared_ptr<roarm_moveit::srv::GetPoseCmd::Request> request[m[K,
      |                     [01;35m[K~~~~~~~~~~~~~~~~~~~~~~~~~~~~~~~~~~~~~~~~~~~~~~~~~~~~~~~~~~~~~~^~~~~~~[m[K
In file included from [01m[K/home/nameless/Desktop/RoARM_Jazzy_ws/src/roarm_ws_em0_jazzy/src/roarm_main/roarm_moveit_cmd/src/getposecmd_moveit2.cpp:6[m[K:
[01m[K/opt/ros/jazzy/include/moveit_ros_planning_interface/moveit/planning_scene_interface/planning_scene_interface.h:50:77:[m[K [01;36m[Knote: [m[K‘[01m[K#pragma message: .h header is obsolete. Please use the .hpp header instead.[m[K’
   50 | #pragma message(".h header is obsolete. Please use the .hpp header instead."[01;36m[K)[m[K
      |                                                                             [01;36m[K^[m[K
[01m[K/home/nameless/Desktop/RoARM_Jazzy_ws/src/roarm_ws_em0_jazzy/src/roarm_main/roarm_moveit_cmd/src/getposecmd_moveit2.cpp:[m[K In function ‘[01m[Kvoid[01;32m[K handle_service[m[K(std::shared_ptr<roarm_moveit::srv::GetPoseCmd_Request_<std::allocator<void> > >, std::shared_ptr<roarm_moveit::srv::GetPoseCmd_Response_<std::allocator<void> > >)[m[K’:
[01m[K/home/nameless/Desktop/RoARM_Jazzy_ws/src/roarm_ws_em0_jazzy/src/roarm_main/roarm_moveit_cmd/src/getposecmd_moveit2.cpp:14:83:[m[K [01;35m[Kwarning: [m[Kunused parameter ‘[01m[Krequest[m[K’ [[01;35m[K]8;;https://gcc.gnu.org/onlinedocs/gcc/Warning-Options.html#index-Wunused-parameter-Wunused-parameter]8;;[m[K]
   14 | void handle_service([01;35m[Kconst std::shared_ptr<roarm_moveit::srv::GetPoseCmd::Request> request[m[K,
      |                     [01;35m[K~~~~~~~~~~~~~~~~~~~~~~~~~~~~~~~~~~~~~~~~~~~~~~~~~~~~~~~~~~~~~~^~~~~~~[m[K
gmake: *** [Makefile:146: all] Error 2
