running develop
running egg_info
creating ros2web_example_py.egg-info
writing ros2web_example_py.egg-info/PKG-INFO
writing dependency_links to ros2web_example_py.egg-info/dependency_links.txt
writing entry points to ros2web_example_py.egg-info/entry_points.txt
writing requirements to ros2web_example_py.egg-info/requires.txt
writing top-level names to ros2web_example_py.egg-info/top_level.txt
writing manifest file 'ros2web_example_py.egg-info/SOURCES.txt'
reading manifest file 'ros2web_example_py.egg-info/SOURCES.txt'
writing manifest file 'ros2web_example_py.egg-info/SOURCES.txt'
running build_ext
Creating /home/nameless/Desktop/RoARM_Jazzy_ws/src/roarm_ws_em0_jazzy/install/ros2web_example_py/lib/python3.12/site-packages/ros2web-example-py.egg-link (link to .)
Installing api script to /home/nameless/Desktop/RoARM_Jazzy_ws/src/roarm_ws_em0_jazzy/install/ros2web_example_py/lib/ros2web_example_py
Installing form script to /home/nameless/Desktop/RoARM_Jazzy_ws/src/roarm_ws_em0_jazzy/install/ros2web_example_py/lib/ros2web_example_py

Installed /home/nameless/Desktop/RoARM_Jazzy_ws/src/roarm_ws_em0_jazzy/build/ros2web_example_py
running symlink_data
creating /home/nameless/Desktop/RoARM_Jazzy_ws/src/roarm_ws_em0_jazzy/install/ros2web_example_py/share/ament_index
creating /home/nameless/Desktop/RoARM_Jazzy_ws/src/roarm_ws_em0_jazzy/install/ros2web_example_py/share/ament_index/resource_index
creating /home/nameless/Desktop/RoARM_Jazzy_ws/src/roarm_ws_em0_jazzy/install/ros2web_example_py/share/ament_index/resource_index/packages
symbolically linking /home/nameless/Desktop/RoARM_Jazzy_ws/src/roarm_ws_em0_jazzy/build/ros2web_example_py/resource/ros2web_example_py -> /home/nameless/Desktop/RoARM_Jazzy_ws/src/roarm_ws_em0_jazzy/install/ros2web_example_py/share/ament_index/resource_index/packages
symbolically linking /home/nameless/Desktop/RoARM_Jazzy_ws/src/roarm_ws_em0_jazzy/build/ros2web_example_py/package.xml -> /home/nameless/Desktop/RoARM_Jazzy_ws/src/roarm_ws_em0_jazzy/install/ros2web_example_py/share/ros2web_example_py
